<?xml version="1.0"?>
<link_info>
   <banner>TI ARM Linker PC v5.1.6</banner>
   <copyright>Copyright (c) 1996-2014 Texas Instruments Incorporated</copyright>
   <link_time>0x55e43f38</link_time>
   <link_errors>0x0</link_errors>
   <output_file>scan_and_send.out</output_file>
   <entry_point>
      <name>_c_int00</name>
      <address>0x2000a725</address>
   </entry_point>
   <input_file_list>
      <input_file id="fl-2">
         <path>.\</path>
         <kind>object</kind>
         <file>Scan.obj</file>
         <name>Scan.obj</name>
      </input_file>
      <input_file id="fl-3">
         <path>.\</path>
         <kind>object</kind>
         <file>deepsleep.obj</file>
         <name>deepsleep.obj</name>
      </input_file>
      <input_file id="fl-4">
         <path>.\</path>
         <kind>object</kind>
         <file>gpio_if.obj</file>
         <name>gpio_if.obj</name>
      </input_file>
      <input_file id="fl-5">
         <path>.\</path>
         <kind>object</kind>
         <file>main.obj</file>
         <name>main.obj</name>
      </input_file>
      <input_file id="fl-6">
         <path>.\</path>
         <kind>object</kind>
         <file>pinmux.obj</file>
         <name>pinmux.obj</name>
      </input_file>
      <input_file id="fl-7">
         <path>.\</path>
         <kind>object</kind>
         <file>socket_creat.obj</file>
         <name>socket_creat.obj</name>
      </input_file>
      <input_file id="fl-8">
         <path>.\</path>
         <kind>object</kind>
         <file>socket_send.obj</file>
         <name>socket_send.obj</name>
      </input_file>
      <input_file id="fl-9">
         <path>.\</path>
         <kind>object</kind>
         <file>startup_ccs.obj</file>
         <name>startup_ccs.obj</name>
      </input_file>
      <input_file id="fl-a">
         <path>.\</path>
         <kind>object</kind>
         <file>timer_if.obj</file>
         <name>timer_if.obj</name>
      </input_file>
      <input_file id="fl-b">
         <path>.\</path>
         <kind>object</kind>
         <file>uart_if.obj</file>
         <name>uart_if.obj</name>
      </input_file>
      <input_file id="fl-c">
         <path>.\</path>
         <kind>object</kind>
         <file>udma_if.obj</file>
         <name>udma_if.obj</name>
      </input_file>
      <input_file id="fl-13b">
         <path>D:\ti\CCS6\ccsv6\tools\compiler\arm_5.1.6\lib\</path>
         <kind>archive</kind>
         <file>rtsv7M4_T_le_eabi.lib</file>
         <name>boot.obj</name>
      </input_file>
      <input_file id="fl-13c">
         <path>D:\ti\CCS6\ccsv6\tools\compiler\arm_5.1.6\lib\</path>
         <kind>archive</kind>
         <file>rtsv7M4_T_le_eabi.lib</file>
         <name>copy_decompress_none.obj</name>
      </input_file>
      <input_file id="fl-13d">
         <path>D:\ti\CCS6\ccsv6\tools\compiler\arm_5.1.6\lib\</path>
         <kind>archive</kind>
         <file>rtsv7M4_T_le_eabi.lib</file>
         <name>copy_decompress_rle.obj</name>
      </input_file>
      <input_file id="fl-13e">
         <path>D:\ti\CCS6\ccsv6\tools\compiler\arm_5.1.6\lib\</path>
         <kind>archive</kind>
         <file>rtsv7M4_T_le_eabi.lib</file>
         <name>copy_zero_init.obj</name>
      </input_file>
      <input_file id="fl-13f">
         <path>D:\ti\CCS6\ccsv6\tools\compiler\arm_5.1.6\lib\</path>
         <kind>archive</kind>
         <file>rtsv7M4_T_le_eabi.lib</file>
         <name>exit.obj</name>
      </input_file>
      <input_file id="fl-140">
         <path>D:\ti\CCS6\ccsv6\tools\compiler\arm_5.1.6\lib\</path>
         <kind>archive</kind>
         <file>rtsv7M4_T_le_eabi.lib</file>
         <name>memcpy_t2.obj</name>
      </input_file>
      <input_file id="fl-141">
         <path>D:\ti\CCS6\ccsv6\tools\compiler\arm_5.1.6\lib\</path>
         <kind>archive</kind>
         <file>rtsv7M4_T_le_eabi.lib</file>
         <name>memmov.obj</name>
      </input_file>
      <input_file id="fl-142">
         <path>D:\ti\CCS6\ccsv6\tools\compiler\arm_5.1.6\lib\</path>
         <kind>archive</kind>
         <file>rtsv7M4_T_le_eabi.lib</file>
         <name>memory.obj</name>
      </input_file>
      <input_file id="fl-143">
         <path>D:\ti\CCS6\ccsv6\tools\compiler\arm_5.1.6\lib\</path>
         <kind>archive</kind>
         <file>rtsv7M4_T_le_eabi.lib</file>
         <name>memset_t2.obj</name>
      </input_file>
      <input_file id="fl-144">
         <path>D:\ti\CCS6\ccsv6\tools\compiler\arm_5.1.6\lib\</path>
         <kind>archive</kind>
         <file>rtsv7M4_T_le_eabi.lib</file>
         <name>sprintf.obj</name>
      </input_file>
      <input_file id="fl-145">
         <path>D:\ti\CCS6\ccsv6\tools\compiler\arm_5.1.6\lib\</path>
         <kind>archive</kind>
         <file>rtsv7M4_T_le_eabi.lib</file>
         <name>stkdepth_vars.obj</name>
      </input_file>
      <input_file id="fl-146">
         <path>D:\ti\CCS6\ccsv6\tools\compiler\arm_5.1.6\lib\</path>
         <kind>archive</kind>
         <file>rtsv7M4_T_le_eabi.lib</file>
         <name>strcat.obj</name>
      </input_file>
      <input_file id="fl-147">
         <path>D:\ti\CCS6\ccsv6\tools\compiler\arm_5.1.6\lib\</path>
         <kind>archive</kind>
         <file>rtsv7M4_T_le_eabi.lib</file>
         <name>strlen.obj</name>
      </input_file>
      <input_file id="fl-148">
         <path>D:\ti\CCS6\ccsv6\tools\compiler\arm_5.1.6\lib\</path>
         <kind>archive</kind>
         <file>rtsv7M4_T_le_eabi.lib</file>
         <name>vsnprintf.obj</name>
      </input_file>
      <input_file id="fl-149">
         <path>D:\ti\CCS6\ccsv6\tools\compiler\arm_5.1.6\lib\</path>
         <kind>archive</kind>
         <file>rtsv7M4_T_le_eabi.lib</file>
         <name>_lock.obj</name>
      </input_file>
      <input_file id="fl-14a">
         <path>D:\ti\CCS6\ccsv6\tools\compiler\arm_5.1.6\lib\</path>
         <kind>archive</kind>
         <file>rtsv7M4_T_le_eabi.lib</file>
         <name>_printfi.obj</name>
      </input_file>
      <input_file id="fl-14b">
         <path>D:\ti\CCS6\ccsv6\tools\compiler\arm_5.1.6\lib\</path>
         <kind>archive</kind>
         <file>rtsv7M4_T_le_eabi.lib</file>
         <name>args_main.obj</name>
      </input_file>
      <input_file id="fl-14c">
         <path>D:\ti\CCS6\ccsv6\tools\compiler\arm_5.1.6\lib\</path>
         <kind>archive</kind>
         <file>rtsv7M4_T_le_eabi.lib</file>
         <name>atoi.obj</name>
      </input_file>
      <input_file id="fl-14d">
         <path>D:\ti\CCS6\ccsv6\tools\compiler\arm_5.1.6\lib\</path>
         <kind>archive</kind>
         <file>rtsv7M4_T_le_eabi.lib</file>
         <name>auto_init.obj</name>
      </input_file>
      <input_file id="fl-14e">
         <path>D:\ti\CCS6\ccsv6\tools\compiler\arm_5.1.6\lib\</path>
         <kind>archive</kind>
         <file>rtsv7M4_T_le_eabi.lib</file>
         <name>cpy_tbl.obj</name>
      </input_file>
      <input_file id="fl-14f">
         <path>D:\ti\CCS6\ccsv6\tools\compiler\arm_5.1.6\lib\</path>
         <kind>archive</kind>
         <file>rtsv7M4_T_le_eabi.lib</file>
         <name>ctype.obj</name>
      </input_file>
      <input_file id="fl-150">
         <path>D:\ti\CCS6\ccsv6\tools\compiler\arm_5.1.6\lib\</path>
         <kind>archive</kind>
         <file>rtsv7M4_T_le_eabi.lib</file>
         <name>fd_add_t2.obj</name>
      </input_file>
      <input_file id="fl-151">
         <path>D:\ti\CCS6\ccsv6\tools\compiler\arm_5.1.6\lib\</path>
         <kind>archive</kind>
         <file>rtsv7M4_T_le_eabi.lib</file>
         <name>fd_cmp_t2.obj</name>
      </input_file>
      <input_file id="fl-152">
         <path>D:\ti\CCS6\ccsv6\tools\compiler\arm_5.1.6\lib\</path>
         <kind>archive</kind>
         <file>rtsv7M4_T_le_eabi.lib</file>
         <name>fd_div_t2.obj</name>
      </input_file>
      <input_file id="fl-153">
         <path>D:\ti\CCS6\ccsv6\tools\compiler\arm_5.1.6\lib\</path>
         <kind>archive</kind>
         <file>rtsv7M4_T_le_eabi.lib</file>
         <name>fd_mul_t2.obj</name>
      </input_file>
      <input_file id="fl-154">
         <path>D:\ti\CCS6\ccsv6\tools\compiler\arm_5.1.6\lib\</path>
         <kind>archive</kind>
         <file>rtsv7M4_T_le_eabi.lib</file>
         <name>fd_toi_t2.obj</name>
      </input_file>
      <input_file id="fl-155">
         <path>D:\ti\CCS6\ccsv6\tools\compiler\arm_5.1.6\lib\</path>
         <kind>archive</kind>
         <file>rtsv7M4_T_le_eabi.lib</file>
         <name>i_tofd_t2.obj</name>
      </input_file>
      <input_file id="fl-156">
         <path>D:\ti\CCS6\ccsv6\tools\compiler\arm_5.1.6\lib\</path>
         <kind>archive</kind>
         <file>rtsv7M4_T_le_eabi.lib</file>
         <name>ll_mul_t2.obj</name>
      </input_file>
      <input_file id="fl-157">
         <path>D:\ti\CCS6\ccsv6\tools\compiler\arm_5.1.6\lib\</path>
         <kind>archive</kind>
         <file>rtsv7M4_T_le_eabi.lib</file>
         <name>ltoa.obj</name>
      </input_file>
      <input_file id="fl-158">
         <path>D:\ti\CCS6\ccsv6\tools\compiler\arm_5.1.6\lib\</path>
         <kind>archive</kind>
         <file>rtsv7M4_T_le_eabi.lib</file>
         <name>memccpy.obj</name>
      </input_file>
      <input_file id="fl-159">
         <path>D:\ti\CCS6\ccsv6\tools\compiler\arm_5.1.6\lib\</path>
         <kind>archive</kind>
         <file>rtsv7M4_T_le_eabi.lib</file>
         <name>ull_div_t2.obj</name>
      </input_file>
      <input_file id="fl-15a">
         <path>D:\ti\CCS6\ccsv6\tools\compiler\arm_5.1.6\lib\</path>
         <kind>archive</kind>
         <file>rtsv7M4_T_le_eabi.lib</file>
         <name>xdclass.obj</name>
      </input_file>
      <input_file id="fl-15b">
         <path>D:\ti\CCS6\ccsv6\tools\compiler\arm_5.1.6\lib\</path>
         <kind>archive</kind>
         <file>rtsv7M4_T_le_eabi.lib</file>
         <name>xdtest.obj</name>
      </input_file>
      <input_file id="fl-15c">
         <path>D:\ti\CC3200SDK_1.0.0\cc3200-sdk\example\tcp_socket\ccs\\..\..\..\simplelink\ccs\NON_OS\</path>
         <kind>archive</kind>
         <file>simplelink.a</file>
         <name>device.obj</name>
      </input_file>
      <input_file id="fl-15d">
         <path>D:\ti\CC3200SDK_1.0.0\cc3200-sdk\example\tcp_socket\ccs\\..\..\..\simplelink\ccs\NON_OS\</path>
         <kind>archive</kind>
         <file>simplelink.a</file>
         <name>driver.obj</name>
      </input_file>
      <input_file id="fl-15e">
         <path>D:\ti\CC3200SDK_1.0.0\cc3200-sdk\example\tcp_socket\ccs\\..\..\..\simplelink\ccs\NON_OS\</path>
         <kind>archive</kind>
         <file>simplelink.a</file>
         <name>flowcont.obj</name>
      </input_file>
      <input_file id="fl-15f">
         <path>D:\ti\CC3200SDK_1.0.0\cc3200-sdk\example\tcp_socket\ccs\\..\..\..\simplelink\ccs\NON_OS\</path>
         <kind>archive</kind>
         <file>simplelink.a</file>
         <name>netapp.obj</name>
      </input_file>
      <input_file id="fl-160">
         <path>D:\ti\CC3200SDK_1.0.0\cc3200-sdk\example\tcp_socket\ccs\\..\..\..\simplelink\ccs\NON_OS\</path>
         <kind>archive</kind>
         <file>simplelink.a</file>
         <name>netcfg.obj</name>
      </input_file>
      <input_file id="fl-161">
         <path>D:\ti\CC3200SDK_1.0.0\cc3200-sdk\example\tcp_socket\ccs\\..\..\..\simplelink\ccs\NON_OS\</path>
         <kind>archive</kind>
         <file>simplelink.a</file>
         <name>nonos.obj</name>
      </input_file>
      <input_file id="fl-162">
         <path>D:\ti\CC3200SDK_1.0.0\cc3200-sdk\example\tcp_socket\ccs\\..\..\..\simplelink\ccs\NON_OS\</path>
         <kind>archive</kind>
         <file>simplelink.a</file>
         <name>socket.obj</name>
      </input_file>
      <input_file id="fl-163">
         <path>D:\ti\CC3200SDK_1.0.0\cc3200-sdk\example\tcp_socket\ccs\\..\..\..\simplelink\ccs\NON_OS\</path>
         <kind>archive</kind>
         <file>simplelink.a</file>
         <name>wlan.obj</name>
      </input_file>
      <input_file id="fl-164">
         <path>D:\ti\CC3200SDK_1.0.0\cc3200-sdk\example\tcp_socket\ccs\\..\..\..\simplelink\ccs\NON_OS\</path>
         <kind>archive</kind>
         <file>simplelink.a</file>
         <name>cc_pal.obj</name>
      </input_file>
      <input_file id="fl-165">
         <path>D:\ti\CC3200SDK_1.0.0\cc3200-sdk\example\tcp_socket\ccs\\..\..\..\driverlib\ccs\Release\</path>
         <kind>archive</kind>
         <file>driverlib.a</file>
         <name>gpio.obj</name>
      </input_file>
      <input_file id="fl-166">
         <path>D:\ti\CC3200SDK_1.0.0\cc3200-sdk\example\tcp_socket\ccs\\..\..\..\driverlib\ccs\Release\</path>
         <kind>archive</kind>
         <file>driverlib.a</file>
         <name>interrupt.obj</name>
      </input_file>
      <input_file id="fl-167">
         <path>D:\ti\CC3200SDK_1.0.0\cc3200-sdk\example\tcp_socket\ccs\\..\..\..\driverlib\ccs\Release\</path>
         <kind>archive</kind>
         <file>driverlib.a</file>
         <name>pin.obj</name>
      </input_file>
      <input_file id="fl-168">
         <path>D:\ti\CC3200SDK_1.0.0\cc3200-sdk\example\tcp_socket\ccs\\..\..\..\driverlib\ccs\Release\</path>
         <kind>archive</kind>
         <file>driverlib.a</file>
         <name>prcm.obj</name>
      </input_file>
      <input_file id="fl-169">
         <path>D:\ti\CC3200SDK_1.0.0\cc3200-sdk\example\tcp_socket\ccs\\..\..\..\driverlib\ccs\Release\</path>
         <kind>archive</kind>
         <file>driverlib.a</file>
         <name>spi.obj</name>
      </input_file>
      <input_file id="fl-16a">
         <path>D:\ti\CC3200SDK_1.0.0\cc3200-sdk\example\tcp_socket\ccs\\..\..\..\driverlib\ccs\Release\</path>
         <kind>archive</kind>
         <file>driverlib.a</file>
         <name>timer.obj</name>
      </input_file>
      <input_file id="fl-16b">
         <path>D:\ti\CC3200SDK_1.0.0\cc3200-sdk\example\tcp_socket\ccs\\..\..\..\driverlib\ccs\Release\</path>
         <kind>archive</kind>
         <file>driverlib.a</file>
         <name>uart.obj</name>
      </input_file>
      <input_file id="fl-16c">
         <path>D:\ti\CC3200SDK_1.0.0\cc3200-sdk\example\tcp_socket\ccs\\..\..\..\driverlib\ccs\Release\</path>
         <kind>archive</kind>
         <file>driverlib.a</file>
         <name>udma.obj</name>
      </input_file>
      <input_file id="fl-16d">
         <path>D:\ti\CC3200SDK_1.0.0\cc3200-sdk\example\tcp_socket\ccs\\..\..\..\driverlib\ccs\Release\</path>
         <kind>archive</kind>
         <file>driverlib.a</file>
         <name>utils.obj</name>
      </input_file>
      <input_file id="fl-16e">
         <path>D:\ti\CC3200SDK_1.0.0\cc3200-sdk\example\tcp_socket\ccs\\..\..\..\driverlib\ccs\Release\</path>
         <kind>archive</kind>
         <file>driverlib.a</file>
         <name>cpu.obj</name>
      </input_file>
      <input_file id="fl-16f">
         <path>D:\ti\CC3200SDK_1.0.0\cc3200-sdk\example\tcp_socket\ccs\\..\..\..\driverlib\ccs\Release\</path>
         <kind>archive</kind>
         <file>driverlib.a</file>
         <name>flash.obj</name>
      </input_file>
      <input_file id="fl-170">
         <path>D:\ti\CCS6\ccsv6\tools\compiler\arm_5.1.6\lib\</path>
         <kind>archive</kind>
         <file>rtsv7M4_T_le_eabi.lib</file>
         <name>ll_lsr_t2.obj</name>
      </input_file>
   </input_file_list>
   <object_component_list>
      <object_component id="oc-e">
         <name>.intvecs</name>
         <load_address>0x20004000</load_address>
         <run_address>0x20004000</run_address>
         <size>0x400</size>
         <input_file_ref idref="fl-9"/>
      </object_component>
      <object_component id="oc-3b5">
         <name>.text</name>
         <load_address>0x20004400</load_address>
         <run_address>0x20004400</run_address>
         <size>0xec0</size>
         <input_file_ref idref="fl-14a"/>
      </object_component>
      <object_component id="oc-7d">
         <name>.text</name>
         <load_address>0x200052c0</load_address>
         <run_address>0x200052c0</run_address>
         <size>0xc10</size>
         <input_file_ref idref="fl-5"/>
      </object_component>
      <object_component id="oc-1c0">
         <name>.text</name>
         <load_address>0x20005ed0</load_address>
         <run_address>0x20005ed0</run_address>
         <size>0x3cc</size>
         <input_file_ref idref="fl-142"/>
      </object_component>
      <object_component id="oc-60a">
         <name>.text:_SlDrvMsgRead</name>
         <load_address>0x2000629c</load_address>
         <run_address>0x2000629c</run_address>
         <size>0x3b4</size>
         <input_file_ref idref="fl-15d"/>
      </object_component>
      <object_component id="oc-610">
         <name>.text:_SlAsyncEventGenericHandler</name>
         <load_address>0x20006650</load_address>
         <run_address>0x20006650</run_address>
         <size>0x34c</size>
         <input_file_ref idref="fl-15d"/>
      </object_component>
      <object_component id="oc-b0">
         <name>.text</name>
         <load_address>0x2000699c</load_address>
         <run_address>0x2000699c</run_address>
         <size>0x26c</size>
         <input_file_ref idref="fl-b"/>
      </object_component>
      <object_component id="oc-15b">
         <name>.text</name>
         <load_address>0x20006c08</load_address>
         <run_address>0x20006c08</run_address>
         <size>0x260</size>
         <input_file_ref idref="fl-8"/>
      </object_component>
      <object_component id="oc-13d">
         <name>.text</name>
         <load_address>0x20006e68</load_address>
         <run_address>0x20006e68</run_address>
         <size>0x200</size>
         <input_file_ref idref="fl-c"/>
      </object_component>
      <object_component id="oc-580">
         <name>.text</name>
         <load_address>0x20007068</load_address>
         <run_address>0x20007068</run_address>
         <size>0x1f4</size>
         <input_file_ref idref="fl-159"/>
      </object_component>
      <object_component id="oc-5ae">
         <name>.text</name>
         <load_address>0x2000725c</load_address>
         <run_address>0x2000725c</run_address>
         <size>0x1b6</size>
         <input_file_ref idref="fl-150"/>
      </object_component>
      <object_component id="oc-5ff">
         <name>.text:IntDefaultHandler</name>
         <load_address>0x20007412</load_address>
         <run_address>0x20007412</run_address>
         <size>0x2</size>
         <input_file_ref idref="fl-166"/>
      </object_component>
      <object_component id="oc-11f">
         <name>.text:sl_WlanConnect</name>
         <load_address>0x20007414</load_address>
         <run_address>0x20007414</run_address>
         <size>0x19c</size>
         <input_file_ref idref="fl-163"/>
      </object_component>
      <object_component id="oc-523">
         <name>.text:_SlDrvDataWriteOp</name>
         <load_address>0x200075b0</load_address>
         <run_address>0x200075b0</run_address>
         <size>0x140</size>
         <input_file_ref idref="fl-15d"/>
      </object_component>
      <object_component id="oc-6a8">
         <name>.text:_SlDrvRxHdrRead</name>
         <load_address>0x200076f0</load_address>
         <run_address>0x200076f0</run_address>
         <size>0x140</size>
         <input_file_ref idref="fl-15d"/>
      </object_component>
      <object_component id="oc-594">
         <name>.text</name>
         <load_address>0x20007830</load_address>
         <run_address>0x20007830</run_address>
         <size>0x136</size>
         <input_file_ref idref="fl-152"/>
      </object_component>
      <object_component id="oc-137">
         <name>.text:PRCMCC3200MCUInit</name>
         <load_address>0x20007968</load_address>
         <run_address>0x20007968</run_address>
         <size>0x134</size>
         <input_file_ref idref="fl-168"/>
      </object_component>
      <object_component id="oc-205">
         <name>.text:spi_Open</name>
         <load_address>0x20007a9c</load_address>
         <run_address>0x20007a9c</run_address>
         <size>0x128</size>
         <input_file_ref idref="fl-164"/>
      </object_component>
      <object_component id="oc-155">
         <name>.text</name>
         <load_address>0x20007bc4</load_address>
         <run_address>0x20007bc4</run_address>
         <size>0x120</size>
         <input_file_ref idref="fl-2"/>
      </object_component>
      <object_component id="oc-20b">
         <name>.text:_SlDrvWaitForPoolObj</name>
         <load_address>0x20007ce4</load_address>
         <run_address>0x20007ce4</run_address>
         <size>0x118</size>
         <input_file_ref idref="fl-15d"/>
      </object_component>
      <object_component id="oc-486">
         <name>.text:_SlDrvMsgWrite</name>
         <load_address>0x20007dfc</load_address>
         <run_address>0x20007dfc</run_address>
         <size>0x114</size>
         <input_file_ref idref="fl-15d"/>
      </object_component>
      <object_component id="oc-22f">
         <name>.text:_SlDrvReleasePoolObj</name>
         <load_address>0x20007f10</load_address>
         <run_address>0x20007f10</run_address>
         <size>0x10c</size>
         <input_file_ref idref="fl-15d"/>
      </object_component>
      <object_component id="oc-162">
         <name>.text</name>
         <load_address>0x2000801c</load_address>
         <run_address>0x2000801c</run_address>
         <size>0x10c</size>
         <input_file_ref idref="fl-3"/>
      </object_component>
      <object_component id="oc-58f">
         <name>.text</name>
         <load_address>0x20008128</load_address>
         <run_address>0x20008128</run_address>
         <size>0xfc</size>
         <input_file_ref idref="fl-153"/>
      </object_component>
      <object_component id="oc-38b">
         <name>.text</name>
         <load_address>0x20008224</load_address>
         <run_address>0x20008224</run_address>
         <size>0xfa</size>
         <input_file_ref idref="fl-a"/>
      </object_component>
      <object_component id="oc-30a">
         <name>.text:uDMAChannelTransferSet</name>
         <load_address>0x20008320</load_address>
         <run_address>0x20008320</run_address>
         <size>0xf0</size>
         <input_file_ref idref="fl-16c"/>
      </object_component>
      <object_component id="oc-368">
         <name>.text:sl_Connect</name>
         <load_address>0x20008410</load_address>
         <run_address>0x20008410</run_address>
         <size>0xec</size>
         <input_file_ref idref="fl-162"/>
      </object_component>
      <object_component id="oc-617">
         <name>.text:spi_Write</name>
         <load_address>0x200084fc</load_address>
         <run_address>0x200084fc</run_address>
         <size>0xec</size>
         <input_file_ref idref="fl-164"/>
      </object_component>
      <object_component id="oc-dc">
         <name>.text:sl_Stop</name>
         <load_address>0x200085e8</load_address>
         <run_address>0x200085e8</run_address>
         <size>0xcc</size>
         <input_file_ref idref="fl-15c"/>
      </object_component>
      <object_component id="oc-6b4">
         <name>.text:spi_Read</name>
         <load_address>0x200086b4</load_address>
         <run_address>0x200086b4</run_address>
         <size>0xcc</size>
         <input_file_ref idref="fl-164"/>
      </object_component>
      <object_component id="oc-ca">
         <name>.text:sl_Start</name>
         <load_address>0x20008780</load_address>
         <run_address>0x20008780</run_address>
         <size>0xc8</size>
         <input_file_ref idref="fl-15c"/>
      </object_component>
      <object_component id="oc-48c">
         <name>.text:_SlDrvMsgReadCmdCtx</name>
         <load_address>0x20008848</load_address>
         <run_address>0x20008848</run_address>
         <size>0xbc</size>
         <input_file_ref idref="fl-15d"/>
      </object_component>
      <object_component id="oc-701">
         <name>.text:_SlDrvNetAppEventHandler</name>
         <load_address>0x20008904</load_address>
         <run_address>0x20008904</run_address>
         <size>0xb2</size>
         <input_file_ref idref="fl-15f"/>
      </object_component>
      <object_component id="oc-37a">
         <name>.text:sl_Send</name>
         <load_address>0x200089b8</load_address>
         <run_address>0x200089b8</run_address>
         <size>0xb0</size>
         <input_file_ref idref="fl-162"/>
      </object_component>
      <object_component id="oc-440">
         <name>.text:IntDisable</name>
         <load_address>0x20008a68</load_address>
         <run_address>0x20008a68</run_address>
         <size>0xa8</size>
         <input_file_ref idref="fl-166"/>
      </object_component>
      <object_component id="oc-131">
         <name>.text:IntEnable</name>
         <load_address>0x20008b10</load_address>
         <run_address>0x20008b10</run_address>
         <size>0xa8</size>
         <input_file_ref idref="fl-166"/>
      </object_component>
      <object_component id="oc-3f1">
         <name>.text:SPIConfigSetExpClk</name>
         <load_address>0x20008bb8</load_address>
         <run_address>0x20008bb8</run_address>
         <size>0xa0</size>
         <input_file_ref idref="fl-169"/>
      </object_component>
      <object_component id="oc-4a">
         <name>.text</name>
         <load_address>0x20008c58</load_address>
         <run_address>0x20008c58</run_address>
         <size>0x9c</size>
         <input_file_ref idref="fl-140"/>
      </object_component>
      <object_component id="oc-6ba">
         <name>.text:_SlFindAndSetActiveObj</name>
         <load_address>0x20008cf4</load_address>
         <run_address>0x20008cf4</run_address>
         <size>0x98</size>
         <input_file_ref idref="fl-15d"/>
      </object_component>
      <object_component id="oc-19c">
         <name>.text:PRCMPeripheralClockGet</name>
         <load_address>0x20008d8c</load_address>
         <run_address>0x20008d8c</run_address>
         <size>0x94</size>
         <input_file_ref idref="fl-168"/>
      </object_component>
      <object_component id="oc-6ae">
         <name>.text:_SlDrvClassifyRxMsg</name>
         <load_address>0x20008e20</load_address>
         <run_address>0x20008e20</run_address>
         <size>0x94</size>
         <input_file_ref idref="fl-15d"/>
      </object_component>
      <object_component id="oc-46f">
         <name>.text:_SlDrvMsgReadSpawnCtx</name>
         <load_address>0x20008eb4</load_address>
         <run_address>0x20008eb4</run_address>
         <size>0x94</size>
         <input_file_ref idref="fl-15d"/>
      </object_component>
      <object_component id="oc-35">
         <name>.text</name>
         <load_address>0x20008f48</load_address>
         <run_address>0x20008f48</run_address>
         <size>0x94</size>
         <input_file_ref idref="fl-14d"/>
      </object_component>
      <object_component id="oc-1ff">
         <name>.text:_SlDrvDriverCBInit</name>
         <load_address>0x20008fdc</load_address>
         <run_address>0x20008fdc</run_address>
         <size>0x90</size>
         <input_file_ref idref="fl-15d"/>
      </object_component>
      <object_component id="oc-503">
         <name>.text:PinConfigSet</name>
         <load_address>0x2000906c</load_address>
         <run_address>0x2000906c</run_address>
         <size>0x88</size>
         <input_file_ref idref="fl-167"/>
      </object_component>
      <object_component id="oc-251">
         <name>.text:_SlDrvCmdOp</name>
         <load_address>0x200090f4</load_address>
         <run_address>0x200090f4</run_address>
         <size>0x88</size>
         <input_file_ref idref="fl-15d"/>
      </object_component>
      <object_component id="oc-1ae">
         <name>.text</name>
         <load_address>0x2000917c</load_address>
         <run_address>0x2000917c</run_address>
         <size>0x88</size>
         <input_file_ref idref="fl-148"/>
      </object_component>
      <object_component id="oc-292">
         <name>.text:sl_NetAppMDNSRegisterUnregisterService</name>
         <load_address>0x20009204</load_address>
         <run_address>0x20009204</run_address>
         <size>0x88</size>
         <input_file_ref idref="fl-15f"/>
      </object_component>
      <object_component id="oc-58a">
         <name>.text:__aeabi_cdcmple</name>
         <load_address>0x2000928c</load_address>
         <run_address>0x2000928c</run_address>
         <size>0x86</size>
         <input_file_ref idref="fl-151"/>
      </object_component>
      <object_component id="oc-599">
         <name>.text:__aeabi_cdrcmple</name>
         <load_address>0x20009312</load_address>
         <run_address>0x20009312</run_address>
         <size>0x86</size>
         <input_file_ref idref="fl-151"/>
      </object_component>
      <object_component id="oc-63c">
         <name>.text:_sl_HandleAsync_DnsGetHostByName</name>
         <load_address>0x20009398</load_address>
         <run_address>0x20009398</run_address>
         <size>0x84</size>
         <input_file_ref idref="fl-15f"/>
      </object_component>
      <object_component id="oc-1f9">
         <name>.text:NwpPowerOnPreamble</name>
         <load_address>0x2000941c</load_address>
         <run_address>0x2000941c</run_address>
         <size>0x80</size>
         <input_file_ref idref="fl-164"/>
      </object_component>
      <object_component id="oc-e2">
         <name>.text:sl_DevGet</name>
         <load_address>0x2000949c</load_address>
         <run_address>0x2000949c</run_address>
         <size>0x7c</size>
         <input_file_ref idref="fl-15c"/>
      </object_component>
      <object_component id="oc-70e">
         <name>.text:SetupDMAReceive</name>
         <load_address>0x20009518</load_address>
         <run_address>0x20009518</run_address>
         <size>0x78</size>
         <input_file_ref idref="fl-164"/>
      </object_component>
      <object_component id="oc-72d">
         <name>.text:_sl_HandleAsync_InitComplete</name>
         <load_address>0x20009590</load_address>
         <run_address>0x20009590</run_address>
         <size>0x78</size>
         <input_file_ref idref="fl-15c"/>
      </object_component>
      <object_component id="oc-648">
         <name>.text:_sl_HandleAsync_PingResponse</name>
         <load_address>0x20009608</load_address>
         <run_address>0x20009608</run_address>
         <size>0x78</size>
         <input_file_ref idref="fl-15f"/>
      </object_component>
      <object_component id="oc-b6">
         <name>.text</name>
         <load_address>0x20009680</load_address>
         <run_address>0x20009680</run_address>
         <size>0x78</size>
         <input_file_ref idref="fl-143"/>
      </object_component>
      <object_component id="oc-149">
         <name>.text:sl_NetCfgGet</name>
         <load_address>0x200096f8</load_address>
         <run_address>0x200096f8</run_address>
         <size>0x78</size>
         <input_file_ref idref="fl-160"/>
      </object_component>
      <object_component id="oc-1a2">
         <name>.text:UARTConfigSetExpClk</name>
         <load_address>0x20009770</load_address>
         <run_address>0x20009770</run_address>
         <size>0x76</size>
         <input_file_ref idref="fl-16b"/>
      </object_component>
      <object_component id="oc-262">
         <name>.text:spi_Close</name>
         <load_address>0x200097e8</load_address>
         <run_address>0x200097e8</run_address>
         <size>0x74</size>
         <input_file_ref idref="fl-164"/>
      </object_component>
      <object_component id="oc-53b">
         <name>.text:TimerIntRegister</name>
         <load_address>0x2000985c</load_address>
         <run_address>0x2000985c</run_address>
         <size>0x70</size>
         <input_file_ref idref="fl-16a"/>
      </object_component>
      <object_component id="oc-51d">
         <name>.text:_sl_TruncatePayloadByProtocol</name>
         <load_address>0x200098cc</load_address>
         <run_address>0x200098cc</run_address>
         <size>0x6e</size>
         <input_file_ref idref="fl-162"/>
      </object_component>
      <object_component id="oc-630">
         <name>.text:_sl_HandleAsync_Connect</name>
         <load_address>0x2000993c</load_address>
         <run_address>0x2000993c</run_address>
         <size>0x6c</size>
         <input_file_ref idref="fl-162"/>
      </object_component>
      <object_component id="oc-565">
         <name>.text:TimerIntUnregister</name>
         <load_address>0x200099a8</load_address>
         <run_address>0x200099a8</run_address>
         <size>0x68</size>
         <input_file_ref idref="fl-16a"/>
      </object_component>
      <object_component id="oc-62a">
         <name>.text:_sl_HandleAsync_Accept</name>
         <load_address>0x20009a10</load_address>
         <run_address>0x20009a10</run_address>
         <size>0x68</size>
         <input_file_ref idref="fl-162"/>
      </object_component>
      <object_component id="oc-642">
         <name>.text:_sl_HandleAsync_DnsGetHostByService</name>
         <load_address>0x20009a78</load_address>
         <run_address>0x20009a78</run_address>
         <size>0x68</size>
         <input_file_ref idref="fl-15f"/>
      </object_component>
      <object_component id="oc-2f8">
         <name>.text:uDMAChannelAttributeDisable</name>
         <load_address>0x20009ae0</load_address>
         <run_address>0x20009ae0</run_address>
         <size>0x64</size>
         <input_file_ref idref="fl-16c"/>
      </object_component>
      <object_component id="oc-304">
         <name>.text:uDMAChannelAttributeEnable</name>
         <load_address>0x20009b44</load_address>
         <run_address>0x20009b44</run_address>
         <size>0x64</size>
         <input_file_ref idref="fl-16c"/>
      </object_component>
      <object_component id="oc-268">
         <name>.text:_SlDrvDriverCBDeinit</name>
         <load_address>0x20009ba8</load_address>
         <run_address>0x20009ba8</run_address>
         <size>0x60</size>
         <input_file_ref idref="fl-15d"/>
      </object_component>
      <object_component id="oc-36e">
         <name>.text</name>
         <load_address>0x20009c08</load_address>
         <run_address>0x20009c08</run_address>
         <size>0x60</size>
         <input_file_ref idref="fl-144"/>
      </object_component>
      <object_component id="oc-5d">
         <name>.text</name>
         <load_address>0x20009c68</load_address>
         <run_address>0x20009c68</run_address>
         <size>0x5e</size>
         <input_file_ref idref="fl-13d"/>
      </object_component>
      <object_component id="oc-636">
         <name>.text:_sl_HandleAsync_Select</name>
         <load_address>0x20009cc8</load_address>
         <run_address>0x20009cc8</run_address>
         <size>0x5c</size>
         <input_file_ref idref="fl-162"/>
      </object_component>
      <object_component id="oc-5a3">
         <name>.text</name>
         <load_address>0x20009d24</load_address>
         <run_address>0x20009d24</run_address>
         <size>0x5a</size>
         <input_file_ref idref="fl-157"/>
      </object_component>
      <object_component id="oc-44c">
         <name>.text:IntPendClear</name>
         <load_address>0x20009d80</load_address>
         <run_address>0x20009d80</run_address>
         <size>0x58</size>
         <input_file_ref idref="fl-166"/>
      </object_component>
      <object_component id="oc-2c1">
         <name>.text:PRCMPeripheralReset</name>
         <load_address>0x20009dd8</load_address>
         <run_address>0x20009dd8</run_address>
         <size>0x58</size>
         <input_file_ref idref="fl-168"/>
      </object_component>
      <object_component id="oc-64e">
         <name>.text:_sl_HandleAsync_Stop</name>
         <load_address>0x20009e30</load_address>
         <run_address>0x20009e30</run_address>
         <size>0x58</size>
         <input_file_ref idref="fl-15c"/>
      </object_component>
      <object_component id="oc-415">
         <name>.text:IntPrioritySet</name>
         <load_address>0x20009e88</load_address>
         <run_address>0x20009e88</run_address>
         <size>0x54</size>
         <input_file_ref idref="fl-166"/>
      </object_component>
      <object_component id="oc-726">
         <name>.text:sl_NetAppSendTokenValue</name>
         <load_address>0x20009edc</load_address>
         <run_address>0x20009edc</run_address>
         <size>0x54</size>
         <input_file_ref idref="fl-15f"/>
      </object_component>
      <object_component id="oc-34c">
         <name>.text:sl_WlanGetNetworkList</name>
         <load_address>0x20009f30</load_address>
         <run_address>0x20009f30</run_address>
         <size>0x50</size>
         <input_file_ref idref="fl-163"/>
      </object_component>
      <object_component id="oc-41b">
         <name>.text:SPIIntEnable</name>
         <load_address>0x20009f80</load_address>
         <run_address>0x20009f80</run_address>
         <size>0x4c</size>
         <input_file_ref idref="fl-169"/>
      </object_component>
      <object_component id="oc-61f">
         <name>.text:SPIIntNumberGet</name>
         <load_address>0x20009fcc</load_address>
         <run_address>0x20009fcc</run_address>
         <size>0x4c</size>
         <input_file_ref idref="fl-169"/>
      </object_component>
      <object_component id="oc-5bf">
         <name>.text</name>
         <load_address>0x2000a018</load_address>
         <run_address>0x2000a018</run_address>
         <size>0x4c</size>
         <input_file_ref idref="fl-14c"/>
      </object_component>
      <object_component id="oc-2f2">
         <name>.text:uDMAChannelAssign</name>
         <load_address>0x2000a064</load_address>
         <run_address>0x2000a064</run_address>
         <size>0x4c</size>
         <input_file_ref idref="fl-16c"/>
      </object_component>
      <object_component id="oc-235">
         <name>.text:_sl_GetStartResponseConvert</name>
         <load_address>0x2000a0b0</load_address>
         <run_address>0x2000a0b0</run_address>
         <size>0x4a</size>
         <input_file_ref idref="fl-15c"/>
      </object_component>
      <object_component id="oc-5f2">
         <name>.text:SPIIntClear</name>
         <load_address>0x2000a0fc</load_address>
         <run_address>0x2000a0fc</run_address>
         <size>0x48</size>
         <input_file_ref idref="fl-169"/>
      </object_component>
      <object_component id="oc-59e">
         <name>.text</name>
         <load_address>0x2000a144</load_address>
         <run_address>0x2000a144</run_address>
         <size>0x48</size>
         <input_file_ref idref="fl-154"/>
      </object_component>
      <object_component id="oc-100">
         <name>.text:sl_WlanSet</name>
         <load_address>0x2000a18c</load_address>
         <run_address>0x2000a18c</run_address>
         <size>0x48</size>
         <input_file_ref idref="fl-163"/>
      </object_component>
      <object_component id="oc-5e8">
         <name>.text:SPIDmaMaskGet</name>
         <load_address>0x2000a1d4</load_address>
         <run_address>0x2000a1d4</run_address>
         <size>0x44</size>
         <input_file_ref idref="fl-169"/>
      </object_component>
      <object_component id="oc-52f">
         <name>.text:TimerConfigure</name>
         <load_address>0x2000a218</load_address>
         <run_address>0x2000a218</run_address>
         <size>0x44</size>
         <input_file_ref idref="fl-16a"/>
      </object_component>
      <object_component id="oc-76">
         <name>.text</name>
         <load_address>0x2000a25c</load_address>
         <run_address>0x2000a25c</run_address>
         <size>0x44</size>
         <input_file_ref idref="fl-14e"/>
      </object_component>
      <object_component id="oc-40">
         <name>.text</name>
         <load_address>0x2000a2a0</load_address>
         <run_address>0x2000a2a0</run_address>
         <size>0x44</size>
         <input_file_ref idref="fl-13f"/>
      </object_component>
      <object_component id="oc-68b">
         <name>.text</name>
         <load_address>0x2000a2e4</load_address>
         <run_address>0x2000a2e4</run_address>
         <size>0x44</size>
         <input_file_ref idref="fl-15b"/>
      </object_component>
      <object_component id="oc-fa">
         <name>.text:sl_NetCfgSet</name>
         <load_address>0x2000a328</load_address>
         <run_address>0x2000a328</run_address>
         <size>0x44</size>
         <input_file_ref idref="fl-160"/>
      </object_component>
      <object_component id="oc-4fd">
         <name>.text:PinModeSet</name>
         <load_address>0x2000a36c</load_address>
         <run_address>0x2000a36c</run_address>
         <size>0x40</size>
         <input_file_ref idref="fl-167"/>
      </object_component>
      <object_component id="oc-23e">
         <name>.text:_SlDrvRxIrqHandler</name>
         <load_address>0x2000a3ac</load_address>
         <run_address>0x2000a3ac</run_address>
         <size>0x40</size>
         <input_file_ref idref="fl-15d"/>
      </object_component>
      <object_component id="oc-d0">
         <name>.text:_SlNonOsMainLoopTask</name>
         <load_address>0x2000a3ec</load_address>
         <run_address>0x2000a3ec</run_address>
         <size>0x40</size>
         <input_file_ref idref="fl-161"/>
      </object_component>
      <object_component id="oc-454">
         <name>.text:_SlRemoveFromList</name>
         <load_address>0x2000a42c</load_address>
         <run_address>0x2000a42c</run_address>
         <size>0x40</size>
         <input_file_ref idref="fl-15d"/>
      </object_component>
      <object_component id="oc-e8">
         <name>.text:sl_WlanPolicySet</name>
         <load_address>0x2000a46c</load_address>
         <run_address>0x2000a46c</run_address>
         <size>0x40</size>
         <input_file_ref idref="fl-163"/>
      </object_component>
      <object_component id="oc-10f">
         <name>.text:sl_WlanRxFilterSet</name>
         <load_address>0x2000a4ac</load_address>
         <run_address>0x2000a4ac</run_address>
         <size>0x40</size>
         <input_file_ref idref="fl-163"/>
      </object_component>
      <object_component id="oc-21d">
         <name>.text:NwpPowerOff</name>
         <load_address>0x2000a4ec</load_address>
         <run_address>0x2000a4ec</run_address>
         <size>0x3c</size>
         <input_file_ref idref="fl-164"/>
      </object_component>
      <object_component id="oc-2bb">
         <name>.text:PRCMPeripheralClkEnable</name>
         <load_address>0x2000a528</load_address>
         <run_address>0x2000a528</run_address>
         <size>0x3c</size>
         <input_file_ref idref="fl-168"/>
      </object_component>
      <object_component id="oc-3d2">
         <name>.text:_SlDrvObjInit</name>
         <load_address>0x2000a564</load_address>
         <run_address>0x2000a564</run_address>
         <size>0x3c</size>
         <input_file_ref idref="fl-15d"/>
      </object_component>
      <object_component id="oc-2fe">
         <name>.text:uDMAChannelControlSet</name>
         <load_address>0x2000a5a0</load_address>
         <run_address>0x2000a5a0</run_address>
         <size>0x3c</size>
         <input_file_ref idref="fl-16c"/>
      </object_component>
      <object_component id="oc-14f">
         <name>.text</name>
         <load_address>0x2000a5dc</load_address>
         <run_address>0x2000a5dc</run_address>
         <size>0x3a</size>
         <input_file_ref idref="fl-7"/>
      </object_component>
      <object_component id="oc-223">
         <name>.text:NwpRegisterInterruptHandler</name>
         <load_address>0x2000a616</load_address>
         <run_address>0x2000a616</run_address>
         <size>0x38</size>
         <input_file_ref idref="fl-164"/>
      </object_component>
      <object_component id="oc-362">
         <name>.text:sl_Htonl</name>
         <load_address>0x2000a64e</load_address>
         <run_address>0x2000a64e</run_address>
         <size>0x38</size>
         <input_file_ref idref="fl-162"/>
      </object_component>
      <object_component id="oc-3f7">
         <name>.text:PRCMPeripheralStatusGet</name>
         <load_address>0x2000a688</load_address>
         <run_address>0x2000a688</run_address>
         <size>0x34</size>
         <input_file_ref idref="fl-168"/>
      </object_component>
      <object_component id="oc-409">
         <name>.text:SPIFIFOLevelSet</name>
         <load_address>0x2000a6bc</load_address>
         <run_address>0x2000a6bc</run_address>
         <size>0x34</size>
         <input_file_ref idref="fl-169"/>
      </object_component>
      <object_component id="oc-27f">
         <name>.text:_SlDrvBasicCmd</name>
         <load_address>0x2000a6f0</load_address>
         <run_address>0x2000a6f0</run_address>
         <size>0x34</size>
         <input_file_ref idref="fl-15d"/>
      </object_component>
      <object_component id="oc-11">
         <name>.text</name>
         <load_address>0x2000a724</load_address>
         <run_address>0x2000a724</run_address>
         <size>0x34</size>
         <input_file_ref idref="fl-13b"/>
      </object_component>
      <object_component id="oc-35c">
         <name>.text:sl_Htons</name>
         <load_address>0x2000a758</load_address>
         <run_address>0x2000a758</run_address>
         <size>0x34</size>
         <input_file_ref idref="fl-162"/>
      </object_component>
      <object_component id="oc-229">
         <name>.text:NwpPowerOn</name>
         <load_address>0x2000a78c</load_address>
         <run_address>0x2000a78c</run_address>
         <size>0x30</size>
         <input_file_ref idref="fl-164"/>
      </object_component>
      <object_component id="oc-3a7">
         <name>.text:UARTDisable</name>
         <load_address>0x2000a7bc</load_address>
         <run_address>0x2000a7bc</run_address>
         <size>0x30</size>
         <input_file_ref idref="fl-16b"/>
      </object_component>
      <object_component id="oc-4b0">
         <name>.text:_SlDrvFlowContDeinit</name>
         <load_address>0x2000a7ec</load_address>
         <run_address>0x2000a7ec</run_address>
         <size>0x30</size>
         <input_file_ref idref="fl-15e"/>
      </object_component>
      <object_component id="oc-3d8">
         <name>.text:_SlDrvFlowContInit</name>
         <load_address>0x2000a81c</load_address>
         <run_address>0x2000a81c</run_address>
         <size>0x30</size>
         <input_file_ref idref="fl-15e"/>
      </object_component>
      <object_component id="oc-211">
         <name>.text:_SlNonOsSemGet</name>
         <load_address>0x2000a84c</load_address>
         <run_address>0x2000a84c</run_address>
         <size>0x30</size>
         <input_file_ref idref="fl-161"/>
      </object_component>
      <object_component id="oc-345">
         <name>.text:sl_Socket</name>
         <load_address>0x2000a87c</load_address>
         <run_address>0x2000a87c</run_address>
         <size>0x30</size>
         <input_file_ref idref="fl-162"/>
      </object_component>
      <object_component id="oc-5a9">
         <name>.text</name>
         <load_address>0x2000a8ac</load_address>
         <run_address>0x2000a8ac</run_address>
         <size>0x2e</size>
         <input_file_ref idref="fl-155"/>
      </object_component>
      <object_component id="oc-391">
         <name>.text:PRCMDeepSleepEnter</name>
         <load_address>0x2000a8dc</load_address>
         <run_address>0x2000a8dc</run_address>
         <size>0x2c</size>
         <input_file_ref idref="fl-168"/>
      </object_component>
      <object_component id="oc-2cd">
         <name>.text:PRCMSysResetCauseGet</name>
         <load_address>0x2000a908</load_address>
         <run_address>0x2000a908</run_address>
         <size>0x2c</size>
         <input_file_ref idref="fl-168"/>
      </object_component>
      <object_component id="oc-54d">
         <name>.text:TimerLoadSet</name>
         <load_address>0x2000a934</load_address>
         <run_address>0x2000a934</run_address>
         <size>0x2a</size>
         <input_file_ref idref="fl-16a"/>
      </object_component>
      <object_component id="oc-535">
         <name>.text:TimerPrescaleSet</name>
         <load_address>0x2000a95e</load_address>
         <run_address>0x2000a95e</run_address>
         <size>0x2a</size>
         <input_file_ref idref="fl-16a"/>
      </object_component>
      <object_component id="oc-2c7">
         <name>.text:PRCMPeripheralClkDisable</name>
         <load_address>0x2000a988</load_address>
         <run_address>0x2000a988</run_address>
         <size>0x28</size>
         <input_file_ref idref="fl-168"/>
      </object_component>
      <object_component id="oc-512">
         <name>.text:_sl_BuildAddress</name>
         <load_address>0x2000a9b0</load_address>
         <run_address>0x2000a9b0</run_address>
         <size>0x28</size>
         <input_file_ref idref="fl-162"/>
      </object_component>
      <object_component id="oc-d6">
         <name>.text:sl_WlanSetMode</name>
         <load_address>0x2000a9d8</load_address>
         <run_address>0x2000a9d8</run_address>
         <size>0x28</size>
         <input_file_ref idref="fl-163"/>
      </object_component>
      <object_component id="oc-42a">
         <name>.text:DmaSpiSwIntHandler</name>
         <load_address>0x2000aa00</load_address>
         <run_address>0x2000aa00</run_address>
         <size>0x24</size>
         <input_file_ref idref="fl-164"/>
      </object_component>
      <object_component id="oc-446">
         <name>.text:IntUnregister</name>
         <load_address>0x2000aa24</load_address>
         <run_address>0x2000aa24</run_address>
         <size>0x24</size>
         <input_file_ref idref="fl-166"/>
      </object_component>
      <object_component id="oc-3ad">
         <name>.text:UARTEnable</name>
         <load_address>0x2000aa48</load_address>
         <run_address>0x2000aa48</run_address>
         <size>0x24</size>
         <input_file_ref idref="fl-16b"/>
      </object_component>
      <object_component id="oc-1ba">
         <name>.text</name>
         <load_address>0x2000aa6c</load_address>
         <run_address>0x2000aa6c</run_address>
         <size>0x24</size>
         <input_file_ref idref="fl-141"/>
      </object_component>
      <object_component id="oc-168">
         <name>.text:sl_Close</name>
         <load_address>0x2000aa90</load_address>
         <run_address>0x2000aa90</run_address>
         <size>0x24</size>
         <input_file_ref idref="fl-162"/>
      </object_component>
      <object_component id="oc-ee">
         <name>.text:sl_WlanProfileDel</name>
         <load_address>0x2000aab4</load_address>
         <run_address>0x2000aab4</run_address>
         <size>0x24</size>
         <input_file_ref idref="fl-163"/>
      </object_component>
      <object_component id="oc-3eb">
         <name>.text:SPIReset</name>
         <load_address>0x2000aad8</load_address>
         <run_address>0x2000aad8</run_address>
         <size>0x22</size>
         <input_file_ref idref="fl-169"/>
      </object_component>
      <object_component id="oc-6ce">
         <name>.text:SPIWordCountSet</name>
         <load_address>0x2000aafa</load_address>
         <run_address>0x2000aafa</run_address>
         <size>0x22</size>
         <input_file_ref idref="fl-169"/>
      </object_component>
      <object_component id="oc-40f">
         <name>.text:IntRegister</name>
         <load_address>0x2000ab1c</load_address>
         <run_address>0x2000ab1c</run_address>
         <size>0x20</size>
         <input_file_ref idref="fl-166"/>
      </object_component>
      <object_component id="oc-735">
         <name>.text:_SlDrvCmdSend</name>
         <load_address>0x2000ab3c</load_address>
         <run_address>0x2000ab3c</run_address>
         <size>0x20</size>
         <input_file_ref idref="fl-15d"/>
      </object_component>
      <object_component id="oc-469">
         <name>.text:_SlNonOsSpawn</name>
         <load_address>0x2000ab5c</load_address>
         <run_address>0x2000ab5c</run_address>
         <size>0x20</size>
         <input_file_ref idref="fl-161"/>
      </object_component>
      <object_component id="oc-559">
         <name>.text:TimerDisable</name>
         <load_address>0x2000ab7c</load_address>
         <run_address>0x2000ab7c</run_address>
         <size>0x1e</size>
         <input_file_ref idref="fl-16a"/>
      </object_component>
      <object_component id="oc-553">
         <name>.text:TimerEnable</name>
         <load_address>0x2000ab9a</load_address>
         <run_address>0x2000ab9a</run_address>
         <size>0x1e</size>
         <input_file_ref idref="fl-16a"/>
      </object_component>
      <object_component id="oc-547">
         <name>.text:TimerIntStatus</name>
         <load_address>0x2000abb8</load_address>
         <run_address>0x2000abb8</run_address>
         <size>0x1e</size>
         <input_file_ref idref="fl-16a"/>
      </object_component>
      <object_component id="oc-1a8">
         <name>.text:UARTCharPut</name>
         <load_address>0x2000abd6</load_address>
         <run_address>0x2000abd6</run_address>
         <size>0x1e</size>
         <input_file_ref idref="fl-16b"/>
      </object_component>
      <object_component id="oc-56b">
         <name>.text:TimerValueGet</name>
         <load_address>0x2000abf4</load_address>
         <run_address>0x2000abf4</run_address>
         <size>0x1c</size>
         <input_file_ref idref="fl-16a"/>
      </object_component>
      <object_component id="oc-4b6">
         <name>.text:_SlDrvObjDeInit</name>
         <load_address>0x2000ac10</load_address>
         <run_address>0x2000ac10</run_address>
         <size>0x1c</size>
         <input_file_ref idref="fl-15d"/>
      </object_component>
      <object_component id="oc-143">
         <name>.text</name>
         <load_address>0x2000ac2c</load_address>
         <run_address>0x2000ac2c</run_address>
         <size>0x1c</size>
         <input_file_ref idref="fl-6"/>
      </object_component>
      <object_component id="oc-5b9">
         <name>.text</name>
         <load_address>0x2000ac48</load_address>
         <run_address>0x2000ac48</run_address>
         <size>0x1c</size>
         <input_file_ref idref="fl-158"/>
      </object_component>
      <object_component id="oc-31c">
         <name>.text:uDMAChannelDisable</name>
         <load_address>0x2000ac64</load_address>
         <run_address>0x2000ac64</run_address>
         <size>0x1c</size>
         <input_file_ref idref="fl-16c"/>
      </object_component>
      <object_component id="oc-310">
         <name>.text:uDMAChannelEnable</name>
         <load_address>0x2000ac80</load_address>
         <run_address>0x2000ac80</run_address>
         <size>0x1c</size>
         <input_file_ref idref="fl-16c"/>
      </object_component>
      <object_component id="oc-316">
         <name>.text:uDMAChannelRequest</name>
         <load_address>0x2000ac9c</load_address>
         <run_address>0x2000ac9c</run_address>
         <size>0x1c</size>
         <input_file_ref idref="fl-16c"/>
      </object_component>
      <object_component id="oc-6df">
         <name>.text:CopyPingResultsToReport</name>
         <load_address>0x2000acb8</load_address>
         <run_address>0x2000acb8</run_address>
         <size>0x1a</size>
         <input_file_ref idref="fl-15f"/>
      </object_component>
      <object_component id="oc-33d">
         <name>.text:PinTypeUART</name>
         <load_address>0x2000acd2</load_address>
         <run_address>0x2000acd2</run_address>
         <size>0x1a</size>
         <input_file_ref idref="fl-167"/>
      </object_component>
      <object_component id="oc-4a8">
         <name>.text:SPIDmaDisable</name>
         <load_address>0x2000acec</load_address>
         <run_address>0x2000acec</run_address>
         <size>0x1a</size>
         <input_file_ref idref="fl-169"/>
      </object_component>
      <object_component id="oc-403">
         <name>.text:SPIDmaEnable</name>
         <load_address>0x2000ad06</load_address>
         <run_address>0x2000ad06</run_address>
         <size>0x1a</size>
         <input_file_ref idref="fl-169"/>
      </object_component>
      <object_component id="oc-4a2">
         <name>.text:SPIFIFODisable</name>
         <load_address>0x2000ad20</load_address>
         <run_address>0x2000ad20</run_address>
         <size>0x1a</size>
         <input_file_ref idref="fl-169"/>
      </object_component>
      <object_component id="oc-3fd">
         <name>.text:SPIFIFOEnable</name>
         <load_address>0x2000ad3a</load_address>
         <run_address>0x2000ad3a</run_address>
         <size>0x1a</size>
         <input_file_ref idref="fl-169"/>
      </object_component>
      <object_component id="oc-49c">
         <name>.text:SPIIntUnregister</name>
         <load_address>0x2000ad54</load_address>
         <run_address>0x2000ad54</run_address>
         <size>0x1a</size>
         <input_file_ref idref="fl-169"/>
      </object_component>
      <object_component id="oc-707">
         <name>.text:_SlDrvDeviceEventHandler</name>
         <load_address>0x2000ad6e</load_address>
         <run_address>0x2000ad6e</run_address>
         <size>0x1a</size>
         <input_file_ref idref="fl-15c"/>
      </object_component>
      <object_component id="oc-374">
         <name>.text</name>
         <load_address>0x2000ad88</load_address>
         <run_address>0x2000ad88</run_address>
         <size>0x1a</size>
         <input_file_ref idref="fl-146"/>
      </object_component>
      <object_component id="oc-3df">
         <name>.text:SPICSDisable</name>
         <load_address>0x2000ada2</load_address>
         <run_address>0x2000ada2</run_address>
         <size>0x18</size>
         <input_file_ref idref="fl-169"/>
      </object_component>
      <object_component id="oc-6c8">
         <name>.text:SPICSEnable</name>
         <load_address>0x2000adba</load_address>
         <run_address>0x2000adba</run_address>
         <size>0x18</size>
         <input_file_ref idref="fl-169"/>
      </object_component>
      <object_component id="oc-3e5">
         <name>.text:SPIDisable</name>
         <load_address>0x2000add2</load_address>
         <run_address>0x2000add2</run_address>
         <size>0x18</size>
         <input_file_ref idref="fl-169"/>
      </object_component>
      <object_component id="oc-421">
         <name>.text:SPIEnable</name>
         <load_address>0x2000adea</load_address>
         <run_address>0x2000adea</run_address>
         <size>0x18</size>
         <input_file_ref idref="fl-169"/>
      </object_component>
      <object_component id="oc-55f">
         <name>.text:TimerIntDisable</name>
         <load_address>0x2000ae02</load_address>
         <run_address>0x2000ae02</run_address>
         <size>0x18</size>
         <input_file_ref idref="fl-16a"/>
      </object_component>
      <object_component id="oc-541">
         <name>.text:TimerIntEnable</name>
         <load_address>0x2000ae1a</load_address>
         <run_address>0x2000ae1a</run_address>
         <size>0x18</size>
         <input_file_ref idref="fl-16a"/>
      </object_component>
      <object_component id="oc-3a">
         <name>.text</name>
         <load_address>0x2000ae34</load_address>
         <run_address>0x2000ae34</run_address>
         <size>0x18</size>
         <input_file_ref idref="fl-14b"/>
      </object_component>
      <object_component id="oc-585">
         <name>.text</name>
         <load_address>0x2000ae4c</load_address>
         <run_address>0x2000ae4c</run_address>
         <size>0x18</size>
         <input_file_ref idref="fl-156"/>
      </object_component>
      <object_component id="oc-2af">
         <name>.text:PRCMHIBRegRead</name>
         <load_address>0x2000ae64</load_address>
         <run_address>0x2000ae64</run_address>
         <size>0x16</size>
         <input_file_ref idref="fl-168"/>
      </object_component>
      <object_component id="oc-2b5">
         <name>.text:PRCMHIBRegWrite</name>
         <load_address>0x2000ae7a</load_address>
         <run_address>0x2000ae7a</run_address>
         <size>0x16</size>
         <input_file_ref idref="fl-168"/>
      </object_component>
      <object_component id="oc-1b4">
         <name>.text:UARTCharGet</name>
         <load_address>0x2000ae90</load_address>
         <run_address>0x2000ae90</run_address>
         <size>0x16</size>
         <input_file_ref idref="fl-16b"/>
      </object_component>
      <object_component id="oc-2e0">
         <name>.text:uDMAIntRegister</name>
         <load_address>0x2000aea6</load_address>
         <run_address>0x2000aea6</run_address>
         <size>0x16</size>
         <input_file_ref idref="fl-16c"/>
      </object_component>
      <object_component id="oc-2a4">
         <name>.text:CPUcpsie</name>
         <load_address>0x2000aebc</load_address>
         <run_address>0x2000aebc</run_address>
         <size>0x14</size>
         <input_file_ref idref="fl-16e"/>
      </object_component>
      <object_component id="oc-125">
         <name>.text:IntVTableBaseSet</name>
         <load_address>0x2000aed0</load_address>
         <run_address>0x2000aed0</run_address>
         <size>0x14</size>
         <input_file_ref idref="fl-166"/>
      </object_component>
      <object_component id="oc-6fa">
         <name>.text:_SlDrvShiftDWord</name>
         <load_address>0x2000aee4</load_address>
         <run_address>0x2000aee4</run_address>
         <size>0x14</size>
         <input_file_ref idref="fl-15d"/>
      </object_component>
      <object_component id="oc-187">
         <name>.text</name>
         <load_address>0x2000aef8</load_address>
         <run_address>0x2000aef8</run_address>
         <size>0x14</size>
         <input_file_ref idref="fl-149"/>
      </object_component>
      <object_component id="oc-119">
         <name>.text</name>
         <load_address>0x2000af0c</load_address>
         <run_address>0x2000af0c</run_address>
         <size>0x14</size>
         <input_file_ref idref="fl-147"/>
      </object_component>
      <object_component id="oc-2ec">
         <name>.text:uDMAControlBaseSet</name>
         <load_address>0x2000af20</load_address>
         <run_address>0x2000af20</run_address>
         <size>0x14</size>
         <input_file_ref idref="fl-16c"/>
      </object_component>
      <object_component id="oc-2da">
         <name>.text:uDMAIntClear</name>
         <load_address>0x2000af34</load_address>
         <run_address>0x2000af34</run_address>
         <size>0x14</size>
         <input_file_ref idref="fl-16c"/>
      </object_component>
      <object_component id="oc-385">
         <name>.text:TimerIntClear</name>
         <load_address>0x2000af48</load_address>
         <run_address>0x2000af48</run_address>
         <size>0x12</size>
         <input_file_ref idref="fl-16a"/>
      </object_component>
      <object_component id="oc-1c">
         <name>.text:decompress:ZI</name>
         <load_address>0x2000af5a</load_address>
         <run_address>0x2000af5a</run_address>
         <size>0x12</size>
         <input_file_ref idref="fl-13e"/>
      </object_component>
      <object_component id="oc-106">
         <name>.text:sl_NetAppMDNSUnRegisterService</name>
         <load_address>0x2000af6c</load_address>
         <run_address>0x2000af6c</run_address>
         <size>0x12</size>
         <input_file_ref idref="fl-15f"/>
      </object_component>
      <object_component id="oc-322">
         <name>.text:uDMAIntUnregister</name>
         <load_address>0x2000af7e</load_address>
         <run_address>0x2000af7e</run_address>
         <size>0x12</size>
         <input_file_ref idref="fl-16c"/>
      </object_component>
      <object_component id="oc-463">
         <name>.text:NwpMaskInterrupt</name>
         <load_address>0x2000af90</load_address>
         <run_address>0x2000af90</run_address>
         <size>0x10</size>
         <input_file_ref idref="fl-164"/>
      </object_component>
      <object_component id="oc-16">
         <name>.text:decompress:none</name>
         <load_address>0x2000afa0</load_address>
         <run_address>0x2000afa0</run_address>
         <size>0xe</size>
         <input_file_ref idref="fl-13c"/>
      </object_component>
      <object_component id="oc-5b3">
         <name>.text</name>
         <load_address>0x2000afae</load_address>
         <run_address>0x2000afae</run_address>
         <size>0xe</size>
         <input_file_ref idref="fl-15a"/>
      </object_component>
      <object_component id="oc-2c">
         <name>.text</name>
         <load_address>0x2000afbc</load_address>
         <run_address>0x2000afbc</run_address>
         <size>0xe</size>
         <input_file_ref idref="fl-9"/>
      </object_component>
      <object_component id="oc-573">
         <name>.text:CPUwfi</name>
         <load_address>0x2000afca</load_address>
         <run_address>0x2000afca</run_address>
         <size>0xc</size>
         <input_file_ref idref="fl-16e"/>
      </object_component>
      <object_component id="oc-6c0">
         <name>.text:NwpUnMaskInterrupt</name>
         <load_address>0x2000afd8</load_address>
         <run_address>0x2000afd8</run_address>
         <size>0xc</size>
         <input_file_ref idref="fl-164"/>
      </object_component>
      <object_component id="oc-328">
         <name>.text:uDMADisable</name>
         <load_address>0x2000afe4</load_address>
         <run_address>0x2000afe4</run_address>
         <size>0xc</size>
         <input_file_ref idref="fl-16c"/>
      </object_component>
      <object_component id="oc-2e6">
         <name>.text:uDMAEnable</name>
         <load_address>0x2000aff0</load_address>
         <run_address>0x2000aff0</run_address>
         <size>0xc</size>
         <input_file_ref idref="fl-16c"/>
      </object_component>
      <object_component id="oc-2d4">
         <name>.text:uDMAIntStatus</name>
         <load_address>0x2000affc</load_address>
         <run_address>0x2000affc</run_address>
         <size>0xc</size>
         <input_file_ref idref="fl-16c"/>
      </object_component>
      <object_component id="oc-12b">
         <name>.text:IntMasterEnable</name>
         <load_address>0x2000b008</load_address>
         <run_address>0x2000b008</run_address>
         <size>0xa</size>
         <input_file_ref idref="fl-166"/>
      </object_component>
      <object_component id="oc-217">
         <name>.text:_SlNonOsSemSet</name>
         <load_address>0x2000b012</load_address>
         <run_address>0x2000b012</run_address>
         <size>0x8</size>
         <input_file_ref idref="fl-161"/>
      </object_component>
      <object_component id="oc-f4">
         <name>.text:sl_WlanDisconnect</name>
         <load_address>0x2000b01a</load_address>
         <run_address>0x2000b01a</run_address>
         <size>0x8</size>
         <input_file_ref idref="fl-163"/>
      </object_component>
      <object_component id="oc-161">
         <name>.text:UtilsDelay</name>
         <load_address>0x2000b022</load_address>
         <run_address>0x2000b022</run_address>
         <size>0x6</size>
         <input_file_ref idref="fl-16d"/>
      </object_component>
      <object_component id="oc-22">
         <name>.text:decompress:rle24</name>
         <load_address>0x2000b028</load_address>
         <run_address>0x2000b028</run_address>
         <size>0x6</size>
         <input_file_ref idref="fl-13d"/>
      </object_component>
      <object_component id="oc-694">
         <name>.const:.string:_ctypes_</name>
         <load_address>0x2000b030</load_address>
         <run_address>0x2000b030</run_address>
         <size>0x102</size>
         <input_file_ref idref="fl-14f"/>
      </object_component>
      <object_component id="oc-665">
         <name>.const:g_ulPinToPadMap</name>
         <load_address>0x2000b134</load_address>
         <run_address>0x2000b134</run_address>
         <size>0x100</size>
         <input_file_ref idref="fl-167"/>
      </object_component>
      <object_component id="oc-257">
         <name>.const</name>
         <load_address>0x2000b234</load_address>
         <run_address>0x2000b234</run_address>
         <size>0xec</size>
         <input_file_ref idref="fl-163"/>
      </object_component>
      <object_component id="oc-5e4">
         <name>.const:g_pulRegs</name>
         <load_address>0x2000b320</load_address>
         <run_address>0x2000b320</run_address>
         <size>0xd4</size>
         <input_file_ref idref="fl-166"/>
      </object_component>
      <object_component id="oc-4da">
         <name>.const:PRCM_PeriphRegsList</name>
         <load_address>0x2000b3f4</load_address>
         <run_address>0x2000b3f4</run_address>
         <size>0xa8</size>
         <input_file_ref idref="fl-168"/>
      </object_component>
      <object_component id="oc-2ab">
         <name>.const</name>
         <load_address>0x2000b49c</load_address>
         <run_address>0x2000b49c</run_address>
         <size>0x80</size>
         <input_file_ref idref="fl-166"/>
      </object_component>
      <object_component id="oc-4bf">
         <name>.const</name>
         <load_address>0x2000b51c</load_address>
         <run_address>0x2000b51c</run_address>
         <size>0x4c</size>
         <input_file_ref idref="fl-15d"/>
      </object_component>
      <object_component id="oc-398">
         <name>.const</name>
         <load_address>0x2000b568</load_address>
         <run_address>0x2000b568</run_address>
         <size>0x34</size>
         <input_file_ref idref="fl-162"/>
      </object_component>
      <object_component id="oc-10c">
         <name>.const:$P$T1$2</name>
         <load_address>0x2000b59c</load_address>
         <run_address>0x2000b59c</run_address>
         <size>0x2c</size>
         <input_file_ref idref="fl-5"/>
      </object_component>
      <object_component id="oc-16e">
         <name>.const:.string</name>
         <load_address>0x2000b5c8</load_address>
         <run_address>0x2000b5c8</run_address>
         <size>0x28</size>
         <input_file_ref idref="fl-5"/>
      </object_component>
      <object_component id="oc-4c7">
         <name>.const</name>
         <load_address>0x2000b5f0</load_address>
         <run_address>0x2000b5f0</run_address>
         <size>0x28</size>
         <input_file_ref idref="fl-15f"/>
      </object_component>
      <object_component id="oc-6d6">
         <name>.const:g_ppulSPIIntMap</name>
         <load_address>0x2000b618</load_address>
         <run_address>0x2000b618</run_address>
         <size>0x24</size>
         <input_file_ref idref="fl-169"/>
      </object_component>
      <object_component id="oc-118">
         <name>.const:.string:$P$T0$1</name>
         <load_address>0x2000b63c</load_address>
         <run_address>0x2000b63c</run_address>
         <size>0x22</size>
         <input_file_ref idref="fl-5"/>
      </object_component>
      <object_component id="oc-115">
         <name>.const</name>
         <load_address>0x2000b660</load_address>
         <run_address>0x2000b660</run_address>
         <size>0x20</size>
         <input_file_ref idref="fl-5"/>
      </object_component>
      <object_component id="oc-6a2">
         <name>.const</name>
         <load_address>0x2000b680</load_address>
         <run_address>0x2000b680</run_address>
         <size>0x18</size>
         <input_file_ref idref="fl-169"/>
      </object_component>
      <object_component id="oc-26e">
         <name>.const</name>
         <load_address>0x2000b698</load_address>
         <run_address>0x2000b698</run_address>
         <size>0x14</size>
         <input_file_ref idref="fl-15c"/>
      </object_component>
      <object_component id="oc-286">
         <name>.const</name>
         <load_address>0x2000b6ac</load_address>
         <run_address>0x2000b6ac</run_address>
         <size>0x8</size>
         <input_file_ref idref="fl-160"/>
      </object_component>
      <object_component id="oc-75c">
         <name>.cinit..data.load</name>
         <load_address>0x2000b6b8</load_address>
         <run_address>0x2000b6b8</run_address>
         <size>0x32</size>
      </object_component>
      <object_component id="oc-75a">
         <name>__TI_handler_table</name>
         <load_address>0x2000b6ec</load_address>
         <run_address>0x2000b6ec</run_address>
         <size>0xc</size>
      </object_component>
      <object_component id="oc-75d">
         <name>.cinit..bss.load</name>
         <load_address>0x2000b6f8</load_address>
         <run_address>0x2000b6f8</run_address>
         <size>0x8</size>
      </object_component>
      <object_component id="oc-75b">
         <name>__TI_cinit_table</name>
         <load_address>0x2000b700</load_address>
         <run_address>0x2000b700</run_address>
         <size>0x10</size>
      </object_component>
      <object_component id="oc-46">
         <name>.data</name>
         <load_address>0x20018340</load_address>
         <run_address>0x20018340</run_address>
         <size>0x4</size>
         <input_file_ref idref="fl-145"/>
      </object_component>
      <object_component id="oc-85">
         <name>.data</name>
         <load_address>0x20018330</load_address>
         <run_address>0x20018330</run_address>
         <size>0x8</size>
         <input_file_ref idref="fl-149"/>
      </object_component>
      <object_component id="oc-88">
         <name>.data</name>
         <load_address>0x20018338</load_address>
         <run_address>0x20018338</run_address>
         <size>0x8</size>
         <input_file_ref idref="fl-13f"/>
      </object_component>
      <object_component id="oc-c1">
         <name>.data</name>
         <load_address>0x20018304</load_address>
         <run_address>0x20018304</run_address>
         <size>0x20</size>
         <input_file_ref idref="fl-5"/>
      </object_component>
      <object_component id="oc-23b">
         <name>.data</name>
         <load_address>0x20018138</load_address>
         <run_address>0x20018138</run_address>
         <size>0x170</size>
         <input_file_ref idref="fl-15d"/>
      </object_component>
      <object_component id="oc-3ca">
         <name>.data</name>
         <load_address>0x20018324</load_address>
         <run_address>0x20018324</run_address>
         <size>0xc</size>
         <input_file_ref idref="fl-142"/>
      </object_component>
      <object_component id="oc-427">
         <name>.data</name>
         <load_address>0x200182a8</load_address>
         <run_address>0x200182a8</run_address>
         <size>0x5c</size>
         <input_file_ref idref="fl-164"/>
      </object_component>
      <object_component id="oc-bb">
         <name>.bss:g_ucConnectionSSID</name>
         <uninitialized>true</uninitialized>
         <run_address>0x200178fc</run_address>
         <size>0x24</size>
         <input_file_ref idref="fl-5"/>
      </object_component>
      <object_component id="oc-24c">
         <name>.bss:g__SlNonOsCB</name>
         <uninitialized>true</uninitialized>
         <run_address>0x200178d4</run_address>
         <size>0x28</size>
         <input_file_ref idref="fl-161"/>
      </object_component>
      <object_component id="oc-331">
         <name>.bss:gpCtlTbl</name>
         <uninitialized>true</uninitialized>
         <run_address>0x20017000</run_address>
         <size>0x400</size>
         <input_file_ref idref="fl-c"/>
      </object_component>
      <object_component id="oc-334">
         <name>.bss:gfpAppCallbackHndl</name>
         <uninitialized>true</uninitialized>
         <run_address>0x20017770</run_address>
         <size>0x100</size>
         <input_file_ref idref="fl-c"/>
      </object_component>
      <object_component id="oc-352">
         <name>.bss:netEntries</name>
         <uninitialized>true</uninitialized>
         <run_address>0x20017400</run_address>
         <size>0x370</size>
         <input_file_ref idref="fl-2"/>
      </object_component>
      <object_component id="oc-380">
         <name>.bss:g_cBsdBuf</name>
         <uninitialized>true</uninitialized>
         <run_address>0x20017870</run_address>
         <size>0x64</size>
         <input_file_ref idref="fl-8"/>
      </object_component>
      <object_component id="oc-c9">
         <name>.common:g_ucConnectionBSSID</name>
         <uninitialized>true</uninitialized>
         <run_address>0x20017920</run_address>
         <size>0x8</size>
      </object_component>
      <object_component id="oc-16f">
         <name>.common:iSockID</name>
         <uninitialized>true</uninitialized>
         <run_address>0x2001792c</run_address>
         <size>0x4</size>
      </object_component>
      <object_component id="oc-1c6">
         <name>.common:__Errorlog</name>
         <uninitialized>true</uninitialized>
         <run_address>0x20017928</run_address>
         <size>0x4</size>
      </object_component>
      <object_component id="oc-32e">
         <name>.common:iDone</name>
         <uninitialized>true</uninitialized>
         <run_address>0x20017931</run_address>
         <size>0x1</size>
      </object_component>
      <object_component id="oc-714">
         <name>.common:g_cDummy</name>
         <uninitialized>true</uninitialized>
         <run_address>0x20017930</run_address>
         <size>0x1</size>
      </object_component>
      <object_component id="oc-29">
         <name>.sysmem</name>
         <uninitialized>true</uninitialized>
         <run_address>0x20017938</run_address>
         <size>0x8</size>
         <input_file_ref idref="fl-142"/>
      </object_component>
      <object_component id="oc-75f">
         <name>.sysmem</name>
         <uninitialized>true</uninitialized>
         <run_address>0x20017938</run_address>
         <size>0x0</size>
      </object_component>
      <object_component id="oc-28">
         <name>.stack</name>
         <uninitialized>true</uninitialized>
         <run_address>0x2002f800</run_address>
         <size>0x0</size>
         <input_file_ref idref="fl-13b"/>
      </object_component>
      <object_component id="oc-75e">
         <name>.stack</name>
         <uninitialized>true</uninitialized>
         <run_address>0x2002f800</run_address>
         <size>0x0</size>
      </object_component>
      <object_component id="oc-f">
         <name>.debug_info</name>
         <load_address>0x0</load_address>
         <run_address>0x0</run_address>
         <size>0xf6</size>
         <input_file_ref idref="fl-9"/>
      </object_component>
      <object_component id="oc-13">
         <name>.debug_info</name>
         <load_address>0xf6</load_address>
         <run_address>0xf6</run_address>
         <size>0x10b</size>
         <input_file_ref idref="fl-13b"/>
      </object_component>
      <object_component id="oc-19">
         <name>.debug_info</name>
         <load_address>0x201</load_address>
         <run_address>0x201</run_address>
         <size>0x1ac</size>
         <input_file_ref idref="fl-13c"/>
      </object_component>
      <object_component id="oc-1f">
         <name>.debug_info</name>
         <load_address>0x3ad</load_address>
         <run_address>0x3ad</run_address>
         <size>0x182</size>
         <input_file_ref idref="fl-13e"/>
      </object_component>
      <object_component id="oc-26">
         <name>.debug_info</name>
         <load_address>0x52f</load_address>
         <run_address>0x52f</run_address>
         <size>0x1a6</size>
         <input_file_ref idref="fl-13d"/>
      </object_component>
      <object_component id="oc-2a">
         <name>.debug_info</name>
         <load_address>0x6d5</load_address>
         <run_address>0x6d5</run_address>
         <size>0xce</size>
         <input_file_ref idref="fl-142"/>
      </object_component>
      <object_component id="oc-2d">
         <name>.debug_info</name>
         <load_address>0x7a3</load_address>
         <run_address>0x7a3</run_address>
         <size>0x417</size>
         <input_file_ref idref="fl-9"/>
      </object_component>
      <object_component id="oc-34">
         <name>.debug_info</name>
         <load_address>0xbba</load_address>
         <run_address>0xbba</run_address>
         <size>0x111</size>
[...]
         <value>0x2000a87d</value>
         <object_component_ref idref="oc-345"/>
      </symbol>
      <symbol id="sm-ab6">
         <name>_sl_HandleAsync_Select</name>
         <value>0x20009cc9</value>
         <object_component_ref idref="oc-636"/>
      </symbol>
      <symbol id="sm-ab7">
         <name>_SlSockSocketCmdCtrl</name>
         <value>0x2000b574</value>
         <object_component_ref idref="oc-398"/>
      </symbol>
      <symbol id="sm-ab8">
         <name>_SlRecvfomCmdCtrl</name>
         <value>0x2000b57c</value>
         <object_component_ref idref="oc-398"/>
      </symbol>
      <symbol id="sm-ab9">
         <name>_SlSetSockOptCmdCtrl</name>
         <value>0x2000b590</value>
         <object_component_ref idref="oc-398"/>
      </symbol>
      <symbol id="sm-aba">
         <name>_SlAcceptCmdCtrl</name>
         <value>0x2000b588</value>
         <object_component_ref idref="oc-398"/>
      </symbol>
      <symbol id="sm-abb">
         <name>_SlListenCmdCtrl</name>
         <value>0x2000b584</value>
         <object_component_ref idref="oc-398"/>
      </symbol>
      <symbol id="sm-abc">
         <name>_SlRecvCmdCtrl</name>
         <value>0x2000b58c</value>
         <object_component_ref idref="oc-398"/>
      </symbol>
      <symbol id="sm-abd">
         <name>_SlGetSockOptCmdCtrl</name>
         <value>0x2000b594</value>
         <object_component_ref idref="oc-398"/>
      </symbol>
      <symbol id="sm-abe">
         <name>_sl_TruncatePayloadByProtocol</name>
         <value>0x200098cd</value>
         <object_component_ref idref="oc-51d"/>
      </symbol>
      <symbol id="sm-abf">
         <name>sl_Close</name>
         <value>0x2000aa91</value>
         <object_component_ref idref="oc-168"/>
      </symbol>
      <symbol id="sm-ac0">
         <name>_sl_HandleAsync_Accept</name>
         <value>0x20009a11</value>
         <object_component_ref idref="oc-62a"/>
      </symbol>
      <symbol id="sm-b3e">
         <name>sl_WlanDisconnect</name>
         <value>0x2000b01b</value>
         <object_component_ref idref="oc-f4"/>
      </symbol>
      <symbol id="sm-b3f">
         <name>_SlPolicyGetCmdCtrl</name>
         <value>0x2000b23c</value>
         <object_component_ref idref="oc-257"/>
      </symbol>
      <symbol id="sm-b40">
         <name>_SlPolicySetCmdCtrl</name>
         <value>0x2000b238</value>
         <object_component_ref idref="oc-257"/>
      </symbol>
      <symbol id="sm-b41">
         <name>_SlRxFilterGetCmdCtrl</name>
         <value>0x2000b254</value>
         <object_component_ref idref="oc-257"/>
      </symbol>
      <symbol id="sm-b42">
         <name>_SlRxFilterSetCmdCtrl</name>
         <value>0x2000b250</value>
         <object_component_ref idref="oc-257"/>
      </symbol>
      <symbol id="sm-b43">
         <name>_SlProfileGetCmdCtrl</name>
         <value>0x2000b240</value>
         <object_component_ref idref="oc-257"/>
      </symbol>
      <symbol id="sm-b44">
         <name>_SlWlanGetNetworkListCtrl</name>
         <value>0x2000b248</value>
         <object_component_ref idref="oc-257"/>
      </symbol>
      <symbol id="sm-b45">
         <name>sl_WlanPolicySet</name>
         <value>0x2000a46d</value>
         <object_component_ref idref="oc-e8"/>
      </symbol>
      <symbol id="sm-b46">
         <name>_SlProfileDelCmdCtrl</name>
         <value>0x2000b244</value>
         <object_component_ref idref="oc-257"/>
      </symbol>
      <symbol id="sm-b47">
         <name>_SlWlanSetModeCmdCtrl</name>
         <value>0x2000b25c</value>
         <object_component_ref idref="oc-257"/>
      </symbol>
      <symbol id="sm-b48">
         <name>_SlWlanCfgSetCmdCtrl</name>
         <value>0x2000b260</value>
         <object_component_ref idref="oc-257"/>
      </symbol>
      <symbol id="sm-b49">
         <name>_SlWlanCfgGetCmdCtrl</name>
         <value>0x2000b264</value>
         <object_component_ref idref="oc-257"/>
      </symbol>
      <symbol id="sm-b4a">
         <name>sl_WlanProfileDel</name>
         <value>0x2000aab5</value>
         <object_component_ref idref="oc-ee"/>
      </symbol>
      <symbol id="sm-b4b">
         <name>_SlRxFilterAddtCmdCtrl</name>
         <value>0x2000b24c</value>
         <object_component_ref idref="oc-257"/>
      </symbol>
      <symbol id="sm-b4c">
         <name>sl_WlanRxFilterSet</name>
         <value>0x2000a4ad</value>
         <object_component_ref idref="oc-10f"/>
      </symbol>
      <symbol id="sm-b4d">
         <name>sl_WlanConnect</name>
         <value>0x20007415</value>
         <object_component_ref idref="oc-11f"/>
      </symbol>
      <symbol id="sm-b4e">
         <name>sl_WlanSet</name>
         <value>0x2000a18d</value>
         <object_component_ref idref="oc-100"/>
      </symbol>
      <symbol id="sm-b4f">
         <name>_SlSmartConfigStartCmdCtrl</name>
         <value>0x2000b258</value>
         <object_component_ref idref="oc-257"/>
      </symbol>
      <symbol id="sm-b50">
         <name>sl_WlanGetNetworkList</name>
         <value>0x20009f31</value>
         <object_component_ref idref="oc-34c"/>
      </symbol>
      <symbol id="sm-b51">
         <name>sl_WlanSetMode</name>
         <value>0x2000a9d9</value>
         <object_component_ref idref="oc-d6"/>
      </symbol>
      <symbol id="sm-c16">
         <name>g_cDummy</name>
         <value>0x20017930</value>
      </symbol>
      <symbol id="sm-c17">
         <name>NwpMaskInterrupt</name>
         <value>0x2000af91</value>
         <object_component_ref idref="oc-463"/>
      </symbol>
      <symbol id="sm-c18">
         <name>NwpRegisterInterruptHandler</name>
         <value>0x2000a617</value>
         <object_component_ref idref="oc-223"/>
      </symbol>
      <symbol id="sm-c19">
         <name>NwpPowerOnPreamble</name>
         <value>0x2000941d</value>
         <object_component_ref idref="oc-1f9"/>
      </symbol>
      <symbol id="sm-c1a">
         <name>g_pHostIntHdl</name>
         <value>0x200182ac</value>
         <object_component_ref idref="oc-427"/>
      </symbol>
      <symbol id="sm-c1b">
         <name>NwpUnMaskInterrupt</name>
         <value>0x2000afd9</value>
         <object_component_ref idref="oc-6c0"/>
      </symbol>
      <symbol id="sm-c1c">
         <name>g_ucDinDout</name>
         <value>0x200182b4</value>
         <object_component_ref idref="oc-427"/>
      </symbol>
      <symbol id="sm-c1d">
         <name>NwpPowerOff</name>
         <value>0x2000a4ed</value>
         <object_component_ref idref="oc-21d"/>
      </symbol>
      <symbol id="sm-c1e">
         <name>spi_Read</name>
         <value>0x200086b5</value>
         <object_component_ref idref="oc-6b4"/>
      </symbol>
      <symbol id="sm-c1f">
         <name>DmaSpiSwIntHandler</name>
         <value>0x2000aa01</value>
         <object_component_ref idref="oc-42a"/>
      </symbol>
      <symbol id="sm-c20">
         <name>NwpPowerOn</name>
         <value>0x2000a78d</value>
         <object_component_ref idref="oc-229"/>
      </symbol>
      <symbol id="sm-c21">
         <name>spi_Close</name>
         <value>0x200097e9</value>
         <object_component_ref idref="oc-262"/>
      </symbol>
      <symbol id="sm-c22">
         <name>spi_Write</name>
         <value>0x200084fd</value>
         <object_component_ref idref="oc-617"/>
      </symbol>
      <symbol id="sm-c23">
         <name>spi_Open</name>
         <value>0x20007a9d</value>
         <object_component_ref idref="oc-205"/>
      </symbol>
      <symbol id="sm-c24">
         <name>g_ucDMAEnabled</name>
         <value>0x200182b0</value>
         <object_component_ref idref="oc-427"/>
      </symbol>
      <symbol id="sm-c25">
         <name>g_SpiFd</name>
         <value>0x200182a8</value>
         <object_component_ref idref="oc-427"/>
      </symbol>
      <symbol id="sm-cac">
         <name>IntPendClear</name>
         <value>0x20009d81</value>
         <object_component_ref idref="oc-44c"/>
      </symbol>
      <symbol id="sm-cad">
         <name>IntPrioritySet</name>
         <value>0x20009e89</value>
         <object_component_ref idref="oc-415"/>
      </symbol>
      <symbol id="sm-cae">
         <name>IntVTableBaseSet</name>
         <value>0x2000aed1</value>
         <object_component_ref idref="oc-125"/>
      </symbol>
      <symbol id="sm-caf">
         <name>IntEnable</name>
         <value>0x20008b11</value>
         <object_component_ref idref="oc-131"/>
      </symbol>
      <symbol id="sm-cb0">
         <name>IntDisable</name>
         <value>0x20008a69</value>
         <object_component_ref idref="oc-440"/>
      </symbol>
      <symbol id="sm-cb1">
         <name>IntRegister</name>
         <value>0x2000ab1d</value>
         <object_component_ref idref="oc-40f"/>
      </symbol>
      <symbol id="sm-cb2">
         <name>IntUnregister</name>
         <value>0x2000aa25</value>
         <object_component_ref idref="oc-446"/>
      </symbol>
      <symbol id="sm-cb3">
         <name>IntMasterEnable</name>
         <value>0x2000b009</value>
         <object_component_ref idref="oc-12b"/>
      </symbol>
      <symbol id="sm-ce0">
         <name>PinTypeUART</name>
         <value>0x2000acd3</value>
         <object_component_ref idref="oc-33d"/>
      </symbol>
      <symbol id="sm-ce1">
         <name>PinConfigSet</name>
         <value>0x2000906d</value>
         <object_component_ref idref="oc-503"/>
      </symbol>
      <symbol id="sm-ce2">
         <name>PinModeSet</name>
         <value>0x2000a36d</value>
         <object_component_ref idref="oc-4fd"/>
      </symbol>
      <symbol id="sm-d7c">
         <name>PRCMPeripheralReset</name>
         <value>0x20009dd9</value>
         <object_component_ref idref="oc-2c1"/>
      </symbol>
      <symbol id="sm-d7d">
         <name>PRCMPeripheralClkEnable</name>
         <value>0x2000a529</value>
         <object_component_ref idref="oc-2bb"/>
      </symbol>
      <symbol id="sm-d7e">
         <name>PRCMPeripheralClockGet</name>
         <value>0x20008d8d</value>
         <object_component_ref idref="oc-19c"/>
      </symbol>
      <symbol id="sm-d7f">
         <name>PRCMCC3200MCUInit</name>
         <value>0x20007969</value>
         <object_component_ref idref="oc-137"/>
      </symbol>
      <symbol id="sm-d80">
         <name>PRCMDeepSleepEnter</name>
         <value>0x2000a8dd</value>
         <object_component_ref idref="oc-391"/>
      </symbol>
      <symbol id="sm-d81">
         <name>PRCMHIBRegWrite</name>
         <value>0x2000ae7b</value>
         <object_component_ref idref="oc-2b5"/>
      </symbol>
      <symbol id="sm-d82">
         <name>PRCMSysResetCauseGet</name>
         <value>0x2000a909</value>
         <object_component_ref idref="oc-2cd"/>
      </symbol>
      <symbol id="sm-d83">
         <name>PRCMPeripheralStatusGet</name>
         <value>0x2000a689</value>
         <object_component_ref idref="oc-3f7"/>
      </symbol>
      <symbol id="sm-d84">
         <name>PRCMPeripheralClkDisable</name>
         <value>0x2000a989</value>
         <object_component_ref idref="oc-2c7"/>
      </symbol>
      <symbol id="sm-d85">
         <name>PRCMHIBRegRead</name>
         <value>0x2000ae65</value>
         <object_component_ref idref="oc-2af"/>
      </symbol>
      <symbol id="sm-e40">
         <name>SPIFIFODisable</name>
         <value>0x2000ad21</value>
         <object_component_ref idref="oc-4a2"/>
      </symbol>
      <symbol id="sm-e41">
         <name>SPICSEnable</name>
         <value>0x2000adbb</value>
         <object_component_ref idref="oc-6c8"/>
      </symbol>
      <symbol id="sm-e42">
         <name>SPIDisable</name>
         <value>0x2000add3</value>
         <object_component_ref idref="oc-3e5"/>
      </symbol>
      <symbol id="sm-e43">
         <name>SPIFIFOEnable</name>
         <value>0x2000ad3b</value>
         <object_component_ref idref="oc-3fd"/>
      </symbol>
      <symbol id="sm-e44">
         <name>SPIWordCountSet</name>
         <value>0x2000aafb</value>
         <object_component_ref idref="oc-6ce"/>
      </symbol>
      <symbol id="sm-e45">
         <name>SPIEnable</name>
         <value>0x2000adeb</value>
         <object_component_ref idref="oc-421"/>
      </symbol>
      <symbol id="sm-e46">
         <name>SPIDmaEnable</name>
         <value>0x2000ad07</value>
         <object_component_ref idref="oc-403"/>
      </symbol>
      <symbol id="sm-e47">
         <name>SPIConfigSetExpClk</name>
         <value>0x20008bb9</value>
         <object_component_ref idref="oc-3f1"/>
      </symbol>
      <symbol id="sm-e48">
         <name>SPIIntUnregister</name>
         <value>0x2000ad55</value>
         <object_component_ref idref="oc-49c"/>
      </symbol>
      <symbol id="sm-e49">
         <name>SPIFIFOLevelSet</name>
         <value>0x2000a6bd</value>
         <object_component_ref idref="oc-409"/>
      </symbol>
      <symbol id="sm-e4a">
         <name>SPIDmaDisable</name>
         <value>0x2000aced</value>
         <object_component_ref idref="oc-4a8"/>
      </symbol>
      <symbol id="sm-e4b">
         <name>SPIReset</name>
         <value>0x2000aad9</value>
         <object_component_ref idref="oc-3eb"/>
      </symbol>
      <symbol id="sm-e4c">
         <name>SPIIntEnable</name>
         <value>0x20009f81</value>
         <object_component_ref idref="oc-41b"/>
      </symbol>
      <symbol id="sm-e4d">
         <name>SPIIntClear</name>
         <value>0x2000a0fd</value>
         <object_component_ref idref="oc-5f2"/>
      </symbol>
      <symbol id="sm-e4e">
         <name>SPICSDisable</name>
         <value>0x2000ada3</value>
         <object_component_ref idref="oc-3df"/>
      </symbol>
      <symbol id="sm-ed2">
         <name>TimerLoadSet</name>
         <value>0x2000a935</value>
         <object_component_ref idref="oc-54d"/>
      </symbol>
      <symbol id="sm-ed3">
         <name>TimerDisable</name>
         <value>0x2000ab7d</value>
         <object_component_ref idref="oc-559"/>
      </symbol>
      <symbol id="sm-ed4">
         <name>TimerIntRegister</name>
         <value>0x2000985d</value>
         <object_component_ref idref="oc-53b"/>
      </symbol>
      <symbol id="sm-ed5">
         <name>TimerEnable</name>
         <value>0x2000ab9b</value>
         <object_component_ref idref="oc-553"/>
      </symbol>
      <symbol id="sm-ed6">
         <name>TimerIntUnregister</name>
         <value>0x200099a9</value>
         <object_component_ref idref="oc-565"/>
      </symbol>
      <symbol id="sm-ed7">
         <name>TimerIntStatus</name>
         <value>0x2000abb9</value>
         <object_component_ref idref="oc-547"/>
      </symbol>
      <symbol id="sm-ed8">
         <name>TimerIntDisable</name>
         <value>0x2000ae03</value>
         <object_component_ref idref="oc-55f"/>
      </symbol>
      <symbol id="sm-ed9">
         <name>TimerValueGet</name>
         <value>0x2000abf5</value>
         <object_component_ref idref="oc-56b"/>
      </symbol>
      <symbol id="sm-eda">
         <name>TimerPrescaleSet</name>
         <value>0x2000a95f</value>
         <object_component_ref idref="oc-535"/>
      </symbol>
      <symbol id="sm-edb">
         <name>TimerIntEnable</name>
         <value>0x2000ae1b</value>
         <object_component_ref idref="oc-541"/>
      </symbol>
      <symbol id="sm-edc">
         <name>TimerConfigure</name>
         <value>0x2000a219</value>
         <object_component_ref idref="oc-52f"/>
      </symbol>
      <symbol id="sm-edd">
         <name>TimerIntClear</name>
         <value>0x2000af49</value>
         <object_component_ref idref="oc-385"/>
      </symbol>
      <symbol id="sm-f0e">
         <name>UARTConfigSetExpClk</name>
         <value>0x20009771</value>
         <object_component_ref idref="oc-1a2"/>
      </symbol>
      <symbol id="sm-f0f">
         <name>UARTDisable</name>
         <value>0x2000a7bd</value>
         <object_component_ref idref="oc-3a7"/>
      </symbol>
      <symbol id="sm-f10">
         <name>UARTCharPut</name>
         <value>0x2000abd7</value>
         <object_component_ref idref="oc-1a8"/>
      </symbol>
      <symbol id="sm-f11">
         <name>UARTEnable</name>
         <value>0x2000aa49</value>
         <object_component_ref idref="oc-3ad"/>
      </symbol>
      <symbol id="sm-f12">
         <name>UARTCharGet</name>
         <value>0x2000ae91</value>
         <object_component_ref idref="oc-1b4"/>
      </symbol>
      <symbol id="sm-fbf">
         <name>uDMAChannelControlSet</name>
         <value>0x2000a5a1</value>
         <object_component_ref idref="oc-2fe"/>
      </symbol>
      <symbol id="sm-fc0">
         <name>uDMAIntClear</name>
         <value>0x2000af35</value>
         <object_component_ref idref="oc-2da"/>
      </symbol>
      <symbol id="sm-fc1">
         <name>uDMAChannelDisable</name>
         <value>0x2000ac65</value>
         <object_component_ref idref="oc-31c"/>
      </symbol>
      <symbol id="sm-fc2">
         <name>uDMAIntUnregister</name>
         <value>0x2000af7f</value>
         <object_component_ref idref="oc-322"/>
      </symbol>
      <symbol id="sm-fc3">
         <name>uDMAChannelAttributeEnable</name>
         <value>0x20009b45</value>
         <object_component_ref idref="oc-304"/>
      </symbol>
      <symbol id="sm-fc4">
         <name>uDMADisable</name>
         <value>0x2000afe5</value>
         <object_component_ref idref="oc-328"/>
      </symbol>
      <symbol id="sm-fc5">
         <name>uDMAChannelTransferSet</name>
         <value>0x20008321</value>
         <object_component_ref idref="oc-30a"/>
      </symbol>
      <symbol id="sm-fc6">
         <name>uDMAIntStatus</name>
         <value>0x2000affd</value>
         <object_component_ref idref="oc-2d4"/>
      </symbol>
      <symbol id="sm-fc7">
         <name>uDMAChannelAssign</name>
         <value>0x2000a065</value>
         <object_component_ref idref="oc-2f2"/>
      </symbol>
      <symbol id="sm-fc8">
         <name>uDMAIntRegister</name>
         <value>0x2000aea7</value>
         <object_component_ref idref="oc-2e0"/>
      </symbol>
      <symbol id="sm-fc9">
         <name>uDMAEnable</name>
         <value>0x2000aff1</value>
         <object_component_ref idref="oc-2e6"/>
      </symbol>
      <symbol id="sm-fca">
         <name>uDMAControlBaseSet</name>
         <value>0x2000af21</value>
         <object_component_ref idref="oc-2ec"/>
      </symbol>
      <symbol id="sm-fcb">
         <name>uDMAChannelAttributeDisable</name>
         <value>0x20009ae1</value>
         <object_component_ref idref="oc-2f8"/>
      </symbol>
      <symbol id="sm-fcc">
         <name>uDMAChannelEnable</name>
         <value>0x2000ac81</value>
         <object_component_ref idref="oc-310"/>
      </symbol>
      <symbol id="sm-fcd">
         <name>uDMAChannelRequest</name>
         <value>0x2000ac9d</value>
         <object_component_ref idref="oc-316"/>
      </symbol>
      <symbol id="sm-fd1">
         <name>UtilsDelay</name>
         <value>0x2000b023</value>
         <object_component_ref idref="oc-161"/>
      </symbol>
      <symbol id="sm-fe3">
         <name>CPUcpsie</name>
         <value>0x2000aebd</value>
         <object_component_ref idref="oc-2a4"/>
      </symbol>
      <symbol id="sm-fe4">
         <name>CPUwfi</name>
         <value>0x2000afcb</value>
         <object_component_ref idref="oc-573"/>
      </symbol>
      <symbol id="sm-fe7">
         <name>__TI_static_base__</name>
         <value>0x2000b6b8</value>
      </symbol>
      <symbol id="sm-fe8">
         <name>__TI_args_main</name>
         <value>0x1</value>
      </symbol>
      <symbol id="sm-fe9">
         <name>SHT$$INIT_ARRAY$$Limit</name>
         <value>0x0</value>
      </symbol>
      <symbol id="sm-fea">
         <name>SHT$$INIT_ARRAY$$Base</name>
         <value>0x0</value>
      </symbol>
   </symbol_table>
   <title>Link successful</title>
</link_info>
