******************************************************************************
                  TI ARM Linker PC v5.1.6                      
******************************************************************************
>> Linked Mon Aug 31 19:49:12 2015

OUTPUT FILE NAME:   <scan_and_send.out>
ENTRY POINT SYMBOL: "_c_int00"  address: 2000a725


MEMORY CONFIGURATION

         name            origin    length      used     unused   attr    fill
----------------------  --------  ---------  --------  --------  ----  --------
  SRAM_CODE             20004000   00013000  0000770a  0000b8f6  RW X
  SRAM_DATA             20017000   00019000  00001b3e  000174c2  RW X


SEGMENT ALLOCATION MAP

run origin  load origin   length   init length attrs members
----------  ----------- ---------- ----------- ----- -------
20004000    20004000    00007710   00007710    r-x
  20004000    20004000    00000400   00000400    r-- .intvecs
  20004400    20004400    00006c2e   00006c2e    r-x .text
  2000b030    2000b030    00000684   00000684    r-- .const
  2000b6b8    2000b6b8    00000058   00000058    r-- .cinit
20017000    20017000    00001344   00000000    rw-
  20017000    20017000    00000932   00000000    rw- .bss
  20017938    20017938    00000800   00000000    rw- .sysmem
  20018138    20018138    0000020c   00000000    rw- .data
2002f800    2002f800    00000800   00000000    rw-
  2002f800    2002f800    00000800   00000000    rw- .stack


SECTION ALLOCATION MAP

 output                                  attributes/
section   page    origin      length       input sections
--------  ----  ----------  ----------   ----------------
.init_array 
*          0    20004000    00000000     UNINITIALIZED

.intvecs   0    20004000    00000400     
                  20004000    00000400     startup_ccs.obj (.intvecs)

.text      0    20004400    00006c2e     
                  20004400    00000ec0     rtsv7M4_T_le_eabi.lib : _printfi.obj (.text)
                  200052c0    00000c10     main.obj (.text)
                  20005ed0    000003cc     rtsv7M4_T_le_eabi.lib : memory.obj (.text)
                  2000629c    000003b4     simplelink.a : driver.obj (.text:_SlDrvMsgRead)
                  20006650    0000034c                  : driver.obj (.text:_SlAsyncEventGenericHandler)
                  2000699c    0000026c     uart_if.obj (.text)
                  20006c08    00000260     socket_send.obj (.text)
                  20006e68    00000200     udma_if.obj (.text)
                  20007068    000001f4     rtsv7M4_T_le_eabi.lib : ull_div_t2.obj (.text)
                  2000725c    000001b6                           : fd_add_t2.obj (.text)
                  20007412    00000002     driverlib.a : interrupt.obj (.text:IntDefaultHandler)
                  20007414    0000019c     simplelink.a : wlan.obj (.text:sl_WlanConnect)
                  200075b0    00000140                  : driver.obj (.text:_SlDrvDataWriteOp)
                  200076f0    00000140                  : driver.obj (.text:_SlDrvRxHdrRead)
                  20007830    00000136     rtsv7M4_T_le_eabi.lib : fd_div_t2.obj (.text)
                  20007966    00000002     --HOLE-- [fill = 0]
                  20007968    00000134     driverlib.a : prcm.obj (.text:PRCMCC3200MCUInit)
                  20007a9c    00000128     simplelink.a : cc_pal.obj (.text:spi_Open)
                  20007bc4    00000120     Scan.obj (.text)
                  20007ce4    00000118     simplelink.a : driver.obj (.text:_SlDrvWaitForPoolObj)
                  20007dfc    00000114                  : driver.obj (.text:_SlDrvMsgWrite)
                  20007f10    0000010c                  : driver.obj (.text:_SlDrvReleasePoolObj)
                  2000801c    0000010c     deepsleep.obj (.text)
                  20008128    000000fc     rtsv7M4_T_le_eabi.lib : fd_mul_t2.obj (.text)
                  20008224    000000fa     timer_if.obj (.text)
                  2000831e    00000002     --HOLE-- [fill = 0]
                  20008320    000000f0     driverlib.a : udma.obj (.text:uDMAChannelTransferSet)
                  20008410    000000ec     simplelink.a : socket.obj (.text:sl_Connect)
                  200084fc    000000ec                  : cc_pal.obj (.text:spi_Write)
                  200085e8    000000cc                  : device.obj (.text:sl_Stop)
                  200086b4    000000cc                  : cc_pal.obj (.text:spi_Read)
                  20008780    000000c8                  : device.obj (.text:sl_Start)
                  20008848    000000bc                  : driver.obj (.text:_SlDrvMsgReadCmdCtx)
                  20008904    000000b2                  : netapp.obj (.text:_SlDrvNetAppEventHandler)
                  200089b6    00000002     --HOLE-- [fill = 0]
                  200089b8    000000b0                  : socket.obj (.text:sl_Send)
                  20008a68    000000a8     driverlib.a : interrupt.obj (.text:IntDisable)
                  20008b10    000000a8                 : interrupt.obj (.text:IntEnable)
                  20008bb8    000000a0                 : spi.obj (.text:SPIConfigSetExpClk)
                  20008c58    0000009c     rtsv7M4_T_le_eabi.lib : memcpy_t2.obj (.text)
                  20008cf4    00000098     simplelink.a : driver.obj (.text:_SlFindAndSetActiveObj)
                  20008d8c    00000094     driverlib.a : prcm.obj (.text:PRCMPeripheralClockGet)
                  20008e20    00000094     simplelink.a : driver.obj (.text:_SlDrvClassifyRxMsg)
                  20008eb4    00000094                  : driver.obj (.text:_SlDrvMsgReadSpawnCtx)
                  20008f48    00000094     rtsv7M4_T_le_eabi.lib : auto_init.obj (.text)
                  20008fdc    00000090     simplelink.a : driver.obj (.text:_SlDrvDriverCBInit)
                  2000906c    00000088     driverlib.a : pin.obj (.text:PinConfigSet)
                  200090f4    00000088     simplelink.a : driver.obj (.text:_SlDrvCmdOp)
                  2000917c    00000088     rtsv7M4_T_le_eabi.lib : vsnprintf.obj (.text)
                  20009204    00000088     simplelink.a : netapp.obj (.text:sl_NetAppMDNSRegisterUnregisterService)
                  2000928c    00000086     rtsv7M4_T_le_eabi.lib : fd_cmp_t2.obj (.text:__aeabi_cdcmple)
                  20009312    00000086                           : fd_cmp_t2.obj (.text:__aeabi_cdrcmple)
                  20009398    00000084     simplelink.a : netapp.obj (.text:_sl_HandleAsync_DnsGetHostByName)
                  2000941c    00000080                  : cc_pal.obj (.text:NwpPowerOnPreamble)
                  2000949c    0000007c                  : device.obj (.text:sl_DevGet)
                  20009518    00000078                  : cc_pal.obj (.text:SetupDMAReceive)
                  20009590    00000078                  : device.obj (.text:_sl_HandleAsync_InitComplete)
                  20009608    00000078                  : netapp.obj (.text:_sl_HandleAsync_PingResponse)
                  20009680    00000078     rtsv7M4_T_le_eabi.lib : memset_t2.obj (.text)
                  200096f8    00000078     simplelink.a : netcfg.obj (.text:sl_NetCfgGet)
                  20009770    00000076     driverlib.a : uart.obj (.text:UARTConfigSetExpClk)
                  200097e6    00000002     --HOLE-- [fill = 0]
                  200097e8    00000074     simplelink.a : cc_pal.obj (.text:spi_Close)
                  2000985c    00000070     driverlib.a : timer.obj (.text:TimerIntRegister)
                  200098cc    0000006e     simplelink.a : socket.obj (.text:_sl_TruncatePayloadByProtocol)
                  2000993a    00000002     --HOLE-- [fill = 0]
                  2000993c    0000006c                  : socket.obj (.text:_sl_HandleAsync_Connect)
                  200099a8    00000068     driverlib.a : timer.obj (.text:TimerIntUnregister)
                  20009a10    00000068     simplelink.a : socket.obj (.text:_sl_HandleAsync_Accept)
                  20009a78    00000068                  : netapp.obj (.text:_sl_HandleAsync_DnsGetHostByService)
                  20009ae0    00000064     driverlib.a : udma.obj (.text:uDMAChannelAttributeDisable)
                  20009b44    00000064                 : udma.obj (.text:uDMAChannelAttributeEnable)
                  20009ba8    00000060     simplelink.a : driver.obj (.text:_SlDrvDriverCBDeinit)
                  20009c08    00000060     rtsv7M4_T_le_eabi.lib : sprintf.obj (.text)
                  20009c68    0000005e                           : copy_decompress_rle.obj (.text)
                  20009cc6    00000002     --HOLE-- [fill = 0]
                  20009cc8    0000005c     simplelink.a : socket.obj (.text:_sl_HandleAsync_Select)
                  20009d24    0000005a     rtsv7M4_T_le_eabi.lib : ltoa.obj (.text)
                  20009d7e    00000002     --HOLE-- [fill = 0]
                  20009d80    00000058     driverlib.a : interrupt.obj (.text:IntPendClear)
                  20009dd8    00000058                 : prcm.obj (.text:PRCMPeripheralReset)
                  20009e30    00000058     simplelink.a : device.obj (.text:_sl_HandleAsync_Stop)
                  20009e88    00000054     driverlib.a : interrupt.obj (.text:IntPrioritySet)
                  20009edc    00000054     simplelink.a : netapp.obj (.text:sl_NetAppSendTokenValue)
                  20009f30    00000050                  : wlan.obj (.text:sl_WlanGetNetworkList)
                  20009f80    0000004c     driverlib.a : spi.obj (.text:SPIIntEnable)
                  20009fcc    0000004c                 : spi.obj (.text:SPIIntNumberGet)
                  2000a018    0000004c     rtsv7M4_T_le_eabi.lib : atoi.obj (.text)
                  2000a064    0000004c     driverlib.a : udma.obj (.text:uDMAChannelAssign)
                  2000a0b0    0000004a     simplelink.a : device.obj (.text:_sl_GetStartResponseConvert)
                  2000a0fa    00000002     --HOLE-- [fill = 0]
                  2000a0fc    00000048     driverlib.a : spi.obj (.text:SPIIntClear)
                  2000a144    00000048     rtsv7M4_T_le_eabi.lib : fd_toi_t2.obj (.text)
                  2000a18c    00000048     simplelink.a : wlan.obj (.text:sl_WlanSet)
                  2000a1d4    00000044     driverlib.a : spi.obj (.text:SPIDmaMaskGet)
                  2000a218    00000044                 : timer.obj (.text:TimerConfigure)
                  2000a25c    00000044     rtsv7M4_T_le_eabi.lib : cpy_tbl.obj (.text)
                  2000a2a0    00000044                           : exit.obj (.text)
                  2000a2e4    00000044                           : xdtest.obj (.text)
                  2000a328    00000044     simplelink.a : netcfg.obj (.text:sl_NetCfgSet)
                  2000a36c    00000040     driverlib.a : pin.obj (.text:PinModeSet)
                  2000a3ac    00000040     simplelink.a : driver.obj (.text:_SlDrvRxIrqHandler)
                  2000a3ec    00000040                  : nonos.obj (.text:_SlNonOsMainLoopTask)
                  2000a42c    00000040                  : driver.obj (.text:_SlRemoveFromList)
                  2000a46c    00000040                  : wlan.obj (.text:sl_WlanPolicySet)
                  2000a4ac    00000040                  : wlan.obj (.text:sl_WlanRxFilterSet)
                  2000a4ec    0000003c                  : cc_pal.obj (.text:NwpPowerOff)
                  2000a528    0000003c     driverlib.a : prcm.obj (.text:PRCMPeripheralClkEnable)
                  2000a564    0000003c     simplelink.a : driver.obj (.text:_SlDrvObjInit)
                  2000a5a0    0000003c     driverlib.a : udma.obj (.text:uDMAChannelControlSet)
                  2000a5dc    0000003a     socket_creat.obj (.text)
                  2000a616    00000038     simplelink.a : cc_pal.obj (.text:NwpRegisterInterruptHandler)
                  2000a64e    00000038                  : socket.obj (.text:sl_Htonl)
                  2000a686    00000002     --HOLE-- [fill = 0]
                  2000a688    00000034     driverlib.a : prcm.obj (.text:PRCMPeripheralStatusGet)
                  2000a6bc    00000034                 : spi.obj (.text:SPIFIFOLevelSet)
                  2000a6f0    00000034     simplelink.a : driver.obj (.text:_SlDrvBasicCmd)
                  2000a724    00000034     rtsv7M4_T_le_eabi.lib : boot.obj (.text)
                  2000a758    00000034     simplelink.a : socket.obj (.text:sl_Htons)
                  2000a78c    00000030                  : cc_pal.obj (.text:NwpPowerOn)
                  2000a7bc    00000030     driverlib.a : uart.obj (.text:UARTDisable)
                  2000a7ec    00000030     simplelink.a : flowcont.obj (.text:_SlDrvFlowContDeinit)
                  2000a81c    00000030                  : flowcont.obj (.text:_SlDrvFlowContInit)
                  2000a84c    00000030                  : nonos.obj (.text:_SlNonOsSemGet)
                  2000a87c    00000030                  : socket.obj (.text:sl_Socket)
                  2000a8ac    0000002e     rtsv7M4_T_le_eabi.lib : i_tofd_t2.obj (.text)
                  2000a8da    00000002     --HOLE-- [fill = 0]
                  2000a8dc    0000002c     driverlib.a : prcm.obj (.text:PRCMDeepSleepEnter)
                  2000a908    0000002c                 : prcm.obj (.text:PRCMSysResetCauseGet)
                  2000a934    0000002a                 : timer.obj (.text:TimerLoadSet)
                  2000a95e    0000002a                 : timer.obj (.text:TimerPrescaleSet)
                  2000a988    00000028                 : prcm.obj (.text:PRCMPeripheralClkDisable)
                  2000a9b0    00000028     simplelink.a : socket.obj (.text:_sl_BuildAddress)
                  2000a9d8    00000028                  : wlan.obj (.text:sl_WlanSetMode)
                  2000aa00    00000024                  : cc_pal.obj (.text:DmaSpiSwIntHandler)
                  2000aa24    00000024     driverlib.a : interrupt.obj (.text:IntUnregister)
                  2000aa48    00000024                 : uart.obj (.text:UARTEnable)
                  2000aa6c    00000024     rtsv7M4_T_le_eabi.lib : memmov.obj (.text)
                  2000aa90    00000024     simplelink.a : socket.obj (.text:sl_Close)
                  2000aab4    00000024                  : wlan.obj (.text:sl_WlanProfileDel)
                  2000aad8    00000022     driverlib.a : spi.obj (.text:SPIReset)
                  2000aafa    00000022                 : spi.obj (.text:SPIWordCountSet)
                  2000ab1c    00000020                 : interrupt.obj (.text:IntRegister)
                  2000ab3c    00000020     simplelink.a : driver.obj (.text:_SlDrvCmdSend)
                  2000ab5c    00000020                  : nonos.obj (.text:_SlNonOsSpawn)
                  2000ab7c    0000001e     driverlib.a : timer.obj (.text:TimerDisable)
                  2000ab9a    0000001e                 : timer.obj (.text:TimerEnable)
                  2000abb8    0000001e                 : timer.obj (.text:TimerIntStatus)
                  2000abd6    0000001e                 : uart.obj (.text:UARTCharPut)
                  2000abf4    0000001c                 : timer.obj (.text:TimerValueGet)
                  2000ac10    0000001c     simplelink.a : driver.obj (.text:_SlDrvObjDeInit)
                  2000ac2c    0000001c     pinmux.obj (.text)
                  2000ac48    0000001c     rtsv7M4_T_le_eabi.lib : memccpy.obj (.text)
                  2000ac64    0000001c     driverlib.a : udma.obj (.text:uDMAChannelDisable)
                  2000ac80    0000001c                 : udma.obj (.text:uDMAChannelEnable)
                  2000ac9c    0000001c                 : udma.obj (.text:uDMAChannelRequest)
                  2000acb8    0000001a     simplelink.a : netapp.obj (.text:CopyPingResultsToReport)
                  2000acd2    0000001a     driverlib.a : pin.obj (.text:PinTypeUART)
                  2000acec    0000001a                 : spi.obj (.text:SPIDmaDisable)
                  2000ad06    0000001a                 : spi.obj (.text:SPIDmaEnable)
                  2000ad20    0000001a                 : spi.obj (.text:SPIFIFODisable)
                  2000ad3a    0000001a                 : spi.obj (.text:SPIFIFOEnable)
                  2000ad54    0000001a                 : spi.obj (.text:SPIIntUnregister)
                  2000ad6e    0000001a     simplelink.a : device.obj (.text:_SlDrvDeviceEventHandler)
                  2000ad88    0000001a     rtsv7M4_T_le_eabi.lib : strcat.obj (.text)
                  2000ada2    00000018     driverlib.a : spi.obj (.text:SPICSDisable)
                  2000adba    00000018                 : spi.obj (.text:SPICSEnable)
                  2000add2    00000018                 : spi.obj (.text:SPIDisable)
                  2000adea    00000018                 : spi.obj (.text:SPIEnable)
                  2000ae02    00000018                 : timer.obj (.text:TimerIntDisable)
                  2000ae1a    00000018                 : timer.obj (.text:TimerIntEnable)
                  2000ae32    00000002     --HOLE-- [fill = 0]
                  2000ae34    00000018     rtsv7M4_T_le_eabi.lib : args_main.obj (.text)
                  2000ae4c    00000018                           : ll_mul_t2.obj (.text)
                  2000ae64    00000016     driverlib.a : prcm.obj (.text:PRCMHIBRegRead)
                  2000ae7a    00000016                 : prcm.obj (.text:PRCMHIBRegWrite)
                  2000ae90    00000016                 : uart.obj (.text:UARTCharGet)
                  2000aea6    00000016                 : udma.obj (.text:uDMAIntRegister)
                  2000aebc    00000014                 : cpu.obj (.text:CPUcpsie)
                  2000aed0    00000014                 : interrupt.obj (.text:IntVTableBaseSet)
                  2000aee4    00000014     simplelink.a : driver.obj (.text:_SlDrvShiftDWord)
                  2000aef8    00000014     rtsv7M4_T_le_eabi.lib : _lock.obj (.text)
                  2000af0c    00000014                           : strlen.obj (.text)
                  2000af20    00000014     driverlib.a : udma.obj (.text:uDMAControlBaseSet)
                  2000af34    00000014                 : udma.obj (.text:uDMAIntClear)
                  2000af48    00000012                 : timer.obj (.text:TimerIntClear)
                  2000af5a    00000012     rtsv7M4_T_le_eabi.lib : copy_zero_init.obj (.text:decompress:ZI)
                  2000af6c    00000012     simplelink.a : netapp.obj (.text:sl_NetAppMDNSUnRegisterService)
                  2000af7e    00000012     driverlib.a : udma.obj (.text:uDMAIntUnregister)
                  2000af90    00000010     simplelink.a : cc_pal.obj (.text:NwpMaskInterrupt)
                  2000afa0    0000000e     rtsv7M4_T_le_eabi.lib : copy_decompress_none.obj (.text:decompress:none)
                  2000afae    0000000e                           : xdclass.obj (.text)
                  2000afbc    0000000e     startup_ccs.obj (.text)
                  2000afca    0000000c     driverlib.a : cpu.obj (.text:CPUwfi)
                  2000afd6    00000002     --HOLE-- [fill = 0]
                  2000afd8    0000000c     simplelink.a : cc_pal.obj (.text:NwpUnMaskInterrupt)
                  2000afe4    0000000c     driverlib.a : udma.obj (.text:uDMADisable)
                  2000aff0    0000000c                 : udma.obj (.text:uDMAEnable)
                  2000affc    0000000c                 : udma.obj (.text:uDMAIntStatus)
                  2000b008    0000000a                 : interrupt.obj (.text:IntMasterEnable)
                  2000b012    00000008     simplelink.a : nonos.obj (.text:_SlNonOsSemSet)
                  2000b01a    00000008                  : wlan.obj (.text:sl_WlanDisconnect)
                  2000b022    00000006     driverlib.a : utils.obj (.text:UtilsDelay)
                  2000b028    00000006     rtsv7M4_T_le_eabi.lib : copy_decompress_rle.obj (.text:decompress:rle24)

.const     0    2000b030    00000684     
                  2000b030    00000102     rtsv7M4_T_le_eabi.lib : ctype.obj (.const:.string:_ctypes_)
                  2000b132    00000002     --HOLE-- [fill = 0]
                  2000b134    00000100     driverlib.a : pin.obj (.const:g_ulPinToPadMap)
                  2000b234    000000ec     simplelink.a : wlan.obj (.const)
                  2000b320    000000d4     driverlib.a : interrupt.obj (.const:g_pulRegs)
                  2000b3f4    000000a8                 : prcm.obj (.const:PRCM_PeriphRegsList)
                  2000b49c    00000080                 : interrupt.obj (.const)
                  2000b51c    0000004c     simplelink.a : driver.obj (.const)
                  2000b568    00000034                  : socket.obj (.const)
                  2000b59c    0000002c     main.obj (.const:$P$T1$2)
                  2000b5c8    00000028     main.obj (.const:.string)
                  2000b5f0    00000028     simplelink.a : netapp.obj (.const)
                  2000b618    00000024     driverlib.a : spi.obj (.const:g_ppulSPIIntMap)
                  2000b63c    00000022     main.obj (.const:.string:$P$T0$1)
                  2000b65e    00000002     --HOLE-- [fill = 0]
                  2000b660    00000020     main.obj (.const)
                  2000b680    00000018     driverlib.a : spi.obj (.const)
                  2000b698    00000014     simplelink.a : device.obj (.const)
                  2000b6ac    00000008                  : netcfg.obj (.const)

.cinit     0    2000b6b8    00000058     
                  2000b6b8    00000032     (.cinit..data.load) [load image, compression = rle]
                  2000b6ea    00000002     --HOLE-- [fill = 0]
                  2000b6ec    0000000c     (__TI_handler_table)
                  2000b6f8    00000008     (.cinit..bss.load) [load image, compression = zero_init]
                  2000b700    00000010     (__TI_cinit_table)

.bss       0    20017000    00000932     UNINITIALIZED
                  20017000    00000400     udma_if.obj (.bss:gpCtlTbl)
                  20017400    00000370     Scan.obj (.bss:netEntries)
                  20017770    00000100     udma_if.obj (.bss:gfpAppCallbackHndl)
                  20017870    00000064     socket_send.obj (.bss:g_cBsdBuf)
                  200178d4    00000028     simplelink.a : nonos.obj (.bss:g__SlNonOsCB)
                  200178fc    00000024     main.obj (.bss:g_ucConnectionSSID)
                  20017920    00000008     (.common:g_ucConnectionBSSID)
                  20017928    00000004     (.common:__Errorlog)
                  2001792c    00000004     (.common:iSockID)
                  20017930    00000001     (.common:g_cDummy)
                  20017931    00000001     (.common:iDone)

.sysmem    0    20017938    00000800     UNINITIALIZED
                  20017938    00000008     rtsv7M4_T_le_eabi.lib : memory.obj (.sysmem)
                  20017940    000007f8     --HOLE--

.data      0    20018138    0000020c     UNINITIALIZED
                  20018138    00000170     simplelink.a : driver.obj (.data)
                  200182a8    0000005c                  : cc_pal.obj (.data)
                  20018304    00000020     main.obj (.data)
                  20018324    0000000c     rtsv7M4_T_le_eabi.lib : memory.obj (.data)
                  20018330    00000008                           : _lock.obj (.data)
                  20018338    00000008                           : exit.obj (.data)
                  20018340    00000004                           : stkdepth_vars.obj (.data)

.stack     0    2002f800    00000800     UNINITIALIZED
                  2002f800    00000800     --HOLE--


LINKER GENERATED COPY TABLES

__TI_cinit_table @ 2000b700 records: 2, size/record: 8, table size: 16
	.data: load addr=2000b6b8, load size=00000032 bytes, run addr=20018138, run size=0000020c bytes, compression=rle
	.bss: load addr=2000b6f8, load size=00000008 bytes, run addr=20017000, run size=00000932 bytes, compression=zero_init


LINKER GENERATED HANDLER TABLE

__TI_handler_table @ 2000b6ec records: 3, size/record: 4, table size: 12
	index: 0, handler: __TI_decompress_rle24
	index: 1, handler: __TI_decompress_none
	index: 2, handler: __TI_zero_init


GLOBAL SYMBOLS: SORTED ALPHABETICALLY BY Name 

address    name
--------   ----
20018318   ApList
2000801d   AppGPTCallBackHandler
2000a2a1   C$$EXIT
2000aebd   CPUcpsie
2000afcb   CPUwfi
200069dd   ClearTerm
2000acb9   CopyPingResultsToReport
2000700f   DMASetupTransfer
20006e7f   DmaErrorIntHandler
2000aa01   DmaSpiSwIntHandler
20006e69   DmaSwIntHandler
200069e7   Error
20018314   FaildCount
20006a1f   GetCmd
20005bc9   IdGet
2000699d   InitTerm
20008a69   IntDisable
20008b11   IntEnable
2000b009   IntMasterEnable
20009d81   IntPendClear
20009e89   IntPrioritySet
2000ab1d   IntRegister
2000aa25   IntUnregister
2000aed1   IntVTableBaseSet
200069bb   Message
2000af91   NwpMaskInterrupt
2000a4ed   NwpPowerOff
2000a78d   NwpPowerOn
2000941d   NwpPowerOnPreamble
2000a617   NwpRegisterInterruptHandler
2000afd9   NwpUnMaskInterrupt
20007969   PRCMCC3200MCUInit
2000a8dd   PRCMDeepSleepEnter
2000ae65   PRCMHIBRegRead
2000ae7b   PRCMHIBRegWrite
2000a989   PRCMPeripheralClkDisable
2000a529   PRCMPeripheralClkEnable
20008d8d   PRCMPeripheralClockGet
20009dd9   PRCMPeripheralReset
2000a689   PRCMPeripheralStatusGet
2000a909   PRCMSysResetCauseGet
20008031   PerformPRCMDeepSleepGPTWakeup
2000906d   PinConfigSet
2000a36d   PinModeSet
2000ac2d   PinMuxConfig
2000acd3   PinTypeUART
20006b49   Report
2000afbd   ResetISR
UNDEFED    SHT$$INIT_ARRAY$$Base
UNDEFED    SHT$$INIT_ARRAY$$Limit
2000ada3   SPICSDisable
2000adbb   SPICSEnable
20008bb9   SPIConfigSetExpClk
2000add3   SPIDisable
2000aced   SPIDmaDisable
2000ad07   SPIDmaEnable
2000adeb   SPIEnable
2000ad21   SPIFIFODisable
2000ad3b   SPIFIFOEnable
2000a6bd   SPIFIFOLevelSet
2000a0fd   SPIIntClear
20009f81   SPIIntEnable
2000ad55   SPIIntUnregister
2000aad9   SPIReset
2000aafb   SPIWordCountSet
20006c09   ServerConnect
20006f11   SetupTransfer
200054a9   SimpleLinkGeneralEventHandler
20005495   SimpleLinkHttpServerCallback
200053e5   SimpleLinkNetAppEventHandler
200054cd   SimpleLinkSockEventHandler
200052c1   SimpleLinkWlanEventHandler
2000a5dd   SocketCreat
20006c5b   SocketSend
2000a219   TimerConfigure
2000ab7d   TimerDisable
2000ab9b   TimerEnable
2000af49   TimerIntClear
2000ae03   TimerIntDisable
2000ae1b   TimerIntEnable
2000985d   TimerIntRegister
2000abb9   TimerIntStatus
200099a9   TimerIntUnregister
2000a935   TimerLoadSet
2000a95f   TimerPrescaleSet
2000abf5   TimerValueGet
200082d9   Timer_IF_DeInit
20008307   Timer_IF_GetCount
20008225   Timer_IF_Init
20008257   Timer_IF_IntSetup
20008295   Timer_IF_InterruptClear
200082f3   Timer_IF_ReLoad
200082ad   Timer_IF_Start
200082c9   Timer_IF_Stop
20006ab1   TrimSpace
2000ae91   UARTCharGet
2000abd7   UARTCharPut
20009771   UARTConfigSetExpClk
2000a7bd   UARTDisable
2000aa49   UARTEnable
20006ee3   UDMAChannelSelect
20006ffb   UDMADeInit
20006e8b   UDMAInit
20006f55   UDMASetupAutoMemTransfer
20006f89   UDMASetupPingPongTransfer
20006fe3   UDMAStartTransfer
20006fef   UDMAStopTransfer
2000b023   UtilsDelay
20007bc5   WlanScan
2000afaf   _Dclass
2000a2e5   _Dtest
2000b588   _SlAcceptCmdCtrl
2000b530   _SlActionLookupTable
20006651   _SlAsyncEventGenericHandler
2000b6a4   _SlDeviceGetCmdCtrl
2000b6a8   _SlDeviceSetCmdCtrl
2000a6f1   _SlDrvBasicCmd
20008e21   _SlDrvClassifyRxMsg
200090f5   _SlDrvCmdOp
2000ab3d   _SlDrvCmdSend
200075b1   _SlDrvDataWriteOp
2000ad6f   _SlDrvDeviceEventHandler
20009ba9   _SlDrvDriverCBDeinit
20008fdd   _SlDrvDriverCBInit
2000a7ed   _SlDrvFlowContDeinit
2000a81d   _SlDrvFlowContInit
2000629d   _SlDrvMsgRead
20008849   _SlDrvMsgReadCmdCtx
20008eb5   _SlDrvMsgReadSpawnCtx
20007dfd   _SlDrvMsgWrite
20008905   _SlDrvNetAppEventHandler
2000ac11   _SlDrvObjDeInit
2000a565   _SlDrvObjInit
20007f11   _SlDrvReleasePoolObj
200076f1   _SlDrvRxHdrRead
2000a3ad   _SlDrvRxIrqHandler
2000aee5   _SlDrvShiftDWord
20007ce5   _SlDrvWaitForPoolObj
2000b6a0   _SlEventMaskGetCmdCtrl
2000b69c   _SlEventMaskSetCmdCtrl
20008cf5   _SlFindAndSetActiveObj
2000b608   _SlGetHostByNameCtrl
2000b604   _SlGetHostByServiceCtrl
2000b5fc   _SlGetServiceListeCtrl
2000b594   _SlGetSockOptCmdCtrl
2000b584   _SlListenCmdCtrl
2000b614   _SlNetAppGetCmdCtrl
2000b610   _SlNetAppSendTokenValueCmdCtrl
2000b60c   _SlNetAppSetCmdCtrl
2000b5f4   _SlNetAppStartCtrl
2000b5f8   _SlNetAppStopCtrl
2000b6b0   _SlNetCfgGetCmdCtrl
2000b6ac   _SlNetCfgSetCmdCtrl
2000a3ed   _SlNonOsMainLoopTask
2000a84d   _SlNonOsSemGet
2000b013   _SlNonOsSemSet
2000ab5d   _SlNonOsSpawn
2000b23c   _SlPolicyGetCmdCtrl
2000b238   _SlPolicySetCmdCtrl
2000b244   _SlProfileDelCmdCtrl
2000b240   _SlProfileGetCmdCtrl
2000b58c   _SlRecvCmdCtrl
2000b57c   _SlRecvfomCmdCtrl
2000b600   _SlRegisterServiceCtrl
2000a42d   _SlRemoveFromList
2000b24c   _SlRxFilterAddtCmdCtrl
2000b254   _SlRxFilterGetCmdCtrl
2000b250   _SlRxFilterSetCmdCtrl
2000b598   _SlSelectCmdCtrl
2000b580   _SlSendCmdCtrl
2000b590   _SlSetSockOptCmdCtrl
2000b258   _SlSmartConfigStartCmdCtrl
2000b578   _SlSockCloseCmdCtrl
2000b574   _SlSockSocketCmdCtrl
2000b698   _SlStopCmdCtrl
2000b264   _SlWlanCfgGetCmdCtrl
2000b260   _SlWlanCfgSetCmdCtrl
2000b248   _SlWlanGetNetworkListCtrl
2000b25c   _SlWlanSetModeCmdCtrl
20030000   __STACK_END
00000800   __STACK_SIZE
00000800   __SYSMEM_SIZE
2000b700   __TI_CINIT_Base
2000b710   __TI_CINIT_Limit
2000b6ec   __TI_Handler_Table_Base
2000b6f8   __TI_Handler_Table_Limit
00000001   __TI_args_main
20008f49   __TI_auto_init
20018338   __TI_cleanup_ptr
2000afa1   __TI_decompress_none
2000b029   __TI_decompress_rle24
2001833c   __TI_dtors_ptr
20004fb7   __TI_printfi
2000b6b8   __TI_static_base__
2000af5b   __TI_zero_init
2000928d   __aeabi_cdcmpeq
2000928d   __aeabi_cdcmple
20009313   __aeabi_cdrcmple
2000a145   __aeabi_d2iz
20007267   __aeabi_dadd
20007831   __aeabi_ddiv
20008129   __aeabi_dmul
2000725d   __aeabi_dsub
2000a8ad   __aeabi_i2d
2000ae4d   __aeabi_lmul
20009681   __aeabi_memclr
20009681   __aeabi_memclr4
20009681   __aeabi_memclr8
20008c59   __aeabi_memcpy
20008c59   __aeabi_memcpy4
20008c59   __aeabi_memcpy8
20009683   __aeabi_memset
20009683   __aeabi_memset4
20009683   __aeabi_memset8
20007069   __aeabi_uldivmod
ffffffff   __binit__
ffffffff   __c_args__
2002f800   __stack
2000ae35   _args_main
2000a725   _c_int00
2000b030   _ctypes_
20018330   _lock
2000af07   _nop
2000aeff   _register_lock
2000aef9   _register_unlock
2000a9b1   _sl_BuildAddress
2000a0b1   _sl_GetStartResponseConvert
20009a11   _sl_HandleAsync_Accept
2000993d   _sl_HandleAsync_Connect
20009399   _sl_HandleAsync_DnsGetHostByName
20009a79   _sl_HandleAsync_DnsGetHostByService
20009591   _sl_HandleAsync_InitComplete
20009609   _sl_HandleAsync_PingResponse
20009cc9   _sl_HandleAsync_Select
20009e31   _sl_HandleAsync_Stop
200098cd   _sl_TruncatePayloadByProtocol
20017938   _sys_memory
20018334   _unlock
2000a2a5   abort
2000a019   atoi
ffffffff   binit
20006265   calloc
2000a25d   copy_in
2000a2ad   exit
20005fbf   free
2001813c   gFirstCmdMode
2000b528   g_H2NCnysPattern
2000b520   g_H2NSyncPattern
200182a8   g_SpiFd
20018144   g_StatMem
200178d4   g__SlNonOsCB
20017870   g_cBsdBuf
20017930   g_cDummy
20018140   g_pCB
200182ac   g_pHostIntHdl
20004000   g_pfnVectors
20017920   g_ucConnectionBSSID
200178fc   g_ucConnectionSSID
2001830c   g_ucConnectionStatus
200182b0   g_ucDMAEnabled
200182b4   g_ucDinDout
2001830d   g_ucSimplelinkstarted
20018308   g_ulGatewayIP
20018310   g_ulIpAddr
20018304   g_ulStatus
20017770   gfpAppCallbackHndl
20017000   gpCtlTbl
20017931   iDone
2001792c   iSockID
20009d25   ltoa
20005c5d   main
20018340   main_func_sp
20005f5d   malloc
20006185   memalign
2000ac49   memccpy
20008c59   memcpy
2000aa6d   memmove
20009689   memset
20005ed1   minit
20017400   netEntries
20018138   pPingCallBackFunc
2000607f   realloc
2000aa91   sl_Close
20008411   sl_Connect
2000949d   sl_DevGet
2000a64f   sl_Htonl
2000a759   sl_Htons
20009205   sl_NetAppMDNSRegisterUnregisterService
2000af6d   sl_NetAppMDNSUnRegisterService
20009edd   sl_NetAppSendTokenValue
200096f9   sl_NetCfgGet
2000a329   sl_NetCfgSet
200089b9   sl_Send
2000a87d   sl_Socket
20008781   sl_Start
200085e9   sl_Stop
20007415   sl_WlanConnect
2000b01b   sl_WlanDisconnect
20009f31   sl_WlanGetNetworkList
2000a46d   sl_WlanPolicySet
2000aab5   sl_WlanProfileDel
2000a4ad   sl_WlanRxFilterSet
2000a18d   sl_WlanSet
2000a9d9   sl_WlanSetMode
200097e9   spi_Close
20007a9d   spi_Open
200086b5   spi_Read
200084fd   spi_Write
20009c09   sprintf
2000ad89   strcat
2000af0d   strlen
2000a065   uDMAChannelAssign
20009ae1   uDMAChannelAttributeDisable
20009b45   uDMAChannelAttributeEnable
2000a5a1   uDMAChannelControlSet
2000ac65   uDMAChannelDisable
2000ac81   uDMAChannelEnable
2000ac9d   uDMAChannelRequest
20008321   uDMAChannelTransferSet
2000af21   uDMAControlBaseSet
2000afe5   uDMADisable
2000aff1   uDMAEnable
2000af35   uDMAIntClear
2000aea7   uDMAIntRegister
2000affd   uDMAIntStatus
2000af7f   uDMAIntUnregister
2000917d   vsnprintf


GLOBAL SYMBOLS: SORTED BY Symbol Address 

address    name
--------   ----
00000001   __TI_args_main
00000800   __STACK_SIZE
00000800   __SYSMEM_SIZE
20004000   g_pfnVectors
20004fb7   __TI_printfi
200052c1   SimpleLinkWlanEventHandler
200053e5   SimpleLinkNetAppEventHandler
20005495   SimpleLinkHttpServerCallback
200054a9   SimpleLinkGeneralEventHandler
200054cd   SimpleLinkSockEventHandler
20005bc9   IdGet
20005c5d   main
20005ed1   minit
20005f5d   malloc
20005fbf   free
2000607f   realloc
20006185   memalign
20006265   calloc
2000629d   _SlDrvMsgRead
20006651   _SlAsyncEventGenericHandler
2000699d   InitTerm
200069bb   Message
200069dd   ClearTerm
200069e7   Error
20006a1f   GetCmd
20006ab1   TrimSpace
20006b49   Report
20006c09   ServerConnect
20006c5b   SocketSend
20006e69   DmaSwIntHandler
20006e7f   DmaErrorIntHandler
20006e8b   UDMAInit
20006ee3   UDMAChannelSelect
20006f11   SetupTransfer
20006f55   UDMASetupAutoMemTransfer
20006f89   UDMASetupPingPongTransfer
20006fe3   UDMAStartTransfer
20006fef   UDMAStopTransfer
20006ffb   UDMADeInit
2000700f   DMASetupTransfer
20007069   __aeabi_uldivmod
2000725d   __aeabi_dsub
20007267   __aeabi_dadd
20007415   sl_WlanConnect
200075b1   _SlDrvDataWriteOp
200076f1   _SlDrvRxHdrRead
20007831   __aeabi_ddiv
20007969   PRCMCC3200MCUInit
20007a9d   spi_Open
20007bc5   WlanScan
20007ce5   _SlDrvWaitForPoolObj
20007dfd   _SlDrvMsgWrite
20007f11   _SlDrvReleasePoolObj
2000801d   AppGPTCallBackHandler
20008031   PerformPRCMDeepSleepGPTWakeup
20008129   __aeabi_dmul
20008225   Timer_IF_Init
20008257   Timer_IF_IntSetup
20008295   Timer_IF_InterruptClear
200082ad   Timer_IF_Start
200082c9   Timer_IF_Stop
200082d9   Timer_IF_DeInit
200082f3   Timer_IF_ReLoad
20008307   Timer_IF_GetCount
20008321   uDMAChannelTransferSet
20008411   sl_Connect
200084fd   spi_Write
200085e9   sl_Stop
200086b5   spi_Read
20008781   sl_Start
20008849   _SlDrvMsgReadCmdCtx
20008905   _SlDrvNetAppEventHandler
200089b9   sl_Send
20008a69   IntDisable
20008b11   IntEnable
20008bb9   SPIConfigSetExpClk
20008c59   __aeabi_memcpy
20008c59   __aeabi_memcpy4
20008c59   __aeabi_memcpy8
20008c59   memcpy
20008cf5   _SlFindAndSetActiveObj
20008d8d   PRCMPeripheralClockGet
20008e21   _SlDrvClassifyRxMsg
20008eb5   _SlDrvMsgReadSpawnCtx
20008f49   __TI_auto_init
20008fdd   _SlDrvDriverCBInit
2000906d   PinConfigSet
200090f5   _SlDrvCmdOp
2000917d   vsnprintf
20009205   sl_NetAppMDNSRegisterUnregisterService
2000928d   __aeabi_cdcmpeq
2000928d   __aeabi_cdcmple
20009313   __aeabi_cdrcmple
20009399   _sl_HandleAsync_DnsGetHostByName
2000941d   NwpPowerOnPreamble
2000949d   sl_DevGet
20009591   _sl_HandleAsync_InitComplete
20009609   _sl_HandleAsync_PingResponse
20009681   __aeabi_memclr
20009681   __aeabi_memclr4
20009681   __aeabi_memclr8
20009683   __aeabi_memset
20009683   __aeabi_memset4
20009683   __aeabi_memset8
20009689   memset
200096f9   sl_NetCfgGet
20009771   UARTConfigSetExpClk
200097e9   spi_Close
2000985d   TimerIntRegister
200098cd   _sl_TruncatePayloadByProtocol
2000993d   _sl_HandleAsync_Connect
200099a9   TimerIntUnregister
20009a11   _sl_HandleAsync_Accept
20009a79   _sl_HandleAsync_DnsGetHostByService
20009ae1   uDMAChannelAttributeDisable
20009b45   uDMAChannelAttributeEnable
20009ba9   _SlDrvDriverCBDeinit
20009c09   sprintf
20009cc9   _sl_HandleAsync_Select
20009d25   ltoa
20009d81   IntPendClear
20009dd9   PRCMPeripheralReset
20009e31   _sl_HandleAsync_Stop
20009e89   IntPrioritySet
20009edd   sl_NetAppSendTokenValue
20009f31   sl_WlanGetNetworkList
20009f81   SPIIntEnable
2000a019   atoi
2000a065   uDMAChannelAssign
2000a0b1   _sl_GetStartResponseConvert
2000a0fd   SPIIntClear
2000a145   __aeabi_d2iz
2000a18d   sl_WlanSet
2000a219   TimerConfigure
2000a25d   copy_in
2000a2a1   C$$EXIT
2000a2a5   abort
2000a2ad   exit
2000a2e5   _Dtest
2000a329   sl_NetCfgSet
2000a36d   PinModeSet
2000a3ad   _SlDrvRxIrqHandler
2000a3ed   _SlNonOsMainLoopTask
2000a42d   _SlRemoveFromList
2000a46d   sl_WlanPolicySet
2000a4ad   sl_WlanRxFilterSet
2000a4ed   NwpPowerOff
2000a529   PRCMPeripheralClkEnable
2000a565   _SlDrvObjInit
2000a5a1   uDMAChannelControlSet
2000a5dd   SocketCreat
2000a617   NwpRegisterInterruptHandler
2000a64f   sl_Htonl
2000a689   PRCMPeripheralStatusGet
2000a6bd   SPIFIFOLevelSet
2000a6f1   _SlDrvBasicCmd
2000a725   _c_int00
2000a759   sl_Htons
2000a78d   NwpPowerOn
2000a7bd   UARTDisable
2000a7ed   _SlDrvFlowContDeinit
2000a81d   _SlDrvFlowContInit
2000a84d   _SlNonOsSemGet
2000a87d   sl_Socket
2000a8ad   __aeabi_i2d
2000a8dd   PRCMDeepSleepEnter
2000a909   PRCMSysResetCauseGet
2000a935   TimerLoadSet
2000a95f   TimerPrescaleSet
2000a989   PRCMPeripheralClkDisable
2000a9b1   _sl_BuildAddress
2000a9d9   sl_WlanSetMode
2000aa01   DmaSpiSwIntHandler
2000aa25   IntUnregister
2000aa49   UARTEnable
2000aa6d   memmove
2000aa91   sl_Close
2000aab5   sl_WlanProfileDel
2000aad9   SPIReset
2000aafb   SPIWordCountSet
2000ab1d   IntRegister
2000ab3d   _SlDrvCmdSend
2000ab5d   _SlNonOsSpawn
2000ab7d   TimerDisable
2000ab9b   TimerEnable
2000abb9   TimerIntStatus
2000abd7   UARTCharPut
2000abf5   TimerValueGet
2000ac11   _SlDrvObjDeInit
2000ac2d   PinMuxConfig
2000ac49   memccpy
2000ac65   uDMAChannelDisable
2000ac81   uDMAChannelEnable
2000ac9d   uDMAChannelRequest
2000acb9   CopyPingResultsToReport
2000acd3   PinTypeUART
2000aced   SPIDmaDisable
2000ad07   SPIDmaEnable
2000ad21   SPIFIFODisable
2000ad3b   SPIFIFOEnable
2000ad55   SPIIntUnregister
2000ad6f   _SlDrvDeviceEventHandler
2000ad89   strcat
2000ada3   SPICSDisable
2000adbb   SPICSEnable
2000add3   SPIDisable
2000adeb   SPIEnable
2000ae03   TimerIntDisable
2000ae1b   TimerIntEnable
2000ae35   _args_main
2000ae4d   __aeabi_lmul
2000ae65   PRCMHIBRegRead
2000ae7b   PRCMHIBRegWrite
2000ae91   UARTCharGet
2000aea7   uDMAIntRegister
2000aebd   CPUcpsie
2000aed1   IntVTableBaseSet
2000aee5   _SlDrvShiftDWord
2000aef9   _register_unlock
2000aeff   _register_lock
2000af07   _nop
2000af0d   strlen
2000af21   uDMAControlBaseSet
2000af35   uDMAIntClear
2000af49   TimerIntClear
2000af5b   __TI_zero_init
2000af6d   sl_NetAppMDNSUnRegisterService
2000af7f   uDMAIntUnregister
2000af91   NwpMaskInterrupt
2000afa1   __TI_decompress_none
2000afaf   _Dclass
2000afbd   ResetISR
2000afcb   CPUwfi
2000afd9   NwpUnMaskInterrupt
2000afe5   uDMADisable
2000aff1   uDMAEnable
2000affd   uDMAIntStatus
2000b009   IntMasterEnable
2000b013   _SlNonOsSemSet
2000b01b   sl_WlanDisconnect
2000b023   UtilsDelay
2000b029   __TI_decompress_rle24
2000b030   _ctypes_
2000b238   _SlPolicySetCmdCtrl
2000b23c   _SlPolicyGetCmdCtrl
2000b240   _SlProfileGetCmdCtrl
2000b244   _SlProfileDelCmdCtrl
2000b248   _SlWlanGetNetworkListCtrl
2000b24c   _SlRxFilterAddtCmdCtrl
2000b250   _SlRxFilterSetCmdCtrl
2000b254   _SlRxFilterGetCmdCtrl
2000b258   _SlSmartConfigStartCmdCtrl
2000b25c   _SlWlanSetModeCmdCtrl
2000b260   _SlWlanCfgSetCmdCtrl
2000b264   _SlWlanCfgGetCmdCtrl
2000b520   g_H2NSyncPattern
2000b528   g_H2NCnysPattern
2000b530   _SlActionLookupTable
2000b574   _SlSockSocketCmdCtrl
2000b578   _SlSockCloseCmdCtrl
2000b57c   _SlRecvfomCmdCtrl
2000b580   _SlSendCmdCtrl
2000b584   _SlListenCmdCtrl
2000b588   _SlAcceptCmdCtrl
2000b58c   _SlRecvCmdCtrl
2000b590   _SlSetSockOptCmdCtrl
2000b594   _SlGetSockOptCmdCtrl
2000b598   _SlSelectCmdCtrl
2000b5f4   _SlNetAppStartCtrl
2000b5f8   _SlNetAppStopCtrl
2000b5fc   _SlGetServiceListeCtrl
2000b600   _SlRegisterServiceCtrl
2000b604   _SlGetHostByServiceCtrl
2000b608   _SlGetHostByNameCtrl
2000b60c   _SlNetAppSetCmdCtrl
2000b610   _SlNetAppSendTokenValueCmdCtrl
2000b614   _SlNetAppGetCmdCtrl
2000b698   _SlStopCmdCtrl
2000b69c   _SlEventMaskSetCmdCtrl
2000b6a0   _SlEventMaskGetCmdCtrl
2000b6a4   _SlDeviceGetCmdCtrl
2000b6a8   _SlDeviceSetCmdCtrl
2000b6ac   _SlNetCfgSetCmdCtrl
2000b6b0   _SlNetCfgGetCmdCtrl
2000b6b8   __TI_static_base__
2000b6ec   __TI_Handler_Table_Base
2000b6f8   __TI_Handler_Table_Limit
2000b700   __TI_CINIT_Base
2000b710   __TI_CINIT_Limit
20017000   gpCtlTbl
20017400   netEntries
20017770   gfpAppCallbackHndl
20017870   g_cBsdBuf
200178d4   g__SlNonOsCB
200178fc   g_ucConnectionSSID
20017920   g_ucConnectionBSSID
2001792c   iSockID
20017930   g_cDummy
20017931   iDone
20017938   _sys_memory
20018138   pPingCallBackFunc
2001813c   gFirstCmdMode
20018140   g_pCB
20018144   g_StatMem
200182a8   g_SpiFd
200182ac   g_pHostIntHdl
200182b0   g_ucDMAEnabled
200182b4   g_ucDinDout
20018304   g_ulStatus
20018308   g_ulGatewayIP
2001830c   g_ucConnectionStatus
2001830d   g_ucSimplelinkstarted
20018310   g_ulIpAddr
20018314   FaildCount
20018318   ApList
20018330   _lock
20018334   _unlock
20018338   __TI_cleanup_ptr
2001833c   __TI_dtors_ptr
20018340   main_func_sp
2002f800   __stack
20030000   __STACK_END
ffffffff   __binit__
ffffffff   __c_args__
ffffffff   binit
UNDEFED    SHT$$INIT_ARRAY$$Base
UNDEFED    SHT$$INIT_ARRAY$$Limit

[327 symbols]
