<?xml version="1.0"?>
<link_info>
   <banner>TI ARM Linker PC v5.1.6</banner>
   <copyright>Copyright (c) 1996-2014 Texas Instruments Incorporated</copyright>
   <link_time>0x55b1f814</link_time>
   <link_errors>0x0</link_errors>
   <output_file>tcp_socket.out</output_file>
   <entry_point>
      <name>_c_int00</name>
      <address>0x2000a605</address>
   </entry_point>
   <input_file_list>
      <input_file id="fl-2">
         <path>.\</path>
         <kind>object</kind>
         <file>Scan.obj</file>
         <name>Scan.obj</name>
      </input_file>
      <input_file id="fl-3">
         <path>.\</path>
         <kind>object</kind>
         <file>SendSocket.obj</file>
         <name>SendSocket.obj</name>
      </input_file>
      <input_file id="fl-4">
         <path>.\</path>
         <kind>object</kind>
         <file>gpio_if.obj</file>
         <name>gpio_if.obj</name>
      </input_file>
      <input_file id="fl-5">
         <path>.\</path>
         <kind>object</kind>
         <file>main.obj</file>
         <name>main.obj</name>
      </input_file>
      <input_file id="fl-6">
         <path>.\</path>
         <kind>object</kind>
         <file>pinmux.obj</file>
         <name>pinmux.obj</name>
      </input_file>
      <input_file id="fl-7">
         <path>.\</path>
         <kind>object</kind>
         <file>startup_ccs.obj</file>
         <name>startup_ccs.obj</name>
      </input_file>
      <input_file id="fl-8">
         <path>.\</path>
         <kind>object</kind>
         <file>uart_if.obj</file>
         <name>uart_if.obj</name>
      </input_file>
      <input_file id="fl-9">
         <path>.\</path>
         <kind>object</kind>
         <file>udma_if.obj</file>
         <name>udma_if.obj</name>
      </input_file>
      <input_file id="fl-138">
         <path>D:\ti\CCS6\ccsv6\tools\compiler\arm_5.1.6\lib\</path>
         <kind>archive</kind>
         <file>rtsv7M4_T_le_eabi.lib</file>
         <name>boot.obj</name>
      </input_file>
      <input_file id="fl-139">
         <path>D:\ti\CCS6\ccsv6\tools\compiler\arm_5.1.6\lib\</path>
         <kind>archive</kind>
         <file>rtsv7M4_T_le_eabi.lib</file>
         <name>copy_decompress_none.obj</name>
      </input_file>
      <input_file id="fl-13a">
         <path>D:\ti\CCS6\ccsv6\tools\compiler\arm_5.1.6\lib\</path>
         <kind>archive</kind>
         <file>rtsv7M4_T_le_eabi.lib</file>
         <name>copy_decompress_rle.obj</name>
      </input_file>
      <input_file id="fl-13b">
         <path>D:\ti\CCS6\ccsv6\tools\compiler\arm_5.1.6\lib\</path>
         <kind>archive</kind>
         <file>rtsv7M4_T_le_eabi.lib</file>
         <name>copy_zero_init.obj</name>
      </input_file>
      <input_file id="fl-13c">
         <path>D:\ti\CCS6\ccsv6\tools\compiler\arm_5.1.6\lib\</path>
         <kind>archive</kind>
         <file>rtsv7M4_T_le_eabi.lib</file>
         <name>exit.obj</name>
      </input_file>
      <input_file id="fl-13d">
         <path>D:\ti\CCS6\ccsv6\tools\compiler\arm_5.1.6\lib\</path>
         <kind>archive</kind>
         <file>rtsv7M4_T_le_eabi.lib</file>
         <name>memcpy_t2.obj</name>
      </input_file>
      <input_file id="fl-13e">
         <path>D:\ti\CCS6\ccsv6\tools\compiler\arm_5.1.6\lib\</path>
         <kind>archive</kind>
         <file>rtsv7M4_T_le_eabi.lib</file>
         <name>memmov.obj</name>
      </input_file>
      <input_file id="fl-13f">
         <path>D:\ti\CCS6\ccsv6\tools\compiler\arm_5.1.6\lib\</path>
         <kind>archive</kind>
         <file>rtsv7M4_T_le_eabi.lib</file>
         <name>memory.obj</name>
      </input_file>
      <input_file id="fl-140">
         <path>D:\ti\CCS6\ccsv6\tools\compiler\arm_5.1.6\lib\</path>
         <kind>archive</kind>
         <file>rtsv7M4_T_le_eabi.lib</file>
         <name>memset_t2.obj</name>
      </input_file>
      <input_file id="fl-141">
         <path>D:\ti\CCS6\ccsv6\tools\compiler\arm_5.1.6\lib\</path>
         <kind>archive</kind>
         <file>rtsv7M4_T_le_eabi.lib</file>
         <name>stkdepth_vars.obj</name>
      </input_file>
      <input_file id="fl-142">
         <path>D:\ti\CCS6\ccsv6\tools\compiler\arm_5.1.6\lib\</path>
         <kind>archive</kind>
         <file>rtsv7M4_T_le_eabi.lib</file>
         <name>strcat.obj</name>
      </input_file>
      <input_file id="fl-143">
         <path>D:\ti\CCS6\ccsv6\tools\compiler\arm_5.1.6\lib\</path>
         <kind>archive</kind>
         <file>rtsv7M4_T_le_eabi.lib</file>
         <name>strcpy.obj</name>
      </input_file>
      <input_file id="fl-144">
         <path>D:\ti\CCS6\ccsv6\tools\compiler\arm_5.1.6\lib\</path>
         <kind>archive</kind>
         <file>rtsv7M4_T_le_eabi.lib</file>
         <name>strlen.obj</name>
      </input_file>
      <input_file id="fl-145">
         <path>D:\ti\CCS6\ccsv6\tools\compiler\arm_5.1.6\lib\</path>
         <kind>archive</kind>
         <file>rtsv7M4_T_le_eabi.lib</file>
         <name>vsnprintf.obj</name>
      </input_file>
      <input_file id="fl-146">
         <path>D:\ti\CCS6\ccsv6\tools\compiler\arm_5.1.6\lib\</path>
         <kind>archive</kind>
         <file>rtsv7M4_T_le_eabi.lib</file>
         <name>_lock.obj</name>
      </input_file>
      <input_file id="fl-147">
         <path>D:\ti\CCS6\ccsv6\tools\compiler\arm_5.1.6\lib\</path>
         <kind>archive</kind>
         <file>rtsv7M4_T_le_eabi.lib</file>
         <name>_printfi.obj</name>
      </input_file>
      <input_file id="fl-148">
         <path>D:\ti\CCS6\ccsv6\tools\compiler\arm_5.1.6\lib\</path>
         <kind>archive</kind>
         <file>rtsv7M4_T_le_eabi.lib</file>
         <name>args_main.obj</name>
      </input_file>
      <input_file id="fl-149">
         <path>D:\ti\CCS6\ccsv6\tools\compiler\arm_5.1.6\lib\</path>
         <kind>archive</kind>
         <file>rtsv7M4_T_le_eabi.lib</file>
         <name>atoi.obj</name>
      </input_file>
      <input_file id="fl-14a">
         <path>D:\ti\CCS6\ccsv6\tools\compiler\arm_5.1.6\lib\</path>
         <kind>archive</kind>
         <file>rtsv7M4_T_le_eabi.lib</file>
         <name>auto_init.obj</name>
      </input_file>
      <input_file id="fl-14b">
         <path>D:\ti\CCS6\ccsv6\tools\compiler\arm_5.1.6\lib\</path>
         <kind>archive</kind>
         <file>rtsv7M4_T_le_eabi.lib</file>
         <name>cpy_tbl.obj</name>
      </input_file>
      <input_file id="fl-14c">
         <path>D:\ti\CCS6\ccsv6\tools\compiler\arm_5.1.6\lib\</path>
         <kind>archive</kind>
         <file>rtsv7M4_T_le_eabi.lib</file>
         <name>ctype.obj</name>
      </input_file>
      <input_file id="fl-14d">
         <path>D:\ti\CCS6\ccsv6\tools\compiler\arm_5.1.6\lib\</path>
         <kind>archive</kind>
         <file>rtsv7M4_T_le_eabi.lib</file>
         <name>fd_add_t2.obj</name>
      </input_file>
      <input_file id="fl-14e">
         <path>D:\ti\CCS6\ccsv6\tools\compiler\arm_5.1.6\lib\</path>
         <kind>archive</kind>
         <file>rtsv7M4_T_le_eabi.lib</file>
         <name>fd_cmp_t2.obj</name>
      </input_file>
      <input_file id="fl-14f">
         <path>D:\ti\CCS6\ccsv6\tools\compiler\arm_5.1.6\lib\</path>
         <kind>archive</kind>
         <file>rtsv7M4_T_le_eabi.lib</file>
         <name>fd_div_t2.obj</name>
      </input_file>
      <input_file id="fl-150">
         <path>D:\ti\CCS6\ccsv6\tools\compiler\arm_5.1.6\lib\</path>
         <kind>archive</kind>
         <file>rtsv7M4_T_le_eabi.lib</file>
         <name>fd_mul_t2.obj</name>
      </input_file>
      <input_file id="fl-151">
         <path>D:\ti\CCS6\ccsv6\tools\compiler\arm_5.1.6\lib\</path>
         <kind>archive</kind>
         <file>rtsv7M4_T_le_eabi.lib</file>
         <name>fd_toi_t2.obj</name>
      </input_file>
      <input_file id="fl-152">
         <path>D:\ti\CCS6\ccsv6\tools\compiler\arm_5.1.6\lib\</path>
         <kind>archive</kind>
         <file>rtsv7M4_T_le_eabi.lib</file>
         <name>i_tofd_t2.obj</name>
      </input_file>
      <input_file id="fl-153">
         <path>D:\ti\CCS6\ccsv6\tools\compiler\arm_5.1.6\lib\</path>
         <kind>archive</kind>
         <file>rtsv7M4_T_le_eabi.lib</file>
         <name>ll_mul_t2.obj</name>
      </input_file>
      <input_file id="fl-154">
         <path>D:\ti\CCS6\ccsv6\tools\compiler\arm_5.1.6\lib\</path>
         <kind>archive</kind>
         <file>rtsv7M4_T_le_eabi.lib</file>
         <name>ltoa.obj</name>
      </input_file>
      <input_file id="fl-155">
         <path>D:\ti\CCS6\ccsv6\tools\compiler\arm_5.1.6\lib\</path>
         <kind>archive</kind>
         <file>rtsv7M4_T_le_eabi.lib</file>
         <name>memccpy.obj</name>
      </input_file>
      <input_file id="fl-156">
         <path>D:\ti\CCS6\ccsv6\tools\compiler\arm_5.1.6\lib\</path>
         <kind>archive</kind>
         <file>rtsv7M4_T_le_eabi.lib</file>
         <name>ull_div_t2.obj</name>
      </input_file>
      <input_file id="fl-157">
         <path>D:\ti\CCS6\ccsv6\tools\compiler\arm_5.1.6\lib\</path>
         <kind>archive</kind>
         <file>rtsv7M4_T_le_eabi.lib</file>
         <name>xdclass.obj</name>
      </input_file>
      <input_file id="fl-158">
         <path>D:\ti\CCS6\ccsv6\tools\compiler\arm_5.1.6\lib\</path>
         <kind>archive</kind>
         <file>rtsv7M4_T_le_eabi.lib</file>
         <name>xdtest.obj</name>
      </input_file>
      <input_file id="fl-159">
         <path>D:\ti\CC3200SDK_1.0.0\cc3200-sdk\example\tcp_socket\ccs\\..\..\..\simplelink\ccs\NON_OS\</path>
         <kind>archive</kind>
         <file>simplelink.a</file>
         <name>device.obj</name>
      </input_file>
      <input_file id="fl-15a">
         <path>D:\ti\CC3200SDK_1.0.0\cc3200-sdk\example\tcp_socket\ccs\\..\..\..\simplelink\ccs\NON_OS\</path>
         <kind>archive</kind>
         <file>simplelink.a</file>
         <name>driver.obj</name>
      </input_file>
      <input_file id="fl-15b">
         <path>D:\ti\CC3200SDK_1.0.0\cc3200-sdk\example\tcp_socket\ccs\\..\..\..\simplelink\ccs\NON_OS\</path>
         <kind>archive</kind>
         <file>simplelink.a</file>
         <name>flowcont.obj</name>
      </input_file>
      <input_file id="fl-15c">
         <path>D:\ti\CC3200SDK_1.0.0\cc3200-sdk\example\tcp_socket\ccs\\..\..\..\simplelink\ccs\NON_OS\</path>
         <kind>archive</kind>
         <file>simplelink.a</file>
         <name>netapp.obj</name>
      </input_file>
      <input_file id="fl-15d">
         <path>D:\ti\CC3200SDK_1.0.0\cc3200-sdk\example\tcp_socket\ccs\\..\..\..\simplelink\ccs\NON_OS\</path>
         <kind>archive</kind>
         <file>simplelink.a</file>
         <name>netcfg.obj</name>
      </input_file>
      <input_file id="fl-15e">
         <path>D:\ti\CC3200SDK_1.0.0\cc3200-sdk\example\tcp_socket\ccs\\..\..\..\simplelink\ccs\NON_OS\</path>
         <kind>archive</kind>
         <file>simplelink.a</file>
         <name>nonos.obj</name>
      </input_file>
      <input_file id="fl-15f">
         <path>D:\ti\CC3200SDK_1.0.0\cc3200-sdk\example\tcp_socket\ccs\\..\..\..\simplelink\ccs\NON_OS\</path>
         <kind>archive</kind>
         <file>simplelink.a</file>
         <name>socket.obj</name>
      </input_file>
      <input_file id="fl-160">
         <path>D:\ti\CC3200SDK_1.0.0\cc3200-sdk\example\tcp_socket\ccs\\..\..\..\simplelink\ccs\NON_OS\</path>
         <kind>archive</kind>
         <file>simplelink.a</file>
         <name>wlan.obj</name>
      </input_file>
      <input_file id="fl-161">
         <path>D:\ti\CC3200SDK_1.0.0\cc3200-sdk\example\tcp_socket\ccs\\..\..\..\simplelink\ccs\NON_OS\</path>
         <kind>archive</kind>
         <file>simplelink.a</file>
         <name>cc_pal.obj</name>
      </input_file>
      <input_file id="fl-162">
         <path>D:\ti\CC3200SDK_1.0.0\cc3200-sdk\example\tcp_socket\ccs\\..\..\..\driverlib\ccs\Release\</path>
         <kind>archive</kind>
         <file>driverlib.a</file>
         <name>gpio.obj</name>
      </input_file>
      <input_file id="fl-163">
         <path>D:\ti\CC3200SDK_1.0.0\cc3200-sdk\example\tcp_socket\ccs\\..\..\..\driverlib\ccs\Release\</path>
         <kind>archive</kind>
         <file>driverlib.a</file>
         <name>interrupt.obj</name>
      </input_file>
      <input_file id="fl-164">
         <path>D:\ti\CC3200SDK_1.0.0\cc3200-sdk\example\tcp_socket\ccs\\..\..\..\driverlib\ccs\Release\</path>
         <kind>archive</kind>
         <file>driverlib.a</file>
         <name>pin.obj</name>
      </input_file>
      <input_file id="fl-165">
         <path>D:\ti\CC3200SDK_1.0.0\cc3200-sdk\example\tcp_socket\ccs\\..\..\..\driverlib\ccs\Release\</path>
         <kind>archive</kind>
         <file>driverlib.a</file>
         <name>prcm.obj</name>
      </input_file>
      <input_file id="fl-166">
         <path>D:\ti\CC3200SDK_1.0.0\cc3200-sdk\example\tcp_socket\ccs\\..\..\..\driverlib\ccs\Release\</path>
         <kind>archive</kind>
         <file>driverlib.a</file>
         <name>spi.obj</name>
      </input_file>
      <input_file id="fl-167">
         <path>D:\ti\CC3200SDK_1.0.0\cc3200-sdk\example\tcp_socket\ccs\\..\..\..\driverlib\ccs\Release\</path>
         <kind>archive</kind>
         <file>driverlib.a</file>
         <name>uart.obj</name>
      </input_file>
      <input_file id="fl-168">
         <path>D:\ti\CC3200SDK_1.0.0\cc3200-sdk\example\tcp_socket\ccs\\..\..\..\driverlib\ccs\Release\</path>
         <kind>archive</kind>
         <file>driverlib.a</file>
         <name>udma.obj</name>
      </input_file>
      <input_file id="fl-169">
         <path>D:\ti\CC3200SDK_1.0.0\cc3200-sdk\example\tcp_socket\ccs\\..\..\..\driverlib\ccs\Release\</path>
         <kind>archive</kind>
         <file>driverlib.a</file>
         <name>utils.obj</name>
      </input_file>
      <input_file id="fl-16a">
         <path>D:\ti\CC3200SDK_1.0.0\cc3200-sdk\example\tcp_socket\ccs\\..\..\..\driverlib\ccs\Release\</path>
         <kind>archive</kind>
         <file>driverlib.a</file>
         <name>cpu.obj</name>
      </input_file>
      <input_file id="fl-16b">
         <path>D:\ti\CC3200SDK_1.0.0\cc3200-sdk\example\tcp_socket\ccs\\..\..\..\driverlib\ccs\Release\</path>
         <kind>archive</kind>
         <file>driverlib.a</file>
         <name>flash.obj</name>
      </input_file>
      <input_file id="fl-16c">
         <path>D:\ti\CCS6\ccsv6\tools\compiler\arm_5.1.6\lib\</path>
         <kind>archive</kind>
         <file>rtsv7M4_T_le_eabi.lib</file>
         <name>ll_lsr_t2.obj</name>
      </input_file>
   </input_file_list>
   <object_component_list>
      <object_component id="oc-e">
         <name>.intvecs</name>
         <load_address>0x20004000</load_address>
         <run_address>0x20004000</run_address>
         <size>0x400</size>
         <input_file_ref idref="fl-7"/>
      </object_component>
      <object_component id="oc-37c">
         <name>.text</name>
         <load_address>0x20004400</load_address>
         <run_address>0x20004400</run_address>
         <size>0xec0</size>
         <input_file_ref idref="fl-147"/>
      </object_component>
      <object_component id="oc-7d">
         <name>.text</name>
         <load_address>0x200052c0</load_address>
         <run_address>0x200052c0</run_address>
         <size>0xb20</size>
         <input_file_ref idref="fl-5"/>
      </object_component>
      <object_component id="oc-1a6">
         <name>.text</name>
         <load_address>0x20005de0</load_address>
         <run_address>0x20005de0</run_address>
         <size>0x3cc</size>
         <input_file_ref idref="fl-13f"/>
      </object_component>
      <object_component id="oc-5bd">
         <name>.text:_SlDrvMsgRead</name>
         <load_address>0x200061ac</load_address>
         <run_address>0x200061ac</run_address>
         <size>0x3b4</size>
         <input_file_ref idref="fl-15a"/>
      </object_component>
      <object_component id="oc-31e">
         <name>.text</name>
         <load_address>0x20006560</load_address>
         <run_address>0x20006560</run_address>
         <size>0x354</size>
         <input_file_ref idref="fl-4"/>
      </object_component>
      <object_component id="oc-5c3">
         <name>.text:_SlAsyncEventGenericHandler</name>
         <load_address>0x200068b4</load_address>
         <run_address>0x200068b4</run_address>
         <size>0x34c</size>
         <input_file_ref idref="fl-15a"/>
      </object_component>
      <object_component id="oc-b0">
         <name>.text</name>
         <load_address>0x20006c00</load_address>
         <run_address>0x20006c00</run_address>
         <size>0x26c</size>
         <input_file_ref idref="fl-8"/>
      </object_component>
      <object_component id="oc-149">
         <name>.text</name>
         <load_address>0x20006e6c</load_address>
         <run_address>0x20006e6c</run_address>
         <size>0x258</size>
         <input_file_ref idref="fl-3"/>
      </object_component>
      <object_component id="oc-137">
         <name>.text</name>
         <load_address>0x200070c4</load_address>
         <run_address>0x200070c4</run_address>
         <size>0x200</size>
         <input_file_ref idref="fl-9"/>
      </object_component>
      <object_component id="oc-531">
         <name>.text</name>
         <load_address>0x200072c4</load_address>
         <run_address>0x200072c4</run_address>
         <size>0x1f4</size>
         <input_file_ref idref="fl-156"/>
      </object_component>
      <object_component id="oc-55f">
         <name>.text</name>
         <load_address>0x200074b8</load_address>
         <run_address>0x200074b8</run_address>
         <size>0x1b6</size>
         <input_file_ref idref="fl-14d"/>
      </object_component>
      <object_component id="oc-5b2">
         <name>.text:IntDefaultHandler</name>
         <load_address>0x2000766e</load_address>
         <run_address>0x2000766e</run_address>
         <size>0x2</size>
         <input_file_ref idref="fl-163"/>
      </object_component>
      <object_component id="oc-119">
         <name>.text:sl_WlanConnect</name>
         <load_address>0x20007670</load_address>
         <run_address>0x20007670</run_address>
         <size>0x19c</size>
         <input_file_ref idref="fl-160"/>
      </object_component>
      <object_component id="oc-526">
         <name>.text:_SlDrvDataWriteOp</name>
         <load_address>0x2000780c</load_address>
         <run_address>0x2000780c</run_address>
         <size>0x140</size>
         <input_file_ref idref="fl-15a"/>
      </object_component>
      <object_component id="oc-65f">
         <name>.text:_SlDrvRxHdrRead</name>
         <load_address>0x2000794c</load_address>
         <run_address>0x2000794c</run_address>
         <size>0x140</size>
         <input_file_ref idref="fl-15a"/>
      </object_component>
      <object_component id="oc-545">
         <name>.text</name>
         <load_address>0x20007a8c</load_address>
         <run_address>0x20007a8c</run_address>
         <size>0x136</size>
         <input_file_ref idref="fl-14f"/>
      </object_component>
      <object_component id="oc-131">
         <name>.text:PRCMCC3200MCUInit</name>
         <load_address>0x20007bc4</load_address>
         <run_address>0x20007bc4</run_address>
         <size>0x134</size>
         <input_file_ref idref="fl-165"/>
      </object_component>
      <object_component id="oc-1e1">
         <name>.text:spi_Open</name>
         <load_address>0x20007cf8</load_address>
         <run_address>0x20007cf8</run_address>
         <size>0x128</size>
         <input_file_ref idref="fl-161"/>
      </object_component>
      <object_component id="oc-1e7">
         <name>.text:_SlDrvWaitForPoolObj</name>
         <load_address>0x20007e20</load_address>
         <run_address>0x20007e20</run_address>
         <size>0x118</size>
         <input_file_ref idref="fl-15a"/>
      </object_component>
      <object_component id="oc-450">
         <name>.text:_SlDrvMsgWrite</name>
         <load_address>0x20007f38</load_address>
         <run_address>0x20007f38</run_address>
         <size>0x114</size>
         <input_file_ref idref="fl-15a"/>
      </object_component>
      <object_component id="oc-143">
         <name>.text</name>
         <load_address>0x2000804c</load_address>
         <run_address>0x2000804c</run_address>
         <size>0x110</size>
         <input_file_ref idref="fl-2"/>
      </object_component>
      <object_component id="oc-20b">
         <name>.text:_SlDrvReleasePoolObj</name>
         <load_address>0x2000815c</load_address>
         <run_address>0x2000815c</run_address>
         <size>0x10c</size>
         <input_file_ref idref="fl-15a"/>
      </object_component>
      <object_component id="oc-540">
         <name>.text</name>
         <load_address>0x20008268</load_address>
         <run_address>0x20008268</run_address>
         <size>0xfc</size>
         <input_file_ref idref="fl-150"/>
      </object_component>
      <object_component id="oc-2e4">
         <name>.text:uDMAChannelTransferSet</name>
         <load_address>0x20008364</load_address>
         <run_address>0x20008364</run_address>
         <size>0xf0</size>
         <input_file_ref idref="fl-168"/>
      </object_component>
      <object_component id="oc-353">
         <name>.text:sl_Connect</name>
         <load_address>0x20008454</load_address>
         <run_address>0x20008454</run_address>
         <size>0xec</size>
         <input_file_ref idref="fl-15f"/>
      </object_component>
      <object_component id="oc-5ca">
         <name>.text:spi_Write</name>
         <load_address>0x20008540</load_address>
         <run_address>0x20008540</run_address>
         <size>0xec</size>
         <input_file_ref idref="fl-161"/>
      </object_component>
      <object_component id="oc-dc">
         <name>.text:sl_Stop</name>
         <load_address>0x2000862c</load_address>
         <run_address>0x2000862c</run_address>
         <size>0xcc</size>
         <input_file_ref idref="fl-159"/>
      </object_component>
      <object_component id="oc-66b">
         <name>.text:spi_Read</name>
         <load_address>0x200086f8</load_address>
         <run_address>0x200086f8</run_address>
         <size>0xcc</size>
         <input_file_ref idref="fl-161"/>
      </object_component>
      <object_component id="oc-ca">
         <name>.text:sl_Start</name>
         <load_address>0x200087c4</load_address>
         <run_address>0x200087c4</run_address>
         <size>0xc8</size>
         <input_file_ref idref="fl-159"/>
      </object_component>
      <object_component id="oc-456">
         <name>.text:_SlDrvMsgReadCmdCtx</name>
         <load_address>0x2000888c</load_address>
         <run_address>0x2000888c</run_address>
         <size>0xbc</size>
         <input_file_ref idref="fl-15a"/>
      </object_component>
      <object_component id="oc-6b9">
         <name>.text:_SlDrvNetAppEventHandler</name>
         <load_address>0x20008948</load_address>
         <run_address>0x20008948</run_address>
         <size>0xb2</size>
         <input_file_ref idref="fl-15c"/>
      </object_component>
      <object_component id="oc-35f">
         <name>.text:sl_Send</name>
         <load_address>0x200089fc</load_address>
         <run_address>0x200089fc</run_address>
         <size>0xb0</size>
         <input_file_ref idref="fl-15f"/>
      </object_component>
      <object_component id="oc-40a">
         <name>.text:IntDisable</name>
         <load_address>0x20008aac</load_address>
         <run_address>0x20008aac</run_address>
         <size>0xa8</size>
         <input_file_ref idref="fl-163"/>
      </object_component>
      <object_component id="oc-12b">
         <name>.text:IntEnable</name>
         <load_address>0x20008b54</load_address>
         <run_address>0x20008b54</run_address>
         <size>0xa8</size>
         <input_file_ref idref="fl-163"/>
      </object_component>
      <object_component id="oc-3bb">
         <name>.text:SPIConfigSetExpClk</name>
         <load_address>0x20008bfc</load_address>
         <run_address>0x20008bfc</run_address>
         <size>0xa0</size>
         <input_file_ref idref="fl-166"/>
      </object_component>
      <object_component id="oc-4a">
         <name>.text</name>
         <load_address>0x20008c9c</load_address>
         <run_address>0x20008c9c</run_address>
         <size>0x9c</size>
         <input_file_ref idref="fl-13d"/>
      </object_component>
      <object_component id="oc-671">
         <name>.text:_SlFindAndSetActiveObj</name>
         <load_address>0x20008d38</load_address>
         <run_address>0x20008d38</run_address>
         <size>0x98</size>
         <input_file_ref idref="fl-15a"/>
      </object_component>
      <object_component id="oc-17c">
         <name>.text:PRCMPeripheralClockGet</name>
         <load_address>0x20008dd0</load_address>
         <run_address>0x20008dd0</run_address>
         <size>0x94</size>
         <input_file_ref idref="fl-165"/>
      </object_component>
      <object_component id="oc-665">
         <name>.text:_SlDrvClassifyRxMsg</name>
         <load_address>0x20008e64</load_address>
         <run_address>0x20008e64</run_address>
         <size>0x94</size>
         <input_file_ref idref="fl-15a"/>
      </object_component>
      <object_component id="oc-439">
         <name>.text:_SlDrvMsgReadSpawnCtx</name>
         <load_address>0x20008ef8</load_address>
         <run_address>0x20008ef8</run_address>
         <size>0x94</size>
         <input_file_ref idref="fl-15a"/>
      </object_component>
      <object_component id="oc-35">
         <name>.text</name>
         <load_address>0x20008f8c</load_address>
         <run_address>0x20008f8c</run_address>
         <size>0x94</size>
         <input_file_ref idref="fl-14a"/>
      </object_component>
      <object_component id="oc-1db">
         <name>.text:_SlDrvDriverCBInit</name>
         <load_address>0x20009020</load_address>
         <run_address>0x20009020</run_address>
         <size>0x90</size>
         <input_file_ref idref="fl-15a"/>
      </object_component>
      <object_component id="oc-4d0">
         <name>.text:PinConfigSet</name>
         <load_address>0x200090b0</load_address>
         <run_address>0x200090b0</run_address>
         <size>0x88</size>
         <input_file_ref idref="fl-164"/>
      </object_component>
      <object_component id="oc-22d">
         <name>.text:_SlDrvCmdOp</name>
         <load_address>0x20009138</load_address>
         <run_address>0x20009138</run_address>
         <size>0x88</size>
         <input_file_ref idref="fl-15a"/>
      </object_component>
      <object_component id="oc-18e">
         <name>.text</name>
         <load_address>0x200091c0</load_address>
         <run_address>0x200091c0</run_address>
         <size>0x88</size>
         <input_file_ref idref="fl-145"/>
      </object_component>
      <object_component id="oc-26e">
         <name>.text:sl_NetAppMDNSRegisterUnregisterService</name>
         <load_address>0x20009248</load_address>
         <run_address>0x20009248</run_address>
         <size>0x88</size>
         <input_file_ref idref="fl-15c"/>
      </object_component>
      <object_component id="oc-53b">
         <name>.text:__aeabi_cdcmple</name>
         <load_address>0x200092d0</load_address>
         <run_address>0x200092d0</run_address>
         <size>0x86</size>
         <input_file_ref idref="fl-14e"/>
      </object_component>
      <object_component id="oc-54a">
         <name>.text:__aeabi_cdrcmple</name>
         <load_address>0x20009356</load_address>
         <run_address>0x20009356</run_address>
         <size>0x86</size>
         <input_file_ref idref="fl-14e"/>
      </object_component>
      <object_component id="oc-5ef">
         <name>.text:_sl_HandleAsync_DnsGetHostByName</name>
         <load_address>0x200093dc</load_address>
         <run_address>0x200093dc</run_address>
         <size>0x84</size>
         <input_file_ref idref="fl-15c"/>
      </object_component>
      <object_component id="oc-4d7">
         <name>.text:GPIOIntTypeSet</name>
         <load_address>0x20009460</load_address>
         <run_address>0x20009460</run_address>
         <size>0x82</size>
         <input_file_ref idref="fl-162"/>
      </object_component>
      <object_component id="oc-1d5">
         <name>.text:NwpPowerOnPreamble</name>
         <load_address>0x200094e4</load_address>
         <run_address>0x200094e4</run_address>
         <size>0x80</size>
         <input_file_ref idref="fl-161"/>
      </object_component>
      <object_component id="oc-e2">
         <name>.text:sl_DevGet</name>
         <load_address>0x20009564</load_address>
         <run_address>0x20009564</run_address>
         <size>0x7c</size>
         <input_file_ref idref="fl-159"/>
      </object_component>
      <object_component id="oc-6c6">
         <name>.text:SetupDMAReceive</name>
         <load_address>0x200095e0</load_address>
         <run_address>0x200095e0</run_address>
         <size>0x78</size>
         <input_file_ref idref="fl-161"/>
      </object_component>
      <object_component id="oc-6e5">
         <name>.text:_sl_HandleAsync_InitComplete</name>
         <load_address>0x20009658</load_address>
         <run_address>0x20009658</run_address>
         <size>0x78</size>
         <input_file_ref idref="fl-159"/>
      </object_component>
      <object_component id="oc-5fb">
         <name>.text:_sl_HandleAsync_PingResponse</name>
         <load_address>0x200096d0</load_address>
         <run_address>0x200096d0</run_address>
         <size>0x78</size>
         <input_file_ref idref="fl-15c"/>
      </object_component>
      <object_component id="oc-b6">
         <name>.text</name>
         <load_address>0x20009748</load_address>
         <run_address>0x20009748</run_address>
         <size>0x78</size>
         <input_file_ref idref="fl-140"/>
      </object_component>
      <object_component id="oc-182">
         <name>.text:UARTConfigSetExpClk</name>
         <load_address>0x200097c0</load_address>
         <run_address>0x200097c0</run_address>
         <size>0x76</size>
         <input_file_ref idref="fl-167"/>
      </object_component>
      <object_component id="oc-23e">
         <name>.text:spi_Close</name>
         <load_address>0x20009838</load_address>
         <run_address>0x20009838</run_address>
         <size>0x74</size>
         <input_file_ref idref="fl-161"/>
      </object_component>
      <object_component id="oc-520">
         <name>.text:_sl_TruncatePayloadByProtocol</name>
         <load_address>0x200098ac</load_address>
         <run_address>0x200098ac</run_address>
         <size>0x6e</size>
         <input_file_ref idref="fl-15f"/>
      </object_component>
      <object_component id="oc-5e3">
         <name>.text:_sl_HandleAsync_Connect</name>
         <load_address>0x2000991c</load_address>
         <run_address>0x2000991c</run_address>
         <size>0x6c</size>
         <input_file_ref idref="fl-15f"/>
      </object_component>
      <object_component id="oc-5dd">
         <name>.text:_sl_HandleAsync_Accept</name>
         <load_address>0x20009988</load_address>
         <run_address>0x20009988</run_address>
         <size>0x68</size>
         <input_file_ref idref="fl-15f"/>
      </object_component>
      <object_component id="oc-5f5">
         <name>.text:_sl_HandleAsync_DnsGetHostByService</name>
         <load_address>0x200099f0</load_address>
         <run_address>0x200099f0</run_address>
         <size>0x68</size>
         <input_file_ref idref="fl-15c"/>
      </object_component>
      <object_component id="oc-2d2">
         <name>.text:uDMAChannelAttributeDisable</name>
         <load_address>0x20009a58</load_address>
         <run_address>0x20009a58</run_address>
         <size>0x64</size>
         <input_file_ref idref="fl-168"/>
      </object_component>
      <object_component id="oc-2de">
         <name>.text:uDMAChannelAttributeEnable</name>
         <load_address>0x20009abc</load_address>
         <run_address>0x20009abc</run_address>
         <size>0x64</size>
         <input_file_ref idref="fl-168"/>
      </object_component>
      <object_component id="oc-244">
         <name>.text:_SlDrvDriverCBDeinit</name>
         <load_address>0x20009b20</load_address>
         <run_address>0x20009b20</run_address>
         <size>0x60</size>
         <input_file_ref idref="fl-15a"/>
      </object_component>
      <object_component id="oc-5d">
         <name>.text</name>
         <load_address>0x20009b80</load_address>
         <run_address>0x20009b80</run_address>
         <size>0x5e</size>
         <input_file_ref idref="fl-13a"/>
      </object_component>
      <object_component id="oc-5e9">
         <name>.text:_sl_HandleAsync_Select</name>
         <load_address>0x20009be0</load_address>
         <run_address>0x20009be0</run_address>
         <size>0x5c</size>
         <input_file_ref idref="fl-15f"/>
      </object_component>
      <object_component id="oc-554">
         <name>.text</name>
         <load_address>0x20009c3c</load_address>
         <run_address>0x20009c3c</run_address>
         <size>0x5a</size>
         <input_file_ref idref="fl-154"/>
      </object_component>
      <object_component id="oc-416">
         <name>.text:IntPendClear</name>
         <load_address>0x20009c98</load_address>
         <run_address>0x20009c98</run_address>
         <size>0x58</size>
         <input_file_ref idref="fl-163"/>
      </object_component>
      <object_component id="oc-29b">
         <name>.text:PRCMPeripheralReset</name>
         <load_address>0x20009cf0</load_address>
         <run_address>0x20009cf0</run_address>
         <size>0x58</size>
         <input_file_ref idref="fl-165"/>
      </object_component>
      <object_component id="oc-601">
         <name>.text:_sl_HandleAsync_Stop</name>
         <load_address>0x20009d48</load_address>
         <run_address>0x20009d48</run_address>
         <size>0x58</size>
         <input_file_ref idref="fl-159"/>
      </object_component>
      <object_component id="oc-3df">
         <name>.text:IntPrioritySet</name>
         <load_address>0x20009da0</load_address>
         <run_address>0x20009da0</run_address>
         <size>0x54</size>
         <input_file_ref idref="fl-163"/>
      </object_component>
      <object_component id="oc-6de">
         <name>.text:sl_NetAppSendTokenValue</name>
         <load_address>0x20009df4</load_address>
         <run_address>0x20009df4</run_address>
         <size>0x54</size>
         <input_file_ref idref="fl-15c"/>
      </object_component>
      <object_component id="oc-325">
         <name>.text:sl_WlanGetNetworkList</name>
         <load_address>0x20009e48</load_address>
         <run_address>0x20009e48</run_address>
         <size>0x50</size>
         <input_file_ref idref="fl-160"/>
      </object_component>
      <object_component id="oc-3e5">
         <name>.text:SPIIntEnable</name>
         <load_address>0x20009e98</load_address>
         <run_address>0x20009e98</run_address>
         <size>0x4c</size>
         <input_file_ref idref="fl-166"/>
      </object_component>
      <object_component id="oc-5d2">
         <name>.text:SPIIntNumberGet</name>
         <load_address>0x20009ee4</load_address>
         <run_address>0x20009ee4</run_address>
         <size>0x4c</size>
         <input_file_ref idref="fl-166"/>
      </object_component>
      <object_component id="oc-570">
         <name>.text</name>
         <load_address>0x20009f30</load_address>
         <run_address>0x20009f30</run_address>
         <size>0x4c</size>
         <input_file_ref idref="fl-149"/>
      </object_component>
      <object_component id="oc-2cc">
         <name>.text:uDMAChannelAssign</name>
         <load_address>0x20009f7c</load_address>
         <run_address>0x20009f7c</run_address>
         <size>0x4c</size>
         <input_file_ref idref="fl-168"/>
      </object_component>
      <object_component id="oc-211">
         <name>.text:_sl_GetStartResponseConvert</name>
         <load_address>0x20009fc8</load_address>
         <run_address>0x20009fc8</run_address>
         <size>0x4a</size>
         <input_file_ref idref="fl-159"/>
      </object_component>
      <object_component id="oc-61e">
         <name>.text:GPIOGetIntNumber</name>
         <load_address>0x2000a012</load_address>
         <run_address>0x2000a012</run_address>
         <size>0x48</size>
         <input_file_ref idref="fl-162"/>
      </object_component>
      <object_component id="oc-5a5">
         <name>.text:SPIIntClear</name>
         <load_address>0x2000a05c</load_address>
         <run_address>0x2000a05c</run_address>
         <size>0x48</size>
         <input_file_ref idref="fl-166"/>
      </object_component>
      <object_component id="oc-54f">
         <name>.text</name>
         <load_address>0x2000a0a4</load_address>
         <run_address>0x2000a0a4</run_address>
         <size>0x48</size>
         <input_file_ref idref="fl-151"/>
      </object_component>
      <object_component id="oc-100">
         <name>.text:sl_WlanSet</name>
         <load_address>0x2000a0ec</load_address>
         <run_address>0x2000a0ec</run_address>
         <size>0x48</size>
         <input_file_ref idref="fl-160"/>
      </object_component>
      <object_component id="oc-59b">
         <name>.text:SPIDmaMaskGet</name>
         <load_address>0x2000a134</load_address>
         <run_address>0x2000a134</run_address>
         <size>0x44</size>
         <input_file_ref idref="fl-166"/>
      </object_component>
      <object_component id="oc-76">
         <name>.text</name>
         <load_address>0x2000a178</load_address>
         <run_address>0x2000a178</run_address>
         <size>0x44</size>
         <input_file_ref idref="fl-14b"/>
      </object_component>
      <object_component id="oc-40">
         <name>.text</name>
         <load_address>0x2000a1bc</load_address>
         <run_address>0x2000a1bc</run_address>
         <size>0x44</size>
         <input_file_ref idref="fl-13c"/>
      </object_component>
      <object_component id="oc-642">
         <name>.text</name>
         <load_address>0x2000a200</load_address>
         <run_address>0x2000a200</run_address>
         <size>0x44</size>
         <input_file_ref idref="fl-158"/>
      </object_component>
      <object_component id="oc-fa">
         <name>.text:sl_NetCfgSet</name>
         <load_address>0x2000a244</load_address>
         <run_address>0x2000a244</run_address>
         <size>0x44</size>
         <input_file_ref idref="fl-15d"/>
      </object_component>
      <object_component id="oc-4ca">
         <name>.text:PinModeSet</name>
         <load_address>0x2000a288</load_address>
         <run_address>0x2000a288</run_address>
         <size>0x40</size>
         <input_file_ref idref="fl-164"/>
      </object_component>
      <object_component id="oc-21a">
         <name>.text:_SlDrvRxIrqHandler</name>
         <load_address>0x2000a2c8</load_address>
         <run_address>0x2000a2c8</run_address>
         <size>0x40</size>
         <input_file_ref idref="fl-15a"/>
      </object_component>
      <object_component id="oc-d0">
         <name>.text:_SlNonOsMainLoopTask</name>
         <load_address>0x2000a308</load_address>
         <run_address>0x2000a308</run_address>
         <size>0x40</size>
         <input_file_ref idref="fl-15e"/>
      </object_component>
      <object_component id="oc-41e">
         <name>.text:_SlRemoveFromList</name>
         <load_address>0x2000a348</load_address>
         <run_address>0x2000a348</run_address>
         <size>0x40</size>
         <input_file_ref idref="fl-15a"/>
      </object_component>
      <object_component id="oc-e8">
         <name>.text:sl_WlanPolicySet</name>
         <load_address>0x2000a388</load_address>
         <run_address>0x2000a388</run_address>
         <size>0x40</size>
         <input_file_ref idref="fl-160"/>
      </object_component>
      <object_component id="oc-10f">
         <name>.text:sl_WlanRxFilterSet</name>
         <load_address>0x2000a3c8</load_address>
         <run_address>0x2000a3c8</run_address>
         <size>0x40</size>
         <input_file_ref idref="fl-160"/>
      </object_component>
      <object_component id="oc-1f9">
         <name>.text:NwpPowerOff</name>
         <load_address>0x2000a408</load_address>
         <run_address>0x2000a408</run_address>
         <size>0x3c</size>
         <input_file_ref idref="fl-161"/>
      </object_component>
      <object_component id="oc-295">
         <name>.text:PRCMPeripheralClkEnable</name>
         <load_address>0x2000a444</load_address>
         <run_address>0x2000a444</run_address>
         <size>0x3c</size>
         <input_file_ref idref="fl-165"/>
      </object_component>
      <object_component id="oc-39c">
         <name>.text:_SlDrvObjInit</name>
         <load_address>0x2000a480</load_address>
         <run_address>0x2000a480</run_address>
         <size>0x3c</size>
         <input_file_ref idref="fl-15a"/>
      </object_component>
      <object_component id="oc-2d8">
         <name>.text:uDMAChannelControlSet</name>
         <load_address>0x2000a4bc</load_address>
         <run_address>0x2000a4bc</run_address>
         <size>0x3c</size>
         <input_file_ref idref="fl-168"/>
      </object_component>
      <object_component id="oc-1ff">
         <name>.text:NwpRegisterInterruptHandler</name>
         <load_address>0x2000a4f8</load_address>
         <run_address>0x2000a4f8</run_address>
         <size>0x38</size>
         <input_file_ref idref="fl-161"/>
      </object_component>
      <object_component id="oc-347">
         <name>.text:sl_Htonl</name>
         <load_address>0x2000a530</load_address>
         <run_address>0x2000a530</run_address>
         <size>0x38</size>
         <input_file_ref idref="fl-15f"/>
      </object_component>
      <object_component id="oc-3c1">
         <name>.text:PRCMPeripheralStatusGet</name>
         <load_address>0x2000a568</load_address>
         <run_address>0x2000a568</run_address>
         <size>0x34</size>
         <input_file_ref idref="fl-165"/>
      </object_component>
      <object_component id="oc-3d3">
         <name>.text:SPIFIFOLevelSet</name>
         <load_address>0x2000a59c</load_address>
         <run_address>0x2000a59c</run_address>
         <size>0x34</size>
         <input_file_ref idref="fl-166"/>
      </object_component>
      <object_component id="oc-25b">
         <name>.text:_SlDrvBasicCmd</name>
         <load_address>0x2000a5d0</load_address>
         <run_address>0x2000a5d0</run_address>
         <size>0x34</size>
         <input_file_ref idref="fl-15a"/>
      </object_component>
      <object_component id="oc-11">
         <name>.text</name>
         <load_address>0x2000a604</load_address>
         <run_address>0x2000a604</run_address>
         <size>0x34</size>
         <input_file_ref idref="fl-138"/>
      </object_component>
      <object_component id="oc-341">
         <name>.text:sl_Htons</name>
         <load_address>0x2000a638</load_address>
         <run_address>0x2000a638</run_address>
         <size>0x34</size>
         <input_file_ref idref="fl-15f"/>
      </object_component>
      <object_component id="oc-205">
         <name>.text:NwpPowerOn</name>
         <load_address>0x2000a66c</load_address>
         <run_address>0x2000a66c</run_address>
         <size>0x30</size>
         <input_file_ref idref="fl-161"/>
      </object_component>
      <object_component id="oc-36e">
         <name>.text:UARTDisable</name>
         <load_address>0x2000a69c</load_address>
         <run_address>0x2000a69c</run_address>
         <size>0x30</size>
         <input_file_ref idref="fl-167"/>
      </object_component>
      <object_component id="oc-47a">
         <name>.text:_SlDrvFlowContDeinit</name>
         <load_address>0x2000a6cc</load_address>
         <run_address>0x2000a6cc</run_address>
         <size>0x30</size>
         <input_file_ref idref="fl-15b"/>
      </object_component>
      <object_component id="oc-3a2">
         <name>.text:_SlDrvFlowContInit</name>
         <load_address>0x2000a6fc</load_address>
         <run_address>0x2000a6fc</run_address>
         <size>0x30</size>
         <input_file_ref idref="fl-15b"/>
      </object_component>
      <object_component id="oc-1ed">
         <name>.text:_SlNonOsSemGet</name>
         <load_address>0x2000a72c</load_address>
         <run_address>0x2000a72c</run_address>
         <size>0x30</size>
         <input_file_ref idref="fl-15e"/>
      </object_component>
      <object_component id="oc-34d">
         <name>.text:sl_Socket</name>
         <load_address>0x2000a75c</load_address>
         <run_address>0x2000a75c</run_address>
         <size>0x30</size>
         <input_file_ref idref="fl-15f"/>
      </object_component>
      <object_component id="oc-55a">
         <name>.text</name>
         <load_address>0x2000a78c</load_address>
         <run_address>0x2000a78c</run_address>
         <size>0x2e</size>
         <input_file_ref idref="fl-152"/>
      </object_component>
      <object_component id="oc-2a7">
         <name>.text:PRCMSysResetCauseGet</name>
         <load_address>0x2000a7bc</load_address>
         <run_address>0x2000a7bc</run_address>
         <size>0x2c</size>
         <input_file_ref idref="fl-165"/>
      </object_component>
      <object_component id="oc-2a1">
         <name>.text:PRCMPeripheralClkDisable</name>
         <load_address>0x2000a7e8</load_address>
         <run_address>0x2000a7e8</run_address>
         <size>0x28</size>
         <input_file_ref idref="fl-165"/>
      </object_component>
      <object_component id="oc-518">
         <name>.text:_sl_BuildAddress</name>
         <load_address>0x2000a810</load_address>
         <run_address>0x2000a810</run_address>
         <size>0x28</size>
         <input_file_ref idref="fl-15f"/>
      </object_component>
      <object_component id="oc-d6">
         <name>.text:sl_WlanSetMode</name>
         <load_address>0x2000a838</load_address>
         <run_address>0x2000a838</run_address>
         <size>0x28</size>
         <input_file_ref idref="fl-160"/>
      </object_component>
      <object_component id="oc-3f4">
         <name>.text:DmaSpiSwIntHandler</name>
         <load_address>0x2000a860</load_address>
         <run_address>0x2000a860</run_address>
         <size>0x24</size>
         <input_file_ref idref="fl-161"/>
      </object_component>
      <object_component id="oc-410">
         <name>.text:IntUnregister</name>
         <load_address>0x2000a884</load_address>
         <run_address>0x2000a884</run_address>
         <size>0x24</size>
         <input_file_ref idref="fl-163"/>
      </object_component>
      <object_component id="oc-374">
         <name>.text:UARTEnable</name>
         <load_address>0x2000a8a8</load_address>
         <run_address>0x2000a8a8</run_address>
         <size>0x24</size>
         <input_file_ref idref="fl-167"/>
      </object_component>
      <object_component id="oc-1a0">
         <name>.text</name>
         <load_address>0x2000a8cc</load_address>
         <run_address>0x2000a8cc</run_address>
         <size>0x24</size>
         <input_file_ref idref="fl-13e"/>
      </object_component>
      <object_component id="oc-359">
         <name>.text:sl_Close</name>
         <load_address>0x2000a8f0</load_address>
         <run_address>0x2000a8f0</run_address>
         <size>0x24</size>
         <input_file_ref idref="fl-15f"/>
      </object_component>
      <object_component id="oc-ee">
         <name>.text:sl_WlanProfileDel</name>
         <load_address>0x2000a914</load_address>
         <run_address>0x2000a914</run_address>
         <size>0x24</size>
         <input_file_ref idref="fl-160"/>
      </object_component>
      <object_component id="oc-3b5">
         <name>.text:SPIReset</name>
         <load_address>0x2000a938</load_address>
         <run_address>0x2000a938</run_address>
         <size>0x22</size>
         <input_file_ref idref="fl-166"/>
      </object_component>
      <object_component id="oc-685">
         <name>.text:SPIWordCountSet</name>
         <load_address>0x2000a95a</load_address>
         <run_address>0x2000a95a</run_address>
         <size>0x22</size>
         <input_file_ref idref="fl-166"/>
      </object_component>
      <object_component id="oc-4ef">
         <name>.text:GPIOPinWrite</name>
         <load_address>0x2000a97c</load_address>
         <run_address>0x2000a97c</run_address>
         <size>0x20</size>
         <input_file_ref idref="fl-162"/>
      </object_component>
      <object_component id="oc-3d9">
         <name>.text:IntRegister</name>
         <load_address>0x2000a99c</load_address>
         <run_address>0x2000a99c</run_address>
         <size>0x20</size>
         <input_file_ref idref="fl-163"/>
      </object_component>
      <object_component id="oc-6ed">
         <name>.text:_SlDrvCmdSend</name>
         <load_address>0x2000a9bc</load_address>
         <run_address>0x2000a9bc</run_address>
         <size>0x20</size>
         <input_file_ref idref="fl-15a"/>
      </object_component>
      <object_component id="oc-433">
         <name>.text:_SlNonOsSpawn</name>
         <load_address>0x2000a9dc</load_address>
         <run_address>0x2000a9dc</run_address>
         <size>0x20</size>
         <input_file_ref idref="fl-15e"/>
      </object_component>
      <object_component id="oc-4dd">
         <name>.text:GPIOIntRegister</name>
         <load_address>0x2000a9fc</load_address>
         <run_address>0x2000a9fc</run_address>
         <size>0x1e</size>
         <input_file_ref idref="fl-162"/>
      </object_component>
      <object_component id="oc-188">
         <name>.text:UARTCharPut</name>
         <load_address>0x2000aa1a</load_address>
         <run_address>0x2000aa1a</run_address>
         <size>0x1e</size>
         <input_file_ref idref="fl-167"/>
      </object_component>
      <object_component id="oc-480">
         <name>.text:_SlDrvObjDeInit</name>
         <load_address>0x2000aa38</load_address>
         <run_address>0x2000aa38</run_address>
         <size>0x1c</size>
         <input_file_ref idref="fl-15a"/>
      </object_component>
      <object_component id="oc-13d">
         <name>.text</name>
         <load_address>0x2000aa54</load_address>
         <run_address>0x2000aa54</run_address>
         <size>0x1c</size>
         <input_file_ref idref="fl-6"/>
      </object_component>
      <object_component id="oc-56a">
         <name>.text</name>
         <load_address>0x2000aa70</load_address>
         <run_address>0x2000aa70</run_address>
         <size>0x1c</size>
         <input_file_ref idref="fl-155"/>
      </object_component>
      <object_component id="oc-2f6">
         <name>.text:uDMAChannelDisable</name>
         <load_address>0x2000aa8c</load_address>
         <run_address>0x2000aa8c</run_address>
         <size>0x1c</size>
         <input_file_ref idref="fl-168"/>
      </object_component>
      <object_component id="oc-2ea">
         <name>.text:uDMAChannelEnable</name>
         <load_address>0x2000aaa8</load_address>
         <run_address>0x2000aaa8</run_address>
         <size>0x1c</size>
         <input_file_ref idref="fl-168"/>
      </object_component>
      <object_component id="oc-2f0">
         <name>.text:uDMAChannelRequest</name>
         <load_address>0x2000aac4</load_address>
         <run_address>0x2000aac4</run_address>
         <size>0x1c</size>
         <input_file_ref idref="fl-168"/>
      </object_component>
      <object_component id="oc-696">
         <name>.text:CopyPingResultsToReport</name>
         <load_address>0x2000aae0</load_address>
         <run_address>0x2000aae0</run_address>
         <size>0x1a</size>
         <input_file_ref idref="fl-15c"/>
      </object_component>
      <object_component id="oc-4e9">
         <name>.text:GPIOIntEnable</name>
         <load_address>0x2000aafa</load_address>
         <run_address>0x2000aafa</run_address>
         <size>0x1a</size>
         <input_file_ref idref="fl-162"/>
      </object_component>
      <object_component id="oc-317">
         <name>.text:PinTypeUART</name>
         <load_address>0x2000ab14</load_address>
         <run_address>0x2000ab14</run_address>
         <size>0x1a</size>
         <input_file_ref idref="fl-164"/>
      </object_component>
      <object_component id="oc-472">
         <name>.text:SPIDmaDisable</name>
         <load_address>0x2000ab2e</load_address>
         <run_address>0x2000ab2e</run_address>
         <size>0x1a</size>
         <input_file_ref idref="fl-166"/>
      </object_component>
      <object_component id="oc-3cd">
         <name>.text:SPIDmaEnable</name>
         <load_address>0x2000ab48</load_address>
         <run_address>0x2000ab48</run_address>
         <size>0x1a</size>
         <input_file_ref idref="fl-166"/>
      </object_component>
      <object_component id="oc-46c">
         <name>.text:SPIFIFODisable</name>
         <load_address>0x2000ab62</load_address>
         <run_address>0x2000ab62</run_address>
         <size>0x1a</size>
         <input_file_ref idref="fl-166"/>
      </object_component>
      <object_component id="oc-3c7">
         <name>.text:SPIFIFOEnable</name>
         <load_address>0x2000ab7c</load_address>
         <run_address>0x2000ab7c</run_address>
         <size>0x1a</size>
         <input_file_ref idref="fl-166"/>
      </object_component>
      <object_component id="oc-466">
         <name>.text:SPIIntUnregister</name>
         <load_address>0x2000ab96</load_address>
         <run_address>0x2000ab96</run_address>
         <size>0x1a</size>
         <input_file_ref idref="fl-166"/>
      </object_component>
      <object_component id="oc-6bf">
         <name>.text:_SlDrvDeviceEventHandler</name>
         <load_address>0x2000abb0</load_address>
         <run_address>0x2000abb0</run_address>
         <size>0x1a</size>
         <input_file_ref idref="fl-159"/>
      </object_component>
      <object_component id="oc-33b">
         <name>.text</name>
         <load_address>0x2000abca</load_address>
         <run_address>0x2000abca</run_address>
         <size>0x1a</size>
         <input_file_ref idref="fl-142"/>
      </object_component>
      <object_component id="oc-4f5">
         <name>.text:GPIOPinRead</name>
         <load_address>0x2000abe4</load_address>
         <run_address>0x2000abe4</run_address>
         <size>0x18</size>
         <input_file_ref idref="fl-162"/>
      </object_component>
      <object_component id="oc-3a9">
         <name>.text:SPICSDisable</name>
         <load_address>0x2000abfc</load_address>
         <run_address>0x2000abfc</run_address>
         <size>0x18</size>
         <input_file_ref idref="fl-166"/>
      </object_component>
      <object_component id="oc-67f">
         <name>.text:SPICSEnable</name>
         <load_address>0x2000ac14</load_address>
         <run_address>0x2000ac14</run_address>
         <size>0x18</size>
         <input_file_ref idref="fl-166"/>
      </object_component>
      <object_component id="oc-3af">
         <name>.text:SPIDisable</name>
         <load_address>0x2000ac2c</load_address>
         <run_address>0x2000ac2c</run_address>
         <size>0x18</size>
         <input_file_ref idref="fl-166"/>
      </object_component>
      <object_component id="oc-3eb">
         <name>.text:SPIEnable</name>
         <load_address>0x2000ac44</load_address>
         <run_address>0x2000ac44</run_address>
         <size>0x18</size>
         <input_file_ref idref="fl-166"/>
      </object_component>
      <object_component id="oc-3a">
         <name>.text</name>
         <load_address>0x2000ac5c</load_address>
         <run_address>0x2000ac5c</run_address>
         <size>0x18</size>
         <input_file_ref idref="fl-148"/>
      </object_component>
      <object_component id="oc-536">
         <name>.text</name>
         <load_address>0x2000ac74</load_address>
         <run_address>0x2000ac74</run_address>
         <size>0x18</size>
         <input_file_ref idref="fl-153"/>
      </object_component>
      <object_component id="oc-289">
         <name>.text:PRCMHIBRegRead</name>
         <load_address>0x2000ac8c</load_address>
         <run_address>0x2000ac8c</run_address>
         <size>0x16</size>
         <input_file_ref idref="fl-165"/>
      </object_component>
      <object_component id="oc-28f">
         <name>.text:PRCMHIBRegWrite</name>
         <load_address>0x2000aca2</load_address>
         <run_address>0x2000aca2</run_address>
         <size>0x16</size>
         <input_file_ref idref="fl-165"/>
      </object_component>
      <object_component id="oc-194">
         <name>.text:UARTCharGet</name>
         <load_address>0x2000acb8</load_address>
         <run_address>0x2000acb8</run_address>
         <size>0x16</size>
         <input_file_ref idref="fl-167"/>
      </object_component>
      <object_component id="oc-2ba">
         <name>.text:uDMAIntRegister</name>
         <load_address>0x2000acce</load_address>
         <run_address>0x2000acce</run_address>
         <size>0x16</size>
         <input_file_ref idref="fl-168"/>
      </object_component>
      <object_component id="oc-27e">
         <name>.text:CPUcpsie</name>
         <load_address>0x2000ace4</load_address>
         <run_address>0x2000ace4</run_address>
         <size>0x14</size>
         <input_file_ref idref="fl-16a"/>
      </object_component>
      <object_component id="oc-4e3">
         <name>.text:GPIOIntClear</name>
         <load_address>0x2000acf8</load_address>
         <run_address>0x2000acf8</run_address>
         <size>0x14</size>
         <input_file_ref idref="fl-162"/>
      </object_component>
      <object_component id="oc-11f">
         <name>.text:IntVTableBaseSet</name>
         <load_address>0x2000ad0c</load_address>
         <run_address>0x2000ad0c</run_address>
         <size>0x14</size>
         <input_file_ref idref="fl-163"/>
      </object_component>
      <object_component id="oc-6b2">
         <name>.text:_SlDrvShiftDWord</name>
         <load_address>0x2000ad20</load_address>
         <run_address>0x2000ad20</run_address>
         <size>0x14</size>
         <input_file_ref idref="fl-15a"/>
      </object_component>
      <object_component id="oc-167">
         <name>.text</name>
         <load_address>0x2000ad34</load_address>
         <run_address>0x2000ad34</run_address>
         <size>0x14</size>
         <input_file_ref idref="fl-146"/>
      </object_component>
      <object_component id="oc-19a">
         <name>.text</name>
         <load_address>0x2000ad48</load_address>
         <run_address>0x2000ad48</run_address>
         <size>0x14</size>
         <input_file_ref idref="fl-144"/>
      </object_component>
      <object_component id="oc-2c6">
         <name>.text:uDMAControlBaseSet</name>
         <load_address>0x2000ad5c</load_address>
         <run_address>0x2000ad5c</run_address>
         <size>0x14</size>
         <input_file_ref idref="fl-168"/>
      </object_component>
      <object_component id="oc-2b4">
         <name>.text:uDMAIntClear</name>
         <load_address>0x2000ad70</load_address>
         <run_address>0x2000ad70</run_address>
         <size>0x14</size>
         <input_file_ref idref="fl-168"/>
      </object_component>
      <object_component id="oc-1c">
         <name>.text:decompress:ZI</name>
         <load_address>0x2000ad84</load_address>
         <run_address>0x2000ad84</run_address>
         <size>0x12</size>
         <input_file_ref idref="fl-13b"/>
      </object_component>
      <object_component id="oc-106">
         <name>.text:sl_NetAppMDNSUnRegisterService</name>
         <load_address>0x2000ad96</load_address>
         <run_address>0x2000ad96</run_address>
         <size>0x12</size>
         <input_file_ref idref="fl-15c"/>
      </object_component>
      <object_component id="oc-2fc">
         <name>.text:uDMAIntUnregister</name>
         <load_address>0x2000ada8</load_address>
         <run_address>0x2000ada8</run_address>
         <size>0x12</size>
         <input_file_ref idref="fl-168"/>
      </object_component>
      <object_component id="oc-42d">
         <name>.text:NwpMaskInterrupt</name>
         <load_address>0x2000adbc</load_address>
         <run_address>0x2000adbc</run_address>
         <size>0x10</size>
         <input_file_ref idref="fl-161"/>
      </object_component>
      <object_component id="oc-335">
         <name>.text</name>
         <load_address>0x2000adcc</load_address>
         <run_address>0x2000adcc</run_address>
         <size>0x10</size>
         <input_file_ref idref="fl-143"/>
      </object_component>
      <object_component id="oc-16">
         <name>.text:decompress:none</name>
         <load_address>0x2000addc</load_address>
         <run_address>0x2000addc</run_address>
         <size>0xe</size>
         <input_file_ref idref="fl-139"/>
      </object_component>
      <object_component id="oc-564">
         <name>.text</name>
         <load_address>0x2000adea</load_address>
         <run_address>0x2000adea</run_address>
         <size>0xe</size>
         <input_file_ref idref="fl-157"/>
      </object_component>
      <object_component id="oc-2c">
         <name>.text</name>
         <load_address>0x2000adf8</load_address>
         <run_address>0x2000adf8</run_address>
         <size>0xe</size>
         <input_file_ref idref="fl-7"/>
      </object_component>
      <object_component id="oc-677">
         <name>.text:NwpUnMaskInterrupt</name>
         <load_address>0x2000ae08</load_address>
         <run_address>0x2000ae08</run_address>
         <size>0xc</size>
         <input_file_ref idref="fl-161"/>
      </object_component>
      <object_component id="oc-302">
         <name>.text:uDMADisable</name>
         <load_address>0x2000ae14</load_address>
         <run_address>0x2000ae14</run_address>
         <size>0xc</size>
         <input_file_ref idref="fl-168"/>
      </object_component>
      <object_component id="oc-2c0">
         <name>.text:uDMAEnable</name>
         <load_address>0x2000ae20</load_address>
         <run_address>0x2000ae20</run_address>
         <size>0xc</size>
         <input_file_ref idref="fl-168"/>
      </object_component>
      <object_component id="oc-2ae">
         <name>.text:uDMAIntStatus</name>
         <load_address>0x2000ae2c</load_address>
         <run_address>0x2000ae2c</run_address>
         <size>0xc</size>
         <input_file_ref idref="fl-168"/>
      </object_component>
      <object_component id="oc-125">
         <name>.text:IntMasterEnable</name>
         <load_address>0x2000ae38</load_address>
         <run_address>0x2000ae38</run_address>
         <size>0xa</size>
         <input_file_ref idref="fl-163"/>
      </object_component>
      <object_component id="oc-1f3">
         <name>.text:_SlNonOsSemSet</name>
         <load_address>0x2000ae42</load_address>
         <run_address>0x2000ae42</run_address>
         <size>0x8</size>
         <input_file_ref idref="fl-15e"/>
      </object_component>
      <object_component id="oc-f4">
         <name>.text:sl_WlanDisconnect</name>
         <load_address>0x2000ae4a</load_address>
         <run_address>0x2000ae4a</run_address>
         <size>0x8</size>
         <input_file_ref idref="fl-160"/>
      </object_component>
      <object_component id="oc-324">
         <name>.text:UtilsDelay</name>
         <load_address>0x2000ae52</load_address>
         <run_address>0x2000ae52</run_address>
         <size>0x6</size>
         <input_file_ref idref="fl-169"/>
      </object_component>
      <object_component id="oc-22">
         <name>.text:decompress:rle24</name>
         <load_address>0x2000ae58</load_address>
         <run_address>0x2000ae58</run_address>
         <size>0x6</size>
         <input_file_ref idref="fl-13a"/>
      </object_component>
      <object_component id="oc-64b">
         <name>.const:.string:_ctypes_</name>
         <load_address>0x2000ae60</load_address>
         <run_address>0x2000ae60</run_address>
         <size>0x102</size>
         <input_file_ref idref="fl-14c"/>
      </object_component>
      <object_component id="oc-618">
         <name>.const:g_ulPinToPadMap</name>
         <load_address>0x2000af64</load_address>
         <run_address>0x2000af64</run_address>
         <size>0x100</size>
         <input_file_ref idref="fl-164"/>
      </object_component>
      <object_component id="oc-233">
         <name>.const</name>
         <load_address>0x2000b064</load_address>
         <run_address>0x2000b064</run_address>
         <size>0xec</size>
         <input_file_ref idref="fl-160"/>
      </object_component>
      <object_component id="oc-597">
         <name>.const:g_pulRegs</name>
         <load_address>0x2000b150</load_address>
         <run_address>0x2000b150</run_address>
         <size>0xd4</size>
         <input_file_ref idref="fl-163"/>
      </object_component>
      <object_component id="oc-4a2">
         <name>.const:PRCM_PeriphRegsList</name>
         <load_address>0x2000b224</load_address>
         <run_address>0x2000b224</run_address>
         <size>0xa8</size>
         <input_file_ref idref="fl-165"/>
      </object_component>
      <object_component id="oc-285">
         <name>.const</name>
         <load_address>0x2000b2cc</load_address>
         <run_address>0x2000b2cc</run_address>
         <size>0x80</size>
         <input_file_ref idref="fl-163"/>
      </object_component>
      <object_component id="oc-489">
         <name>.const</name>
         <load_address>0x2000b34c</load_address>
         <run_address>0x2000b34c</run_address>
         <size>0x4c</size>
         <input_file_ref idref="fl-15a"/>
      </object_component>
      <object_component id="oc-50d">
         <name>.const</name>
         <load_address>0x2000b398</load_address>
         <run_address>0x2000b398</run_address>
         <size>0x34</size>
         <input_file_ref idref="fl-15f"/>
      </object_component>
      <object_component id="oc-10c">
         <name>.const:$P$T1$2</name>
         <load_address>0x2000b3cc</load_address>
         <run_address>0x2000b3cc</run_address>
         <size>0x2c</size>
         <input_file_ref idref="fl-5"/>
      </object_component>
      <object_component id="oc-491">
         <name>.const</name>
         <load_address>0x2000b3f8</load_address>
         <run_address>0x2000b3f8</run_address>
         <size>0x28</size>
         <input_file_ref idref="fl-15c"/>
      </object_component>
      <object_component id="oc-68d">
         <name>.const:g_ppulSPIIntMap</name>
         <load_address>0x2000b420</load_address>
         <run_address>0x2000b420</run_address>
         <size>0x24</size>
         <input_file_ref idref="fl-166"/>
      </object_component>
      <object_component id="oc-118">
         <name>.const:.string:$P$T0$1</name>
         <load_address>0x2000b444</load_address>
         <run_address>0x2000b444</run_address>
         <size>0x22</size>
         <input_file_ref idref="fl-5"/>
      </object_component>
      <object_component id="oc-115">
         <name>.const</name>
         <load_address>0x2000b468</load_address>
         <run_address>0x2000b468</run_address>
         <size>0x20</size>
         <input_file_ref idref="fl-5"/>
      </object_component>
      <object_component id="oc-659">
         <name>.const</name>
         <load_address>0x2000b488</load_address>
         <run_address>0x2000b488</run_address>
         <size>0x18</size>
         <input_file_ref idref="fl-166"/>
      </object_component>
      <object_component id="oc-24a">
         <name>.const</name>
         <load_address>0x2000b4a0</load_address>
         <run_address>0x2000b4a0</run_address>
         <size>0x14</size>
         <input_file_ref idref="fl-159"/>
      </object_component>
      <object_component id="oc-368">
         <name>.const:.string</name>
         <load_address>0x2000b4b4</load_address>
         <run_address>0x2000b4b4</run_address>
         <size>0xd</size>
         <input_file_ref idref="fl-3"/>
      </object_component>
      <object_component id="oc-14f">
         <name>.const:.string</name>
         <load_address>0x2000b4c1</load_address>
         <run_address>0x2000b4c1</run_address>
         <size>0xc</size>
         <input_file_ref idref="fl-5"/>
      </object_component>
      <object_component id="oc-262">
         <name>.const</name>
         <load_address>0x2000b4d0</load_address>
         <run_address>0x2000b4d0</run_address>
         <size>0x8</size>
         <input_file_ref idref="fl-15d"/>
      </object_component>
      <object_component id="oc-714">
         <name>.cinit..data.load</name>
         <load_address>0x2000b4d8</load_address>
         <run_address>0x2000b4d8</run_address>
         <size>0x3c</size>
      </object_component>
      <object_component id="oc-712">
         <name>__TI_handler_table</name>
         <load_address>0x2000b514</load_address>
         <run_address>0x2000b514</run_address>
         <size>0xc</size>
      </object_component>
      <object_component id="oc-715">
         <name>.cinit..bss.load</name>
         <load_address>0x2000b520</load_address>
         <run_address>0x2000b520</run_address>
         <size>0x8</size>
      </object_component>
      <object_component id="oc-713">
         <name>__TI_cinit_table</name>
         <load_address>0x2000b528</load_address>
         <run_address>0x2000b528</run_address>
         <size>0x10</size>
      </object_component>
      <object_component id="oc-46">
         <name>.data</name>
         <load_address>0x200182f0</load_address>
         <run_address>0x200182f0</run_address>
         <size>0x4</size>
         <input_file_ref idref="fl-141"/>
      </object_component>
      <object_component id="oc-85">
         <name>.data</name>
         <load_address>0x200182e0</load_address>
         <run_address>0x200182e0</run_address>
         <size>0x8</size>
         <input_file_ref idref="fl-146"/>
      </object_component>
      <object_component id="oc-88">
         <name>.data</name>
         <load_address>0x200182e8</load_address>
         <run_address>0x200182e8</run_address>
         <size>0x8</size>
         <input_file_ref idref="fl-13c"/>
      </object_component>
      <object_component id="oc-bb">
         <name>.data</name>
         <load_address>0x200182c4</load_address>
         <run_address>0x200182c4</run_address>
         <size>0x10</size>
         <input_file_ref idref="fl-5"/>
      </object_component>
      <object_component id="oc-217">
         <name>.data</name>
         <load_address>0x200180d8</load_address>
         <run_address>0x200180d8</run_address>
         <size>0x170</size>
         <input_file_ref idref="fl-15a"/>
      </object_component>
      <object_component id="oc-393">
         <name>.data</name>
         <load_address>0x200182d4</load_address>
         <run_address>0x200182d4</run_address>
         <size>0xc</size>
         <input_file_ref idref="fl-13f"/>
      </object_component>
      <object_component id="oc-3f1">
         <name>.data</name>
         <load_address>0x20018248</load_address>
         <run_address>0x20018248</run_address>
         <size>0x5c</size>
         <input_file_ref idref="fl-161"/>
      </object_component>
      <object_component id="oc-4fb">
         <name>.data</name>
         <load_address>0x200182a4</load_address>
         <run_address>0x200182a4</run_address>
         <size>0x20</size>
         <input_file_ref idref="fl-4"/>
      </object_component>
      <object_component id="oc-be">
         <name>.bss:g_ucConnectionSSID</name>
         <uninitialized>true</uninitialized>
         <run_address>0x20017898</run_address>
         <size>0x24</size>
         <input_file_ref idref="fl-5"/>
      </object_component>
      <object_component id="oc-228">
         <name>.bss:g__SlNonOsCB</name>
         <uninitialized>true</uninitialized>
         <run_address>0x20017870</run_address>
         <size>0x28</size>
         <input_file_ref idref="fl-15e"/>
      </object_component>
      <object_component id="oc-30b">
         <name>.bss:gpCtlTbl</name>
         <uninitialized>true</uninitialized>
         <run_address>0x20017000</run_address>
         <size>0x400</size>
         <input_file_ref idref="fl-9"/>
      </object_component>
      <object_component id="oc-30e">
         <name>.bss:gfpAppCallbackHndl</name>
         <uninitialized>true</uninitialized>
         <run_address>0x20017770</run_address>
         <size>0x100</size>
         <input_file_ref idref="fl-9"/>
      </object_component>
      <object_component id="oc-32b">
         <name>.bss:netEntries</name>
         <uninitialized>true</uninitialized>
         <run_address>0x20017400</run_address>
         <size>0x370</size>
         <input_file_ref idref="fl-2"/>
      </object_component>
      <object_component id="oc-365">
         <name>.common:g_cBsdBuf</name>
         <uninitialized>true</uninitialized>
         <run_address>0x200178c8</run_address>
         <size>0x4</size>
      </object_component>
      <object_component id="oc-4fe">
         <name>.common:g_ucLED1Pin</name>
         <uninitialized>true</uninitialized>
         <run_address>0x200178cd</run_address>
         <size>0x1</size>
      </object_component>
      <object_component id="oc-4ff">
         <name>.common:g_ucLED2Pin</name>
         <uninitialized>true</uninitialized>
         <run_address>0x200178ce</run_address>
         <size>0x1</size>
      </object_component>
      <object_component id="oc-500">
         <name>.common:g_ucLED3Pin</name>
         <uninitialized>true</uninitialized>
         <run_address>0x200178cf</run_address>
         <size>0x1</size>
      </object_component>
      <object_component id="oc-c9">
         <name>.common:g_ucConnectionBSSID</name>
         <uninitialized>true</uninitialized>
         <run_address>0x200178bc</run_address>
         <size>0x8</size>
      </object_component>
      <object_component id="oc-1ac">
         <name>.common:__Errorlog</name>
         <uninitialized>true</uninitialized>
         <run_address>0x200178c4</run_address>
         <size>0x4</size>
      </object_component>
      <object_component id="oc-308">
         <name>.common:iDone</name>
         <uninitialized>true</uninitialized>
         <run_address>0x200178d0</run_address>
         <size>0x1</size>
      </object_component>
      <object_component id="oc-6cc">
         <name>.common:g_cDummy</name>
         <uninitialized>true</uninitialized>
         <run_address>0x200178cc</run_address>
         <size>0x1</size>
      </object_component>
      <object_component id="oc-29">
         <name>.sysmem</name>
         <uninitialized>true</uninitialized>
         <run_address>0x200178d8</run_address>
         <size>0x8</size>
         <input_file_ref idref="fl-13f"/>
      </object_component>
      <object_component id="oc-717">
         <name>.sysmem</name>
         <uninitialized>true</uninitialized>
         <run_address>0x200178d8</run_address>
         <size>0x0</size>
      </object_component>
      <object_component id="oc-28">
         <name>.stack</name>
         <uninitialized>true</uninitialized>
         <run_address>0x2002f800</run_address>
         <size>0x0</size>
         <input_file_ref idref="fl-138"/>
      </object_component>
      <object_component id="oc-716">
         <name>.stack</name>
         <uninitialized>true</uninitialized>
         <run_address>0x2002f800</run_address>
         <size>0x0</size>
      </object_component>
      <object_component id="oc-f">
         <name>.debug_info</name>
         <load_address>0x0</load_address>
         <run_address>0x0</run_address>
         <size>0xf3</size>
         <input_file_ref idref="fl-7"/>
      </object_component>
      <object_component id="oc-12">
         <name>.debug_info</name>
         <load_address>0xf3</load_address>
         <run_address>0xf3</run_address>
         <size>0x10b</size>
         <input_file_ref idref="fl-138"/>
      </object_component>
      <object_component id="oc-18">
         <name>.debug_info</name>
         <load_address>0x1fe</load_address>
         <run_address>0x1fe</run_address>
         <size>0x1ac</size>
         <input_file_ref idref="fl-139"/>
      </object_component>
      <object_component id="oc-1f">
         <name>.debug_info</name>
         <load_address>0x3aa</load_address>
         <run_address>0x3aa</run_address>
         <size>0x182</size>
         <input_file_ref idref="fl-13b"/>
      </object_component>
      <object_component id="oc-26">
         <name>.debug_info</name>
         <load_address>0x52c</load_address>
         <run_address>0x52c</run_address>
         <size>0x1a6</size>
         <input_file_ref idref="fl-13a"/>
      </object_component>
      <object_component id="oc-2a">
         <name>.debug_info</name>
         <load_address>0x6d2</load_address>
         <run_address>0x6d2</run_address>
         <size>0xce</size>
         <input_file_ref idref="fl-13f"/>
      </object_component>
      <object_component id="oc-2d">
         <name>.debug_info</name>
         <load_address>0x7a0</load_address>
         <run_address>0x7a0</run_address>
         <size>0x414</size>
         <input_file_ref idref="fl-7"/>
      </object_component>
      <object_component id="oc-34">
         <name>.debug_info</name>
         <load_address>0xbb4</load_address>
         <run_address>0xbb4</run_address>
         <size>0x10e</size>
         <input_file_ref idref="fl-7"/>
      </object_component>
      <object_component id="oc-37">
         <name>.debug_info</name>
         <load_address>0xcc2</load_address>
         <run_address>0xcc2</run_address>
         <size>0x155</size>
         <input_file_ref idref="fl-14a"/>
      </object_component>
      <object_component id="oc-3b">
         <name>.debug_info</name>
         <load_address>0xe17</load_address>
         <run_address>0xe17</run_address>
         <size>0x134</size>
         <input_file_ref idref="fl-148"/>
      </object_component>
      <object_component id="oc-41">
         <name>.debug_info</name>
         <load_address>0xf4b</load_address>
         <run_address>0xf4b</run_address>
         <size>0x1da</size>
         <input_file_ref idref="fl-13c"/>
      </object_component>
      <object_component id="oc-47">
         <name>.debug_info</name>
         <load_address>0x1125</load_address>
         <run_address>0x1125</run_address>
         <size>0xd6</size>
         <input_file_ref idref="fl-141"/>
      </object_component>
      <object_component id="oc-4d">
         <name>.debug_info</name>
         <load_address>0x11fb</load_address>
         <run_address>0x11fb</run_address>
         <size>0xe4</size>
         <input_file_ref idref="fl-13d"/>
      </object_component>
      <object_component id="oc-50">
         <name>.debug_info</name>
         <load_address>0x12df</load_address>
         <run_address>0x12df</run_address>
         <size>0x46</size>
         <input_file_ref idref="fl-139"/>
      </object_component>
      <object_component id="oc-55">
         <name>.debug_info</name>
         <load_address>0x1325</load_address>
         <run_address>0x1325</run_address>
         <size>0x10a</size>
         <input_file_ref idref="fl-139"/>
      </object_component>
      <object_component id="oc-57">
         <name>.debug_info</name>
         <load_address>0x142f</load_address>
         <run_address>0x142f</run_address>
         <size>0x46</size>
         <input_file_ref idref="fl-13b"/>
      </object_component>
      <object_component id="oc-5c">
         <name>.debug_info</name>
         <load_address>0x1475</load_address>
         <run_address>0x1475</run_address>
         <size>0xc5</size>
         <input_file_ref idref="fl-13b"/>
      </object_component>
      <object_component id="oc-61">
         <name>.debug_info</name>
         <load_address>0x153a</load_address>
         <run_address>0x153a</run_address>
         <size>0x207</size>
[...]
         <name>_SlSendCmdCtrl</name>
         <value>0x2000b3b0</value>
         <object_component_ref idref="oc-50d"/>
      </symbol>
      <symbol id="sm-a86">
         <name>_sl_BuildAddress</name>
         <value>0x2000a811</value>
         <object_component_ref idref="oc-518"/>
      </symbol>
      <symbol id="sm-a87">
         <name>sl_Send</name>
         <value>0x200089fd</value>
         <object_component_ref idref="oc-35f"/>
      </symbol>
      <symbol id="sm-a88">
         <name>_sl_HandleAsync_Connect</name>
         <value>0x2000991d</value>
         <object_component_ref idref="oc-5e3"/>
      </symbol>
      <symbol id="sm-a89">
         <name>sl_Htonl</name>
         <value>0x2000a531</value>
         <object_component_ref idref="oc-347"/>
      </symbol>
      <symbol id="sm-a8a">
         <name>sl_Htons</name>
         <value>0x2000a639</value>
         <object_component_ref idref="oc-341"/>
      </symbol>
      <symbol id="sm-a8b">
         <name>_SlSelectCmdCtrl</name>
         <value>0x2000b3c8</value>
         <object_component_ref idref="oc-50d"/>
      </symbol>
      <symbol id="sm-a8c">
         <name>sl_Connect</name>
         <value>0x20008455</value>
         <object_component_ref idref="oc-353"/>
      </symbol>
      <symbol id="sm-a8d">
         <name>sl_Socket</name>
         <value>0x2000a75d</value>
         <object_component_ref idref="oc-34d"/>
      </symbol>
      <symbol id="sm-a8e">
         <name>_sl_HandleAsync_Select</name>
         <value>0x20009be1</value>
         <object_component_ref idref="oc-5e9"/>
      </symbol>
      <symbol id="sm-a8f">
         <name>_SlSockSocketCmdCtrl</name>
         <value>0x2000b3a4</value>
         <object_component_ref idref="oc-50d"/>
      </symbol>
      <symbol id="sm-a90">
         <name>_SlRecvfomCmdCtrl</name>
         <value>0x2000b3ac</value>
         <object_component_ref idref="oc-50d"/>
      </symbol>
      <symbol id="sm-a91">
         <name>_SlSetSockOptCmdCtrl</name>
         <value>0x2000b3c0</value>
         <object_component_ref idref="oc-50d"/>
      </symbol>
      <symbol id="sm-a92">
         <name>_SlAcceptCmdCtrl</name>
         <value>0x2000b3b8</value>
         <object_component_ref idref="oc-50d"/>
      </symbol>
      <symbol id="sm-a93">
         <name>_SlListenCmdCtrl</name>
         <value>0x2000b3b4</value>
         <object_component_ref idref="oc-50d"/>
      </symbol>
      <symbol id="sm-a94">
         <name>_SlRecvCmdCtrl</name>
         <value>0x2000b3bc</value>
         <object_component_ref idref="oc-50d"/>
      </symbol>
      <symbol id="sm-a95">
         <name>_SlGetSockOptCmdCtrl</name>
         <value>0x2000b3c4</value>
         <object_component_ref idref="oc-50d"/>
      </symbol>
      <symbol id="sm-a96">
         <name>_sl_TruncatePayloadByProtocol</name>
         <value>0x200098ad</value>
         <object_component_ref idref="oc-520"/>
      </symbol>
      <symbol id="sm-a97">
         <name>sl_Close</name>
         <value>0x2000a8f1</value>
         <object_component_ref idref="oc-359"/>
      </symbol>
      <symbol id="sm-a98">
         <name>_sl_HandleAsync_Accept</name>
         <value>0x20009989</value>
         <object_component_ref idref="oc-5dd"/>
      </symbol>
      <symbol id="sm-b16">
         <name>sl_WlanDisconnect</name>
         <value>0x2000ae4b</value>
         <object_component_ref idref="oc-f4"/>
      </symbol>
      <symbol id="sm-b17">
         <name>_SlPolicyGetCmdCtrl</name>
         <value>0x2000b06c</value>
         <object_component_ref idref="oc-233"/>
      </symbol>
      <symbol id="sm-b18">
         <name>_SlPolicySetCmdCtrl</name>
         <value>0x2000b068</value>
         <object_component_ref idref="oc-233"/>
      </symbol>
      <symbol id="sm-b19">
         <name>_SlRxFilterGetCmdCtrl</name>
         <value>0x2000b084</value>
         <object_component_ref idref="oc-233"/>
      </symbol>
      <symbol id="sm-b1a">
         <name>_SlRxFilterSetCmdCtrl</name>
         <value>0x2000b080</value>
         <object_component_ref idref="oc-233"/>
      </symbol>
      <symbol id="sm-b1b">
         <name>_SlProfileGetCmdCtrl</name>
         <value>0x2000b070</value>
         <object_component_ref idref="oc-233"/>
      </symbol>
      <symbol id="sm-b1c">
         <name>_SlWlanGetNetworkListCtrl</name>
         <value>0x2000b078</value>
         <object_component_ref idref="oc-233"/>
      </symbol>
      <symbol id="sm-b1d">
         <name>sl_WlanPolicySet</name>
         <value>0x2000a389</value>
         <object_component_ref idref="oc-e8"/>
      </symbol>
      <symbol id="sm-b1e">
         <name>_SlProfileDelCmdCtrl</name>
         <value>0x2000b074</value>
         <object_component_ref idref="oc-233"/>
      </symbol>
      <symbol id="sm-b1f">
         <name>_SlWlanSetModeCmdCtrl</name>
         <value>0x2000b08c</value>
         <object_component_ref idref="oc-233"/>
      </symbol>
      <symbol id="sm-b20">
         <name>_SlWlanCfgSetCmdCtrl</name>
         <value>0x2000b090</value>
         <object_component_ref idref="oc-233"/>
      </symbol>
      <symbol id="sm-b21">
         <name>_SlWlanCfgGetCmdCtrl</name>
         <value>0x2000b094</value>
         <object_component_ref idref="oc-233"/>
      </symbol>
      <symbol id="sm-b22">
         <name>sl_WlanProfileDel</name>
         <value>0x2000a915</value>
         <object_component_ref idref="oc-ee"/>
      </symbol>
      <symbol id="sm-b23">
         <name>_SlRxFilterAddtCmdCtrl</name>
         <value>0x2000b07c</value>
         <object_component_ref idref="oc-233"/>
      </symbol>
      <symbol id="sm-b24">
         <name>sl_WlanRxFilterSet</name>
         <value>0x2000a3c9</value>
         <object_component_ref idref="oc-10f"/>
      </symbol>
      <symbol id="sm-b25">
         <name>sl_WlanConnect</name>
         <value>0x20007671</value>
         <object_component_ref idref="oc-119"/>
      </symbol>
      <symbol id="sm-b26">
         <name>sl_WlanSet</name>
         <value>0x2000a0ed</value>
         <object_component_ref idref="oc-100"/>
      </symbol>
      <symbol id="sm-b27">
         <name>_SlSmartConfigStartCmdCtrl</name>
         <value>0x2000b088</value>
         <object_component_ref idref="oc-233"/>
      </symbol>
      <symbol id="sm-b28">
         <name>sl_WlanGetNetworkList</name>
         <value>0x20009e49</value>
         <object_component_ref idref="oc-325"/>
      </symbol>
      <symbol id="sm-b29">
         <name>sl_WlanSetMode</name>
         <value>0x2000a839</value>
         <object_component_ref idref="oc-d6"/>
      </symbol>
      <symbol id="sm-bee">
         <name>g_cDummy</name>
         <value>0x200178cc</value>
      </symbol>
      <symbol id="sm-bef">
         <name>NwpMaskInterrupt</name>
         <value>0x2000adbd</value>
         <object_component_ref idref="oc-42d"/>
      </symbol>
      <symbol id="sm-bf0">
         <name>NwpRegisterInterruptHandler</name>
         <value>0x2000a4f9</value>
         <object_component_ref idref="oc-1ff"/>
      </symbol>
      <symbol id="sm-bf1">
         <name>NwpPowerOnPreamble</name>
         <value>0x200094e5</value>
         <object_component_ref idref="oc-1d5"/>
      </symbol>
      <symbol id="sm-bf2">
         <name>g_pHostIntHdl</name>
         <value>0x2001824c</value>
         <object_component_ref idref="oc-3f1"/>
      </symbol>
      <symbol id="sm-bf3">
         <name>NwpUnMaskInterrupt</name>
         <value>0x2000ae09</value>
         <object_component_ref idref="oc-677"/>
      </symbol>
      <symbol id="sm-bf4">
         <name>g_ucDinDout</name>
         <value>0x20018254</value>
         <object_component_ref idref="oc-3f1"/>
      </symbol>
      <symbol id="sm-bf5">
         <name>NwpPowerOff</name>
         <value>0x2000a409</value>
         <object_component_ref idref="oc-1f9"/>
      </symbol>
      <symbol id="sm-bf6">
         <name>spi_Read</name>
         <value>0x200086f9</value>
         <object_component_ref idref="oc-66b"/>
      </symbol>
      <symbol id="sm-bf7">
         <name>DmaSpiSwIntHandler</name>
         <value>0x2000a861</value>
         <object_component_ref idref="oc-3f4"/>
      </symbol>
      <symbol id="sm-bf8">
         <name>NwpPowerOn</name>
         <value>0x2000a66d</value>
         <object_component_ref idref="oc-205"/>
      </symbol>
      <symbol id="sm-bf9">
         <name>spi_Close</name>
         <value>0x20009839</value>
         <object_component_ref idref="oc-23e"/>
      </symbol>
      <symbol id="sm-bfa">
         <name>spi_Write</name>
         <value>0x20008541</value>
         <object_component_ref idref="oc-5ca"/>
      </symbol>
      <symbol id="sm-bfb">
         <name>spi_Open</name>
         <value>0x20007cf9</value>
         <object_component_ref idref="oc-1e1"/>
      </symbol>
      <symbol id="sm-bfc">
         <name>g_ucDMAEnabled</name>
         <value>0x20018250</value>
         <object_component_ref idref="oc-3f1"/>
      </symbol>
      <symbol id="sm-bfd">
         <name>g_SpiFd</name>
         <value>0x20018248</value>
         <object_component_ref idref="oc-3f1"/>
      </symbol>
      <symbol id="sm-c49">
         <name>GPIOIntRegister</name>
         <value>0x2000a9fd</value>
         <object_component_ref idref="oc-4dd"/>
      </symbol>
      <symbol id="sm-c4a">
         <name>GPIOIntEnable</name>
         <value>0x2000aafb</value>
         <object_component_ref idref="oc-4e9"/>
      </symbol>
      <symbol id="sm-c4b">
         <name>GPIOIntTypeSet</name>
         <value>0x20009461</value>
         <object_component_ref idref="oc-4d7"/>
      </symbol>
      <symbol id="sm-c4c">
         <name>GPIOIntClear</name>
         <value>0x2000acf9</value>
         <object_component_ref idref="oc-4e3"/>
      </symbol>
      <symbol id="sm-c4d">
         <name>GPIOPinRead</name>
         <value>0x2000abe5</value>
         <object_component_ref idref="oc-4f5"/>
      </symbol>
      <symbol id="sm-c4e">
         <name>GPIOPinWrite</name>
         <value>0x2000a97d</value>
         <object_component_ref idref="oc-4ef"/>
      </symbol>
      <symbol id="sm-cd4">
         <name>IntPendClear</name>
         <value>0x20009c99</value>
         <object_component_ref idref="oc-416"/>
      </symbol>
      <symbol id="sm-cd5">
         <name>IntPrioritySet</name>
         <value>0x20009da1</value>
         <object_component_ref idref="oc-3df"/>
      </symbol>
      <symbol id="sm-cd6">
         <name>IntVTableBaseSet</name>
         <value>0x2000ad0d</value>
         <object_component_ref idref="oc-11f"/>
      </symbol>
      <symbol id="sm-cd7">
         <name>IntEnable</name>
         <value>0x20008b55</value>
         <object_component_ref idref="oc-12b"/>
      </symbol>
      <symbol id="sm-cd8">
         <name>IntDisable</name>
         <value>0x20008aad</value>
         <object_component_ref idref="oc-40a"/>
      </symbol>
      <symbol id="sm-cd9">
         <name>IntRegister</name>
         <value>0x2000a99d</value>
         <object_component_ref idref="oc-3d9"/>
      </symbol>
      <symbol id="sm-cda">
         <name>IntUnregister</name>
         <value>0x2000a885</value>
         <object_component_ref idref="oc-410"/>
      </symbol>
      <symbol id="sm-cdb">
         <name>IntMasterEnable</name>
         <value>0x2000ae39</value>
         <object_component_ref idref="oc-125"/>
      </symbol>
      <symbol id="sm-d08">
         <name>PinTypeUART</name>
         <value>0x2000ab15</value>
         <object_component_ref idref="oc-317"/>
      </symbol>
      <symbol id="sm-d09">
         <name>PinConfigSet</name>
         <value>0x200090b1</value>
         <object_component_ref idref="oc-4d0"/>
      </symbol>
      <symbol id="sm-d0a">
         <name>PinModeSet</name>
         <value>0x2000a289</value>
         <object_component_ref idref="oc-4ca"/>
      </symbol>
      <symbol id="sm-d99">
         <name>PRCMPeripheralReset</name>
         <value>0x20009cf1</value>
         <object_component_ref idref="oc-29b"/>
      </symbol>
      <symbol id="sm-d9a">
         <name>PRCMPeripheralClkEnable</name>
         <value>0x2000a445</value>
         <object_component_ref idref="oc-295"/>
      </symbol>
      <symbol id="sm-d9b">
         <name>PRCMPeripheralClockGet</name>
         <value>0x20008dd1</value>
         <object_component_ref idref="oc-17c"/>
      </symbol>
      <symbol id="sm-d9c">
         <name>PRCMCC3200MCUInit</name>
         <value>0x20007bc5</value>
         <object_component_ref idref="oc-131"/>
      </symbol>
      <symbol id="sm-d9d">
         <name>PRCMHIBRegWrite</name>
         <value>0x2000aca3</value>
         <object_component_ref idref="oc-28f"/>
      </symbol>
      <symbol id="sm-d9e">
         <name>PRCMSysResetCauseGet</name>
         <value>0x2000a7bd</value>
         <object_component_ref idref="oc-2a7"/>
      </symbol>
      <symbol id="sm-d9f">
         <name>PRCMPeripheralStatusGet</name>
         <value>0x2000a569</value>
         <object_component_ref idref="oc-3c1"/>
      </symbol>
      <symbol id="sm-da0">
         <name>PRCMPeripheralClkDisable</name>
         <value>0x2000a7e9</value>
         <object_component_ref idref="oc-2a1"/>
      </symbol>
      <symbol id="sm-da1">
         <name>PRCMHIBRegRead</name>
         <value>0x2000ac8d</value>
         <object_component_ref idref="oc-289"/>
      </symbol>
      <symbol id="sm-e5c">
         <name>SPIFIFODisable</name>
         <value>0x2000ab63</value>
         <object_component_ref idref="oc-46c"/>
      </symbol>
      <symbol id="sm-e5d">
         <name>SPICSEnable</name>
         <value>0x2000ac15</value>
         <object_component_ref idref="oc-67f"/>
      </symbol>
      <symbol id="sm-e5e">
         <name>SPIDisable</name>
         <value>0x2000ac2d</value>
         <object_component_ref idref="oc-3af"/>
      </symbol>
      <symbol id="sm-e5f">
         <name>SPIFIFOEnable</name>
         <value>0x2000ab7d</value>
         <object_component_ref idref="oc-3c7"/>
      </symbol>
      <symbol id="sm-e60">
         <name>SPIWordCountSet</name>
         <value>0x2000a95b</value>
         <object_component_ref idref="oc-685"/>
      </symbol>
      <symbol id="sm-e61">
         <name>SPIEnable</name>
         <value>0x2000ac45</value>
         <object_component_ref idref="oc-3eb"/>
      </symbol>
      <symbol id="sm-e62">
         <name>SPIDmaEnable</name>
         <value>0x2000ab49</value>
         <object_component_ref idref="oc-3cd"/>
      </symbol>
      <symbol id="sm-e63">
         <name>SPIConfigSetExpClk</name>
         <value>0x20008bfd</value>
         <object_component_ref idref="oc-3bb"/>
      </symbol>
      <symbol id="sm-e64">
         <name>SPIIntUnregister</name>
         <value>0x2000ab97</value>
         <object_component_ref idref="oc-466"/>
      </symbol>
      <symbol id="sm-e65">
         <name>SPIFIFOLevelSet</name>
         <value>0x2000a59d</value>
         <object_component_ref idref="oc-3d3"/>
      </symbol>
      <symbol id="sm-e66">
         <name>SPIDmaDisable</name>
         <value>0x2000ab2f</value>
         <object_component_ref idref="oc-472"/>
      </symbol>
      <symbol id="sm-e67">
         <name>SPIReset</name>
         <value>0x2000a939</value>
         <object_component_ref idref="oc-3b5"/>
      </symbol>
      <symbol id="sm-e68">
         <name>SPIIntEnable</name>
         <value>0x20009e99</value>
         <object_component_ref idref="oc-3e5"/>
      </symbol>
      <symbol id="sm-e69">
         <name>SPIIntClear</name>
         <value>0x2000a05d</value>
         <object_component_ref idref="oc-5a5"/>
      </symbol>
      <symbol id="sm-e6a">
         <name>SPICSDisable</name>
         <value>0x2000abfd</value>
         <object_component_ref idref="oc-3a9"/>
      </symbol>
      <symbol id="sm-e9b">
         <name>UARTConfigSetExpClk</name>
         <value>0x200097c1</value>
         <object_component_ref idref="oc-182"/>
      </symbol>
      <symbol id="sm-e9c">
         <name>UARTDisable</name>
         <value>0x2000a69d</value>
         <object_component_ref idref="oc-36e"/>
      </symbol>
      <symbol id="sm-e9d">
         <name>UARTCharPut</name>
         <value>0x2000aa1b</value>
         <object_component_ref idref="oc-188"/>
      </symbol>
      <symbol id="sm-e9e">
         <name>UARTEnable</name>
         <value>0x2000a8a9</value>
         <object_component_ref idref="oc-374"/>
      </symbol>
      <symbol id="sm-e9f">
         <name>UARTCharGet</name>
         <value>0x2000acb9</value>
         <object_component_ref idref="oc-194"/>
      </symbol>
      <symbol id="sm-f4c">
         <name>uDMAChannelControlSet</name>
         <value>0x2000a4bd</value>
         <object_component_ref idref="oc-2d8"/>
      </symbol>
      <symbol id="sm-f4d">
         <name>uDMAIntClear</name>
         <value>0x2000ad71</value>
         <object_component_ref idref="oc-2b4"/>
      </symbol>
      <symbol id="sm-f4e">
         <name>uDMAChannelDisable</name>
         <value>0x2000aa8d</value>
         <object_component_ref idref="oc-2f6"/>
      </symbol>
      <symbol id="sm-f4f">
         <name>uDMAIntUnregister</name>
         <value>0x2000ada9</value>
         <object_component_ref idref="oc-2fc"/>
      </symbol>
      <symbol id="sm-f50">
         <name>uDMAChannelAttributeEnable</name>
         <value>0x20009abd</value>
         <object_component_ref idref="oc-2de"/>
      </symbol>
      <symbol id="sm-f51">
         <name>uDMADisable</name>
         <value>0x2000ae15</value>
         <object_component_ref idref="oc-302"/>
      </symbol>
      <symbol id="sm-f52">
         <name>uDMAChannelTransferSet</name>
         <value>0x20008365</value>
         <object_component_ref idref="oc-2e4"/>
      </symbol>
      <symbol id="sm-f53">
         <name>uDMAIntStatus</name>
         <value>0x2000ae2d</value>
         <object_component_ref idref="oc-2ae"/>
      </symbol>
      <symbol id="sm-f54">
         <name>uDMAChannelAssign</name>
         <value>0x20009f7d</value>
         <object_component_ref idref="oc-2cc"/>
      </symbol>
      <symbol id="sm-f55">
         <name>uDMAIntRegister</name>
         <value>0x2000accf</value>
         <object_component_ref idref="oc-2ba"/>
      </symbol>
      <symbol id="sm-f56">
         <name>uDMAEnable</name>
         <value>0x2000ae21</value>
         <object_component_ref idref="oc-2c0"/>
      </symbol>
      <symbol id="sm-f57">
         <name>uDMAControlBaseSet</name>
         <value>0x2000ad5d</value>
         <object_component_ref idref="oc-2c6"/>
      </symbol>
      <symbol id="sm-f58">
         <name>uDMAChannelAttributeDisable</name>
         <value>0x20009a59</value>
         <object_component_ref idref="oc-2d2"/>
      </symbol>
      <symbol id="sm-f59">
         <name>uDMAChannelEnable</name>
         <value>0x2000aaa9</value>
         <object_component_ref idref="oc-2ea"/>
      </symbol>
      <symbol id="sm-f5a">
         <name>uDMAChannelRequest</name>
         <value>0x2000aac5</value>
         <object_component_ref idref="oc-2f0"/>
      </symbol>
      <symbol id="sm-f5e">
         <name>UtilsDelay</name>
         <value>0x2000ae53</value>
         <object_component_ref idref="oc-324"/>
      </symbol>
      <symbol id="sm-f68">
         <name>CPUcpsie</name>
         <value>0x2000ace5</value>
         <object_component_ref idref="oc-27e"/>
      </symbol>
      <symbol id="sm-f6b">
         <name>__TI_static_base__</name>
         <value>0x2000b4d8</value>
      </symbol>
      <symbol id="sm-f6c">
         <name>__TI_args_main</name>
         <value>0x1</value>
      </symbol>
      <symbol id="sm-f6d">
         <name>SHT$$INIT_ARRAY$$Limit</name>
         <value>0x0</value>
      </symbol>
      <symbol id="sm-f6e">
         <name>SHT$$INIT_ARRAY$$Base</name>
         <value>0x0</value>
      </symbol>
   </symbol_table>
   <title>Link successful</title>
</link_info>
